Component: ARM Compiler 5.06 update 7 (build 960) Tool: armlink [4d3601]

==============================================================================

Section Cross References

    startup_stm32f103xb.o(STACK) refers (Special) to heapauxi.o(.text) for __use_two_region_memory
    startup_stm32f103xb.o(HEAP) refers (Special) to heapauxi.o(.text) for __use_two_region_memory
    startup_stm32f103xb.o(RESET) refers (Special) to heapauxi.o(.text) for __use_two_region_memory
    startup_stm32f103xb.o(RESET) refers to startup_stm32f103xb.o(STACK) for __initial_sp
    startup_stm32f103xb.o(RESET) refers to startup_stm32f103xb.o(.text) for Reset_Handler
    startup_stm32f103xb.o(RESET) refers to stm32f1xx_it.o(i.NMI_Handler) for NMI_Handler
    startup_stm32f103xb.o(RESET) refers to stm32f1xx_it.o(i.HardFault_Handler) for HardFault_Handler
    startup_stm32f103xb.o(RESET) refers to stm32f1xx_it.o(i.MemManage_Handler) for MemManage_Handler
    startup_stm32f103xb.o(RESET) refers to stm32f1xx_it.o(i.BusFault_Handler) for BusFault_Handler
    startup_stm32f103xb.o(RESET) refers to stm32f1xx_it.o(i.UsageFault_Handler) for UsageFault_Handler
    startup_stm32f103xb.o(RESET) refers to stm32f1xx_it.o(i.SVC_Handler) for SVC_Handler
    startup_stm32f103xb.o(RESET) refers to stm32f1xx_it.o(i.DebugMon_Handler) for DebugMon_Handler
    startup_stm32f103xb.o(RESET) refers to stm32f1xx_it.o(i.PendSV_Handler) for PendSV_Handler
    startup_stm32f103xb.o(RESET) refers to stm32f1xx_it.o(i.SysTick_Handler) for SysTick_Handler
    startup_stm32f103xb.o(.text) refers (Special) to heapauxi.o(.text) for __use_two_region_memory
    startup_stm32f103xb.o(.text) refers to system_stm32f1xx.o(i.SystemInit) for SystemInit
    startup_stm32f103xb.o(.text) refers to __main.o(!!!main) for __main
    startup_stm32f103xb.o(.text) refers to startup_stm32f103xb.o(HEAP) for Heap_Mem
    startup_stm32f103xb.o(.text) refers to startup_stm32f103xb.o(STACK) for Stack_Mem
    main.o(i.MX_USART2_UART_Init) refers to stm32f1xx_hal_uart.o(i.HAL_UART_Init) for HAL_UART_Init
    main.o(i.MX_USART2_UART_Init) refers to main.o(i.Error_Handler) for Error_Handler
    main.o(i.MX_USART2_UART_Init) refers to main.o(.bss) for huart2
    main.o(i.SystemClock_Config) refers to rt_memclr_w.o(.text) for __aeabi_memclr4
    main.o(i.SystemClock_Config) refers to stm32f1xx_hal_rcc.o(i.HAL_RCC_OscConfig) for HAL_RCC_OscConfig
    main.o(i.SystemClock_Config) refers to main.o(i.Error_Handler) for Error_Handler
    main.o(i.SystemClock_Config) refers to stm32f1xx_hal_rcc.o(i.HAL_RCC_ClockConfig) for HAL_RCC_ClockConfig
    main.o(i.main) refers to stm32f1xx_hal.o(i.HAL_Init) for HAL_Init
    main.o(i.main) refers to main.o(i.SystemClock_Config) for SystemClock_Config
    main.o(i.main) refers to main.o(i.MX_GPIO_Init) for MX_GPIO_Init
    main.o(i.main) refers to main.o(i.MX_USART2_UART_Init) for MX_USART2_UART_Init
    main.o(i.main) refers to cli_demo_setup.o(i.cli_demo_setup) for cli_demo_setup
    main.o(i.main) refers to cli_demo_setup.o(i.cli_demo_poll) for cli_demo_poll
    main.o(i.main) refers to main.o(.bss) for huart2
    stm32f1xx_it.o(i.SysTick_Handler) refers to stm32f1xx_hal.o(i.HAL_IncTick) for HAL_IncTick
    stm32f1xx_hal_msp.o(i.HAL_UART_MspDeInit) refers to stm32f1xx_hal_gpio.o(i.HAL_GPIO_DeInit) for HAL_GPIO_DeInit
    stm32f1xx_hal_msp.o(i.HAL_UART_MspInit) refers to stm32f1xx_hal_gpio.o(i.HAL_GPIO_Init) for HAL_GPIO_Init
    cli_demo_setup.o(i.cli_demo_is_running) refers to cli_demo_setup.o(.bss) for s_cli
    cli_demo_setup.o(i.cli_demo_poll) refers to cli.o(i.cli_session_engine) for cli_session_engine
    cli_demo_setup.o(i.cli_demo_poll) refers to cli_demo_setup.o(i.cli_demo_shutdown) for cli_demo_shutdown
    cli_demo_setup.o(i.cli_demo_poll) refers to cli_demo_setup.o(.bss) for s_cli
    cli_demo_setup.o(i.cli_demo_setup) refers to cli_demo_setup.o(i.cli_demo_shutdown) for cli_demo_shutdown
    cli_demo_setup.o(i.cli_demo_setup) refers to stm32f1xx_hal_gpio.o(i.HAL_GPIO_Init) for HAL_GPIO_Init
    cli_demo_setup.o(i.cli_demo_setup) refers to cli_transport_serial.o(i.cli_transport_serial_init) for cli_transport_serial_init
    cli_demo_setup.o(i.cli_demo_setup) refers to cli.o(i.cli_init) for cli_init
    cli_demo_setup.o(i.cli_demo_setup) refers to cli_demo_setup.o(i.cli_register_commands) for cli_register_commands
    cli_demo_setup.o(i.cli_demo_setup) refers to cli.o(i.cli_set_exit_root_policy) for cli_set_exit_root_policy
    cli_demo_setup.o(i.cli_demo_setup) refers to cli.o(i.cli_set_quit_policy) for cli_set_quit_policy
    cli_demo_setup.o(i.cli_demo_setup) refers to cli.o(i.cli_set_userdata) for cli_set_userdata
    cli_demo_setup.o(i.cli_demo_setup) refers to cli.o(i.cli_set_banner) for cli_set_banner
    cli_demo_setup.o(i.cli_demo_setup) refers to cli.o(i.cli_set_enable_secret) for cli_set_enable_secret
    cli_demo_setup.o(i.cli_demo_setup) refers to cli.o(i.cli_add_user) for cli_add_user
[...]
    i.cli_kill_line                          0x080046e4   Section        0  cli.o(i.cli_kill_line)
    cli_kill_line                            0x080046e5   Thumb Code    76  cli.o(i.cli_kill_line)
    i.cli_kill_word                          0x08004730   Section        0  cli.o(i.cli_kill_word)
    cli_kill_word                            0x08004731   Thumb Code    70  cli.o(i.cli_kill_word)
    i.cli_menu_context_parent                0x08004776   Section        0  cli.o(i.cli_menu_context_parent)
    cli_menu_context_parent                  0x08004777   Thumb Code   126  cli.o(i.cli_menu_context_parent)
    i.cli_move_cursor                        0x080047f4   Section        0  cli.o(i.cli_move_cursor)
    cli_move_cursor                          0x080047f5   Thumb Code    84  cli.o(i.cli_move_cursor)
    i.cli_move_cursor_delta                  0x08004848   Section        0  cli.o(i.cli_move_cursor_delta)
    cli_move_cursor_delta                    0x08004849   Thumb Code    56  cli.o(i.cli_move_cursor_delta)
    i.cli_move_cursor_end                    0x08004880   Section        0  cli.o(i.cli_move_cursor_end)
    cli_move_cursor_end                      0x08004881   Thumb Code    16  cli.o(i.cli_move_cursor_end)
    i.cli_print_help_cb                      0x08004890   Section        0  cli.o(i.cli_print_help_cb)
    cli_print_help_cb                        0x08004891   Thumb Code   130  cli.o(i.cli_print_help_cb)
    i.cli_print_process_stream               0x0800491c   Section        0  cli.o(i.cli_print_process_stream)
    cli_print_process_stream                 0x0800491d   Thumb Code    52  cli.o(i.cli_print_process_stream)
    i.cli_println_p                          0x08004954   Section        0  cli.o(i.cli_println_p)
    i.cli_process_escape                     0x080049e0   Section        0  cli.o(i.cli_process_escape)
    cli_process_escape                       0x080049e1   Thumb Code   128  cli.o(i.cli_process_escape)
    i.cli_raw_write                          0x08004a60   Section        0  cli.o(i.cli_raw_write)
    cli_raw_write                            0x08004a61   Thumb Code    26  cli.o(i.cli_raw_write)
    i.cli_redraw_line                        0x08004a7c   Section        0  cli.o(i.cli_redraw_line)
    cli_redraw_line                          0x08004a7d   Thumb Code    76  cli.o(i.cli_redraw_line)
    i.cli_register_commands                  0x08004ad0   Section        0  cli_demo_setup.o(i.cli_register_commands)
    cli_register_commands                    0x08004ad1   Thumb Code   282  cli_demo_setup.o(i.cli_register_commands)
    i.cli_require_authorization              0x08004d54   Section        0  cli.o(i.cli_require_authorization)
    i.cli_reset_input                        0x08004d5c   Section        0  cli.o(i.cli_reset_input)
    cli_reset_input                          0x08004d5d   Thumb Code    18  cli.o(i.cli_reset_input)
    i.cli_resolve_one                        0x08004d6e   Section        0  cli.o(i.cli_resolve_one)
    cli_resolve_one                          0x08004d6f   Thumb Code   210  cli.o(i.cli_resolve_one)
    i.cli_restart_session                    0x08004e40   Section        0  cli.o(i.cli_restart_session)
    i.cli_session_engine                     0x08004e90   Section        0  cli.o(i.cli_session_engine)
    i.cli_set_banner                         0x08005040   Section        0  cli.o(i.cli_set_banner)
    i.cli_set_enable_secret                  0x08005058   Section        0  cli.o(i.cli_set_enable_secret)
    i.cli_set_exit_root_policy               0x0800507c   Section        0  cli.o(i.cli_set_exit_root_policy)
    i.cli_set_idle_timeout                   0x08005084   Section        0  cli.o(i.cli_set_idle_timeout)
    i.cli_set_mode                           0x08005098   Section        0  cli.o(i.cli_set_mode)
    i.cli_set_mode_name                      0x080050c4   Section        0  cli.o(i.cli_set_mode_name)
    i.cli_set_privilege                      0x080050e4   Section        0  cli.o(i.cli_set_privilege)
    i.cli_set_quit_policy                    0x08005108   Section        0  cli.o(i.cli_set_quit_policy)
    i.cli_set_userdata                       0x08005110   Section        0  cli.o(i.cli_set_userdata)
    i.cli_show_help                          0x08005118   Section        0  cli.o(i.cli_show_help)
    cli_show_help                            0x08005119   Thumb Code   318  cli.o(i.cli_show_help)
    i.cli_show_prompt                        0x080052a0   Section        0  cli.o(i.cli_show_prompt)
    cli_show_prompt                          0x080052a1   Thumb Code   276  cli.o(i.cli_show_prompt)
    i.cli_snprintf                           0x080053b4   Section        0  cli.o(i.cli_snprintf)
    i.cli_start                              0x080053da   Section        0  cli.o(i.cli_start)
    i.cli_state_is_auth_input                0x080053ee   Section        0  cli.o(i.cli_state_is_auth_input)
    cli_state_is_auth_input                  0x080053ef   Thumb Code    44  cli.o(i.cli_state_is_auth_input)
    i.cli_strlcpy                            0x0800541a   Section        0  cli.o(i.cli_strlcpy)
    cli_strlcpy                              0x0800541b   Thumb Code    38  cli.o(i.cli_strlcpy)
    i.cli_submit_line                        0x08005440   Section        0  cli.o(i.cli_submit_line)
    cli_submit_line                          0x08005441   Thumb Code    40  cli.o(i.cli_submit_line)
    i.cli_tab_complete                       0x08005468   Section        0  cli.o(i.cli_tab_complete)
    cli_tab_complete                         0x08005469   Thumb Code   596  cli.o(i.cli_tab_complete)
    i.cli_tokenize                           0x080056c8   Section        0  cli.o(i.cli_tokenize)
    cli_tokenize                             0x080056c9   Thumb Code    92  cli.o(i.cli_tokenize)
    i.cli_touch_activity_internal            0x08005724   Section        0  cli.o(i.cli_touch_activity_internal)
    cli_touch_activity_internal              0x08005725   Thumb Code    28  cli.o(i.cli_touch_activity_internal)
    i.cli_transport_serial_init              0x08005740   Section        0  cli_transport_serial.o(i.cli_transport_serial_init)
    i.cli_vsnprintf                          0x0800577c   Section        0  cli.o(i.cli_vsnprintf)
    i.cli_write_char                         0x08005794   Section        0  cli.o(i.cli_write_char)
    cli_write_char                           0x08005795   Thumb Code    16  cli.o(i.cli_write_char)
    i.cli_write_str                          0x080057a4   Section        0  cli.o(i.cli_write_str)
    cli_write_str                            0x080057a5   Thumb Code    28  cli.o(i.cli_write_str)
    i.cmd_add                                0x080057c0   Section        0  cli_demo_setup.o(i.cmd_add)
    cmd_add                                  0x080057c1   Thumb Code   108  cli_demo_setup.o(i.cmd_add)
    i.cmd_arithmetic                         0x08005874   Section        0  cli_demo_setup.o(i.cmd_arithmetic)
    cmd_arithmetic                           0x08005875   Thumb Code    26  cli_demo_setup.o(i.cmd_arithmetic)
    i.cmd_calculator                         0x08005890   Section        0  cli_demo_setup.o(i.cmd_calculator)
    cmd_calculator                           0x08005891   Thumb Code    46  cli_demo_setup.o(i.cmd_calculator)
    i.cmd_led                                0x080058c4   Section        0  cli_demo_setup.o(i.cmd_led)
    cmd_led                                  0x080058c5   Thumb Code   108  cli_demo_setup.o(i.cmd_led)
    i.cmd_reboot                             0x08005994   Section        0  cli_demo_setup.o(i.cmd_reboot)
    cmd_reboot                               0x08005995   Thumb Code    76  cli_demo_setup.o(i.cmd_reboot)
    i.cmd_show_version                       0x08005a00   Section        0  cli_demo_setup.o(i.cmd_show_version)
    cmd_show_version                         0x08005a01   Thumb Code    44  cli_demo_setup.o(i.cmd_show_version)
    i.cmd_sub                                0x08005a8c   Section        0  cli_demo_setup.o(i.cmd_sub)
    cmd_sub                                  0x08005a8d   Thumb Code   108  cli_demo_setup.o(i.cmd_sub)
    i.dec_value                              0x08005b2c   Section        0  cli_args_parse.o(i.dec_value)
    dec_value                                0x08005b2d   Thumb Code    10  cli_args_parse.o(i.dec_value)
    i.handle_csi                             0x08005b36   Section        0  cli.o(i.handle_csi)
    handle_csi                               0x08005b37   Thumb Code   184  cli.o(i.handle_csi)
    i.is_dec_digit                           0x08005bee   Section        0  cli_args_parse.o(i.is_dec_digit)
    is_dec_digit                             0x08005bef   Thumb Code    18  cli_args_parse.o(i.is_dec_digit)
    i.main                                   0x08005c00   Section        0  main.o(i.main)
    i.parse_i32                              0x08005c24   Section        0  cli_args_parse.o(i.parse_i32)
    i.parse_i64                              0x08005c7c   Section        0  cli_args_parse.o(i.parse_i64)
    i.stm32_now_sec                          0x08005d9c   Section        0  cli_demo_setup.o(i.stm32_now_sec)
    stm32_now_sec                            0x08005d9d   Thumb Code    18  cli_demo_setup.o(i.stm32_now_sec)
    i.stm32_serial_available                 0x08005db0   Section        0  cli_transport_serial.o(i.stm32_serial_available)
    stm32_serial_available                   0x08005db1   Thumb Code    68  cli_transport_serial.o(i.stm32_serial_available)
    i.stm32_serial_flush                     0x08005dfc   Section        0  cli_transport_serial.o(i.stm32_serial_flush)
    stm32_serial_flush                       0x08005dfd   Thumb Code     6  cli_transport_serial.o(i.stm32_serial_flush)
    i.stm32_serial_read                      0x08005e04   Section        0  cli_transport_serial.o(i.stm32_serial_read)
    stm32_serial_read                        0x08005e05   Thumb Code    52  cli_transport_serial.o(i.stm32_serial_read)
    i.stm32_serial_write                     0x08005e40   Section        0  cli_transport_serial.o(i.stm32_serial_write)
    stm32_serial_write                       0x08005e41   Thumb Code    52  cli_transport_serial.o(i.stm32_serial_write)
    locale$$code                             0x08005e74   Section       44  lc_ctype_c.o(locale$$code)
    locale$$code                             0x08005ea0   Section       44  lc_numeric_c.o(locale$$code)
    x$fpl$printf1                            0x08005ecc   Section        4  printf1.o(x$fpl$printf1)
    x$fpl$printf2                            0x08005ed0   Section        4  printf2.o(x$fpl$printf2)
    .constdata                               0x08005ed4   Section       18  stm32f1xx_hal_rcc.o(.constdata)
    x$fpl$usenofp                            0x08005ed4   Section        0  usenofp.o(x$fpl$usenofp)
    aPLLMULFactorTable                       0x08005ed4   Data          16  stm32f1xx_hal_rcc.o(.constdata)
    aPredivFactorTable                       0x08005ee4   Data           2  stm32f1xx_hal_rcc.o(.constdata)
    .constdata                               0x08005ee6   Section       24  system_stm32f1xx.o(.constdata)
    .constdata                               0x08005f00   Section        8  _printf_wctomb.o(.constdata)
    initial_mbstate                          0x08005f00   Data           8  _printf_wctomb.o(.constdata)
    .constdata                               0x08005f08   Section       40  _printf_hex_int_ll_ptr.o(.constdata)
    uc_hextab                                0x08005f08   Data          20  _printf_hex_int_ll_ptr.o(.constdata)
    lc_hextab                                0x08005f1c   Data          20  _printf_hex_int_ll_ptr.o(.constdata)
    .constdata                               0x08005f30   Section       17  __printf_flags_ss_wp.o(.constdata)
    maptable                                 0x08005f30   Data          17  __printf_flags_ss_wp.o(.constdata)
    .constdata                               0x08005f41   Section       38  _printf_fp_hex.o(.constdata)
    lc_hextab                                0x08005f41   Data          19  _printf_fp_hex.o(.constdata)
    uc_hextab                                0x08005f54   Data          19  _printf_fp_hex.o(.constdata)
    .constdata                               0x08005f68   Section      148  bigflt0.o(.constdata)
    tenpwrs_x                                0x08005f68   Data          60  bigflt0.o(.constdata)
    tenpwrs_i                                0x08005fa4   Data          64  bigflt0.o(.constdata)
    .conststring                             0x08005ffc   Section      314  cli_demo_setup.o(.conststring)
    locale$$data                             0x08006158   Section      272  lc_ctype_c.o(locale$$data)
    __lcctype_c_name                         0x0800615c   Data           2  lc_ctype_c.o(locale$$data)
    __lcctype_c_start                        0x08006164   Data           0  lc_ctype_c.o(locale$$data)
    locale$$data                             0x08006268   Section       28  lc_numeric_c.o(locale$$data)
    __lcctype_c_end                          0x08006268   Data           0  lc_ctype_c.o(locale$$data)
    __lcnum_c_name                           0x0800626c   Data           2  lc_numeric_c.o(locale$$data)
    __lcnum_c_start                          0x08006274   Data           0  lc_numeric_c.o(locale$$data)
    __lcnum_c_point                          0x08006280   Data           0  lc_numeric_c.o(locale$$data)
    __lcnum_c_thousands                      0x08006282   Data           0  lc_numeric_c.o(locale$$data)
    __lcnum_c_grouping                       0x08006283   Data           0  lc_numeric_c.o(locale$$data)
    __lcnum_c_end                            0x08006284   Data           0  lc_numeric_c.o(locale$$data)
    .data                                    0x20000000   Section        4  cli_demo_setup.o(.data)
    s_session_id                             0x20000000   Data           4  cli_demo_setup.o(.data)
    .data                                    0x20000004   Section        2  cli_transport_serial.o(.data)
    s_stm32_pending_byte                     0x20000004   Data           1  cli_transport_serial.o(.data)
    s_stm32_pending_valid                    0x20000005   Data           1  cli_transport_serial.o(.data)
    .data                                    0x20000008   Section        9  stm32f1xx_hal.o(.data)
    .data                                    0x20000014   Section        4  system_stm32f1xx.o(.data)
    .bss                                     0x20000018   Section       72  main.o(.bss)
    .bss                                     0x20000060   Section     3096  cli_demo_setup.o(.bss)
    s_app                                    0x20000060   Data          12  cli_demo_setup.o(.bss)
    s_cli                                    0x2000006c   Data        1084  cli_demo_setup.o(.bss)
    s_cmd_pool                               0x200004a8   Data        2000  cli_demo_setup.o(.bss)
    .bss                                     0x20000c78   Section       96  libspace.o(.bss)
    HEAP                                     0x20000cd8   Section      512  startup_stm32f103xb.o(HEAP)
    Heap_Mem                                 0x20000cd8   Data         512  startup_stm32f103xb.o(HEAP)
    STACK                                    0x20000ed8   Section     4096  startup_stm32f103xb.o(STACK)
    Stack_Mem                                0x20000ed8   Data        4096  startup_stm32f103xb.o(STACK)
    __initial_sp                             0x20001ed8   Data           0  startup_stm32f103xb.o(STACK)

    Global Symbols

    Symbol Name                              Value     Ov Type        Size  Object(Section)

    BuildAttributes$$THM_ISAv4$P$D$K$B$S$PE$A:L22UL41UL21$X:L11$S22US41US21$IEEE1$IW$USESV6$~STKCKD$USESV7$~SHL$OTIME$ROPI$IEEEX$EBA8$UX$STANDARDLIB$REQ8$PRES8$EABIv2 0x00000000   Number         0  anon$$obj.o ABSOLUTE
    __ARM_use_no_argv                        0x00000000   Number         0  main.o ABSOLUTE
    _printf_flags                            0x00000000   Number         0  printf_stubs.o ABSOLUTE
    _printf_return_value                     0x00000000   Number         0  printf_stubs.o ABSOLUTE
    _printf_sizespec                         0x00000000   Number         0  printf_stubs.o ABSOLUTE
    _printf_widthprec                        0x00000000   Number         0  printf_stubs.o ABSOLUTE
    __ARM_exceptions_init                     - Undefined Weak Reference
    __alloca_initialize                       - Undefined Weak Reference
    __arm_fini_                               - Undefined Weak Reference
    __arm_preinit_                            - Undefined Weak Reference
    __cpp_initialize__aeabi_                  - Undefined Weak Reference
    __cxa_finalize                            - Undefined Weak Reference
    __sigvec_lookup                           - Undefined Weak Reference
    _atexit_init                              - Undefined Weak Reference
    _call_atexit_fns                          - Undefined Weak Reference
    _clock_init                               - Undefined Weak Reference
    _fp_trap_init                             - Undefined Weak Reference
    _fp_trap_shutdown                         - Undefined Weak Reference
    _get_lc_collate                           - Undefined Weak Reference
    _get_lc_monetary                          - Undefined Weak Reference
    _get_lc_time                              - Undefined Weak Reference
    _getenv_init                              - Undefined Weak Reference
    _handle_redirection                       - Undefined Weak Reference
    _init_alloc                               - Undefined Weak Reference
    _init_user_alloc                          - Undefined Weak Reference
    _initio                                   - Undefined Weak Reference
    _printf_mbtowc                            - Undefined Weak Reference
    _printf_wc                                - Undefined Weak Reference
    _rand_init                                - Undefined Weak Reference
    _signal_finish                            - Undefined Weak Reference
    _signal_init                              - Undefined Weak Reference
    _terminate_alloc                          - Undefined Weak Reference
    _terminate_user_alloc                     - Undefined Weak Reference
    _terminateio                              - Undefined Weak Reference
    __Vectors_Size                           0x000000ec   Number         0  startup_stm32f103xb.o ABSOLUTE
    __Vectors                                0x08000000   Data           4  startup_stm32f103xb.o(RESET)
    __Vectors_End                            0x080000ec   Data           0  startup_stm32f103xb.o(RESET)
    __main                                   0x080000ed   Thumb Code     8  __main.o(!!!main)
    __scatterload                            0x080000f5   Thumb Code     0  __scatter.o(!!!scatter)
    __scatterload_rt2                        0x080000f5   Thumb Code    44  __scatter.o(!!!scatter)
    __scatterload_rt2_thumb_only             0x080000f5   Thumb Code     0  __scatter.o(!!!scatter)
    __scatterload_null                       0x08000103   Thumb Code     0  __scatter.o(!!!scatter)
    __scatterload_copy                       0x08000129   Thumb Code    26  __scatter_copy.o(!!handler_copy)
    __scatterload_zeroinit                   0x08000145   Thumb Code    28  __scatter_zi.o(!!handler_zi)
    _printf_n                                0x08000161   Thumb Code     0  _printf_n.o(.ARM.Collect$$_printf_percent$$00000001)
    _printf_percent                          0x08000161   Thumb Code     0  _printf_percent.o(.ARM.Collect$$_printf_percent$$00000000)
    _printf_p                                0x08000167   Thumb Code     0  _printf_p.o(.ARM.Collect$$_printf_percent$$00000002)
    _printf_f                                0x0800016d   Thumb Code     0  _printf_f.o(.ARM.Collect$$_printf_percent$$00000003)
    _printf_e                                0x08000173   Thumb Code     0  _printf_e.o(.ARM.Collect$$_printf_percent$$00000004)
    _printf_g                                0x08000179   Thumb Code     0  _printf_g.o(.ARM.Collect$$_printf_percent$$00000005)
    _printf_a                                0x0800017f   Thumb Code     0  _printf_a.o(.ARM.Collect$$_printf_percent$$00000006)
    _printf_ll                               0x08000185   Thumb Code     0  _printf_ll.o(.ARM.Collect$$_printf_percent$$00000007)
    _printf_i                                0x0800018f   Thumb Code     0  _printf_i.o(.ARM.Collect$$_printf_percent$$00000008)
    _printf_d                                0x08000195   Thumb Code     0  _printf_d.o(.ARM.Collect$$_printf_percent$$00000009)
    _printf_u                                0x0800019b   Thumb Code     0  _printf_u.o(.ARM.Collect$$_printf_percent$$0000000A)
    _printf_o                                0x080001a1   Thumb Code     0  _printf_o.o(.ARM.Collect$$_printf_percent$$0000000B)
    _printf_x                                0x080001a7   Thumb Code     0  _printf_x.o(.ARM.Collect$$_printf_percent$$0000000C)
    _printf_lli                              0x080001ad   Thumb Code     0  _printf_lli.o(.ARM.Collect$$_printf_percent$$0000000D)
    _printf_lld                              0x080001b3   Thumb Code     0  _printf_lld.o(.ARM.Collect$$_printf_percent$$0000000E)
    _printf_llu                              0x080001b9   Thumb Code     0  _printf_llu.o(.ARM.Collect$$_printf_percent$$0000000F)
    _printf_llo                              0x080001bf   Thumb Code     0  _printf_llo.o(.ARM.Collect$$_printf_percent$$00000010)
    _printf_llx                              0x080001c5   Thumb Code     0  _printf_llx.o(.ARM.Collect$$_printf_percent$$00000011)
    _printf_l                                0x080001cb   Thumb Code     0  _printf_l.o(.ARM.Collect$$_printf_percent$$00000012)
    _printf_c                                0x080001d5   Thumb Code     0  _printf_c.o(.ARM.Collect$$_printf_percent$$00000013)
    _printf_s                                0x080001db   Thumb Code     0  _printf_s.o(.ARM.Collect$$_printf_percent$$00000014)
    _printf_lc                               0x080001e1   Thumb Code     0  _printf_lc.o(.ARM.Collect$$_printf_percent$$00000015)
    _printf_ls                               0x080001e7   Thumb Code     0  _printf_ls.o(.ARM.Collect$$_printf_percent$$00000016)
    _printf_percent_end                      0x080001ed   Thumb Code     0  _printf_percent_end.o(.ARM.Collect$$_printf_percent$$00000017)
    __rt_lib_init                            0x080001f1   Thumb Code     0  libinit.o(.ARM.Collect$$libinit$$00000000)
    __rt_lib_init_fp_1                       0x080001f3   Thumb Code     0  libinit2.o(.ARM.Collect$$libinit$$00000002)
    __rt_lib_init_heap_1                     0x080001f3   Thumb Code     0  libinit2.o(.ARM.Collect$$libinit$$0000000A)
    __rt_lib_init_lc_common                  0x080001f3   Thumb Code     0  libinit2.o(.ARM.Collect$$libinit$$0000000F)
    __rt_lib_init_preinit_1                  0x080001f3   Thumb Code     0  libinit2.o(.ARM.Collect$$libinit$$00000004)
    __rt_lib_init_rand_1                     0x080001f3   Thumb Code     0  libinit2.o(.ARM.Collect$$libinit$$0000000E)
    __rt_lib_init_user_alloc_1               0x080001f3   Thumb Code     0  libinit2.o(.ARM.Collect$$libinit$$0000000C)
    __rt_lib_init_lc_collate_1               0x080001f9   Thumb Code     0  libinit2.o(.ARM.Collect$$libinit$$00000011)
    __rt_lib_init_lc_ctype_2                 0x080001f9   Thumb Code     0  libinit2.o(.ARM.Collect$$libinit$$00000012)
    __rt_lib_init_lc_ctype_1                 0x08000205   Thumb Code     0  libinit2.o(.ARM.Collect$$libinit$$00000013)
    __rt_lib_init_lc_monetary_1              0x08000205   Thumb Code     0  libinit2.o(.ARM.Collect$$libinit$$00000015)
    __rt_lib_init_lc_numeric_2               0x08000205   Thumb Code     0  libinit2.o(.ARM.Collect$$libinit$$00000016)
    __rt_lib_init_alloca_1                   0x0800020f   Thumb Code     0  libinit2.o(.ARM.Collect$$libinit$$0000002E)
    __rt_lib_init_argv_1                     0x0800020f   Thumb Code     0  libinit2.o(.ARM.Collect$$libinit$$0000002C)
    __rt_lib_init_atexit_1                   0x0800020f   Thumb Code     0  libinit2.o(.ARM.Collect$$libinit$$0000001B)
    __rt_lib_init_clock_1                    0x0800020f   Thumb Code     0  libinit2.o(.ARM.Collect$$libinit$$00000021)
    __rt_lib_init_cpp_1                      0x0800020f   Thumb Code     0  libinit2.o(.ARM.Collect$$libinit$$00000032)
    __rt_lib_init_exceptions_1               0x0800020f   Thumb Code     0  libinit2.o(.ARM.Collect$$libinit$$00000030)
    __rt_lib_init_fp_trap_1                  0x0800020f   Thumb Code     0  libinit2.o(.ARM.Collect$$libinit$$0000001F)
    __rt_lib_init_getenv_1                   0x0800020f   Thumb Code     0  libinit2.o(.ARM.Collect$$libinit$$00000023)
    __rt_lib_init_lc_numeric_1               0x0800020f   Thumb Code     0  libinit2.o(.ARM.Collect$$libinit$$00000017)
    __rt_lib_init_lc_time_1                  0x0800020f   Thumb Code     0  libinit2.o(.ARM.Collect$$libinit$$00000019)
    __rt_lib_init_return                     0x0800020f   Thumb Code     0  libinit2.o(.ARM.Collect$$libinit$$00000033)
    __rt_lib_init_signal_1                   0x0800020f   Thumb Code     0  libinit2.o(.ARM.Collect$$libinit$$0000001D)
    __rt_lib_init_stdio_1                    0x0800020f   Thumb Code     0  libinit2.o(.ARM.Collect$$libinit$$00000025)
    __rt_lib_shutdown                        0x08000211   Thumb Code     0  libshutdown.o(.ARM.Collect$$libshutdown$$00000000)
    __rt_lib_shutdown_cpp_1                  0x08000213   Thumb Code     0  libshutdown2.o(.ARM.Collect$$libshutdown$$00000004)
    __rt_lib_shutdown_fini_1                 0x08000213   Thumb Code     0  libshutdown2.o(.ARM.Collect$$libshutdown$$00000002)
    __rt_lib_shutdown_fp_trap_1              0x08000213   Thumb Code     0  libshutdown2.o(.ARM.Collect$$libshutdown$$00000009)
    __rt_lib_shutdown_heap_1                 0x08000213   Thumb Code     0  libshutdown2.o(.ARM.Collect$$libshutdown$$00000011)
    __rt_lib_shutdown_return                 0x08000213   Thumb Code     0  libshutdown2.o(.ARM.Collect$$libshutdown$$00000012)
    __rt_lib_shutdown_signal_1               0x08000213   Thumb Code     0  libshutdown2.o(.ARM.Collect$$libshutdown$$0000000C)
    __rt_lib_shutdown_stdio_1                0x08000213   Thumb Code     0  libshutdown2.o(.ARM.Collect$$libshutdown$$00000006)
    __rt_lib_shutdown_user_alloc_1           0x08000213   Thumb Code     0  libshutdown2.o(.ARM.Collect$$libshutdown$$0000000E)
    __rt_entry                               0x08000215   Thumb Code     0  __rtentry.o(.ARM.Collect$$rtentry$$00000000)
    __rt_entry_presh_1                       0x08000215   Thumb Code     0  __rtentry2.o(.ARM.Collect$$rtentry$$00000002)
    __rt_entry_sh                            0x08000215   Thumb Code     0  __rtentry4.o(.ARM.Collect$$rtentry$$00000004)
    __rt_entry_li                            0x0800021b   Thumb Code     0  __rtentry2.o(.ARM.Collect$$rtentry$$0000000A)
    __rt_entry_postsh_1                      0x0800021b   Thumb Code     0  __rtentry2.o(.ARM.Collect$$rtentry$$00000009)
    __rt_entry_main                          0x0800021f   Thumb Code     0  __rtentry2.o(.ARM.Collect$$rtentry$$0000000D)
    __rt_entry_postli_1                      0x0800021f   Thumb Code     0  __rtentry2.o(.ARM.Collect$$rtentry$$0000000C)
    __rt_exit                                0x08000227   Thumb Code     0  rtexit.o(.ARM.Collect$$rtexit$$00000000)
    __rt_exit_ls                             0x08000229   Thumb Code     0  rtexit2.o(.ARM.Collect$$rtexit$$00000003)
    __rt_exit_prels_1                        0x08000229   Thumb Code     0  rtexit2.o(.ARM.Collect$$rtexit$$00000002)
    __rt_exit_exit                           0x0800022d   Thumb Code     0  rtexit2.o(.ARM.Collect$$rtexit$$00000004)
    Reset_Handler                            0x08000235   Thumb Code     8  startup_stm32f103xb.o(.text)
    ADC1_2_IRQHandler                        0x0800024f   Thumb Code     0  startup_stm32f103xb.o(.text)
    CAN1_RX1_IRQHandler                      0x0800024f   Thumb Code     0  startup_stm32f103xb.o(.text)
    CAN1_SCE_IRQHandler                      0x0800024f   Thumb Code     0  startup_stm32f103xb.o(.text)
    DMA1_Channel1_IRQHandler                 0x0800024f   Thumb Code     0  startup_stm32f103xb.o(.text)
    DMA1_Channel2_IRQHandler                 0x0800024f   Thumb Code     0  startup_stm32f103xb.o(.text)
    DMA1_Channel3_IRQHandler                 0x0800024f   Thumb Code     0  startup_stm32f103xb.o(.text)
    DMA1_Channel4_IRQHandler                 0x0800024f   Thumb Code     0  startup_stm32f103xb.o(.text)
    DMA1_Channel5_IRQHandler                 0x0800024f   Thumb Code     0  startup_stm32f103xb.o(.text)
    DMA1_Channel6_IRQHandler                 0x0800024f   Thumb Code     0  startup_stm32f103xb.o(.text)
    DMA1_Channel7_IRQHandler                 0x0800024f   Thumb Code     0  startup_stm32f103xb.o(.text)
    EXTI0_IRQHandler                         0x0800024f   Thumb Code     0  startup_stm32f103xb.o(.text)
    EXTI15_10_IRQHandler                     0x0800024f   Thumb Code     0  startup_stm32f103xb.o(.text)
    EXTI1_IRQHandler                         0x0800024f   Thumb Code     0  startup_stm32f103xb.o(.text)
    EXTI2_IRQHandler                         0x0800024f   Thumb Code     0  startup_stm32f103xb.o(.text)
    EXTI3_IRQHandler                         0x0800024f   Thumb Code     0  startup_stm32f103xb.o(.text)
    EXTI4_IRQHandler                         0x0800024f   Thumb Code     0  startup_stm32f103xb.o(.text)
    EXTI9_5_IRQHandler                       0x0800024f   Thumb Code     0  startup_stm32f103xb.o(.text)
    FLASH_IRQHandler                         0x0800024f   Thumb Code     0  startup_stm32f103xb.o(.text)
    I2C1_ER_IRQHandler                       0x0800024f   Thumb Code     0  startup_stm32f103xb.o(.text)
    I2C1_EV_IRQHandler                       0x0800024f   Thumb Code     0  startup_stm32f103xb.o(.text)
    I2C2_ER_IRQHandler                       0x0800024f   Thumb Code     0  startup_stm32f103xb.o(.text)
    I2C2_EV_IRQHandler                       0x0800024f   Thumb Code     0  startup_stm32f103xb.o(.text)
    PVD_IRQHandler                           0x0800024f   Thumb Code     0  startup_stm32f103xb.o(.text)
    RCC_IRQHandler                           0x0800024f   Thumb Code     0  startup_stm32f103xb.o(.text)
    RTC_Alarm_IRQHandler                     0x0800024f   Thumb Code     0  startup_stm32f103xb.o(.text)
    RTC_IRQHandler                           0x0800024f   Thumb Code     0  startup_stm32f103xb.o(.text)
    SPI1_IRQHandler                          0x0800024f   Thumb Code     0  startup_stm32f103xb.o(.text)
    SPI2_IRQHandler                          0x0800024f   Thumb Code     0  startup_stm32f103xb.o(.text)
    TAMPER_IRQHandler                        0x0800024f   Thumb Code     0  startup_stm32f103xb.o(.text)
    TIM1_BRK_IRQHandler                      0x0800024f   Thumb Code     0  startup_stm32f103xb.o(.text)
    TIM1_CC_IRQHandler                       0x0800024f   Thumb Code     0  startup_stm32f103xb.o(.text)
    TIM1_TRG_COM_IRQHandler                  0x0800024f   Thumb Code     0  startup_stm32f103xb.o(.text)
    TIM1_UP_IRQHandler                       0x0800024f   Thumb Code     0  startup_stm32f103xb.o(.text)
    TIM2_IRQHandler                          0x0800024f   Thumb Code     0  startup_stm32f103xb.o(.text)
    TIM3_IRQHandler                          0x0800024f   Thumb Code     0  startup_stm32f103xb.o(.text)
    TIM4_IRQHandler                          0x0800024f   Thumb Code     0  startup_stm32f103xb.o(.text)
    USART1_IRQHandler                        0x0800024f   Thumb Code     0  startup_stm32f103xb.o(.text)
    USART2_IRQHandler                        0x0800024f   Thumb Code     0  startup_stm32f103xb.o(.text)
    USART3_IRQHandler                        0x0800024f   Thumb Code     0  startup_stm32f103xb.o(.text)
    USBWakeUp_IRQHandler                     0x0800024f   Thumb Code     0  startup_stm32f103xb.o(.text)
    USB_HP_CAN1_TX_IRQHandler                0x0800024f   Thumb Code     0  startup_stm32f103xb.o(.text)
    USB_LP_CAN1_RX0_IRQHandler               0x0800024f   Thumb Code     0  startup_stm32f103xb.o(.text)
    WWDG_IRQHandler                          0x0800024f   Thumb Code     0  startup_stm32f103xb.o(.text)
    __user_initial_stackheap                 0x08000251   Thumb Code     0  startup_stm32f103xb.o(.text)
    __aeabi_uldivmod                         0x08000275   Thumb Code     0  lludivv7m.o(.text)
    _ll_udiv                                 0x08000275   Thumb Code   238  lludivv7m.o(.text)
    tolower                                  0x08000363   Thumb Code    26  tolower.o(.text)
    vsnprintf                                0x0800037d   Thumb Code    48  vsnprintf.o(.text)
    strlen                                   0x080003b1   Thumb Code    62  strlen.o(.text)
    __aeabi_memcpy                           0x080003ef   Thumb Code     0  rt_memcpy_v6.o(.text)
    __rt_memcpy                              0x080003ef   Thumb Code   138  rt_memcpy_v6.o(.text)
    _memcpy_lastbytes                        0x08000455   Thumb Code     0  rt_memcpy_v6.o(.text)
    __aeabi_memmove                          0x08000479   Thumb Code     0  rt_memmove_v6.o(.text)
    __rt_memmove                             0x08000479   Thumb Code   132  rt_memmove_v6.o(.text)
    __memmove_lastfew                        0x080004d9   Thumb Code     0  rt_memmove_v6.o(.text)
    __aeabi_memcpy4                          0x080004fd   Thumb Code     0  rt_memcpy_w.o(.text)
    __aeabi_memcpy8                          0x080004fd   Thumb Code     0  rt_memcpy_w.o(.text)
    __rt_memcpy_w                            0x080004fd   Thumb Code   100  rt_memcpy_w.o(.text)
    _memcpy_lastbytes_aligned                0x08000545   Thumb Code     0  rt_memcpy_w.o(.text)
    __aeabi_memclr4                          0x08000561   Thumb Code     0  rt_memclr_w.o(.text)
    __aeabi_memclr8                          0x08000561   Thumb Code     0  rt_memclr_w.o(.text)
    __rt_memclr_w                            0x08000561   Thumb Code    78  rt_memclr_w.o(.text)
    _memset_w                                0x08000565   Thumb Code     0  rt_memclr_w.o(.text)
    strcmp                                   0x080005b1   Thumb Code   128  strcmpv7m.o(.text)
    __use_two_region_memory                  0x08000631   Thumb Code     2  heapauxi.o(.text)
    __rt_heap_escrow$2region                 0x08000633   Thumb Code     2  heapauxi.o(.text)
    __rt_heap_expand$2region                 0x08000635   Thumb Code     2  heapauxi.o(.text)
    __user_libspace                          0x08000639   Thumb Code     8  libspace.o(.text)
    __user_perproc_libspace                  0x08000639   Thumb Code     0  libspace.o(.text)
    __user_perthread_libspace                0x08000639   Thumb Code     0  libspace.o(.text)
    __rt_ctype_table                         0x08000641   Thumb Code    16  rt_ctype_table.o(.text)
    _printf_pre_padding                      0x08000651   Thumb Code    44  _printf_pad.o(.text)
    _printf_post_padding                     0x0800067d   Thumb Code    34  _printf_pad.o(.text)
    _printf_truncate_signed                  0x0800069f   Thumb Code    18  _printf_truncate.o(.text)
    _printf_truncate_unsigned                0x080006b1   Thumb Code    18  _printf_truncate.o(.text)
    _printf_str                              0x080006c3   Thumb Code    82  _printf_str.o(.text)
    _printf_int_dec                          0x08000715   Thumb Code   104  _printf_dec.o(.text)
    _printf_charcount                        0x0800078d   Thumb Code    40  _printf_charcount.o(.text)
    _printf_char_common                      0x080007bf   Thumb Code    32  _printf_char_common.o(.text)
    _sputc                                   0x080007e5   Thumb Code    10  _sputc.o(.text)
    _snputc                                  0x080007ef   Thumb Code    16  _snputc.o(.text)
    _printf_wctomb                           0x08000801   Thumb Code   182  _printf_wctomb.o(.text)
    _printf_longlong_dec                     0x080008bd   Thumb Code   108  _printf_longlong_dec.o(.text)
    _printf_longlong_oct                     0x08000939   Thumb Code    66  _printf_oct_int_ll.o(.text)
    _printf_int_oct                          0x0800097b   Thumb Code    24  _printf_oct_int_ll.o(.text)
    _printf_ll_oct                           0x08000993   Thumb Code    12  _printf_oct_int_ll.o(.text)
    _printf_longlong_hex                     0x080009a9   Thumb Code    86  _printf_hex_int_ll_ptr.o(.text)
    _printf_int_hex                          0x080009ff   Thumb Code    28  _printf_hex_int_ll_ptr.o(.text)
    _printf_ll_hex                           0x08000a1b   Thumb Code    12  _printf_hex_int_ll_ptr.o(.text)
    _printf_hex_ptr                          0x08000a27   Thumb Code    18  _printf_hex_int_ll_ptr.o(.text)
    __printf                                 0x08000a3d   Thumb Code   388  __printf_flags_ss_wp.o(.text)
    __aeabi_memmove4                         0x08000bc5   Thumb Code     0  rt_memmove_w.o(.text)
    __aeabi_memmove8                         0x08000bc5   Thumb Code     0  rt_memmove_w.o(.text)
    __rt_memmove_w                           0x08000bc5   Thumb Code   122  rt_memmove_w.o(.text)
    __memmove_aligned                        0x08000beb   Thumb Code     0  rt_memmove_w.o(.text)
    __memmove_lastfew_aligned                0x08000c23   Thumb Code     0  rt_memmove_w.o(.text)
    __rt_locale                              0x08000c41   Thumb Code     8  rt_locale_intlibspace.o(.text)
    _ll_udiv10                               0x08000c49   Thumb Code   138  lludiv10.o(.text)
    _printf_int_common                       0x08000cd3   Thumb Code   178  _printf_intcommon.o(.text)
    __lib_sel_fp_printf                      0x08000d85   Thumb Code     2  _printf_fp_dec.o(.text)
    _printf_fp_dec_real                      0x08000f37   Thumb Code   620  _printf_fp_dec.o(.text)
    _printf_fp_hex_real                      0x080011a5   Thumb Code   756  _printf_fp_hex.o(.text)
    _printf_cs_common                        0x080014a1   Thumb Code    20  _printf_char.o(.text)
    _printf_char                             0x080014b5   Thumb Code    16  _printf_char.o(.text)
    _printf_string                           0x080014c5   Thumb Code     8  _printf_char.o(.text)
    _printf_lcs_common                       0x080014cd   Thumb Code    20  _printf_wchar.o(.text)
    _printf_wchar                            0x080014e1   Thumb Code    16  _printf_wchar.o(.text)
    _printf_wstring                          0x080014f1   Thumb Code     8  _printf_wchar.o(.text)
    _wcrtomb                                 0x080014f9   Thumb Code    64  _wcrtomb.o(.text)
    __user_setup_stackheap                   0x08001539   Thumb Code    74  sys_stackheap_outer.o(.text)
    _printf_fp_infnan                        0x08001585   Thumb Code   112  _printf_fp_infnan.o(.text)
    _btod_etento                             0x08001605   Thumb Code   224  bigflt0.o(.text)
    exit                                     0x080016e9   Thumb Code    18  exit.o(.text)
    _sys_exit                                0x080016fd   Thumb Code     8  sys_exit.o(.text)
    __I$use$semihosting                      0x08001709   Thumb Code     0  use_no_semi.o(.text)
    __use_no_semihosting_swi                 0x08001709   Thumb Code     2  use_no_semi.o(.text)
    __semihosting_library_function           0x0800170b   Thumb Code     0  indicate_semi.o(.text)
    _btod_d2e                                0x0800170b   Thumb Code    62  btod.o(CL$$btod_d2e)
    _d2e_denorm_low                          0x08001749   Thumb Code    70  btod.o(CL$$btod_d2e_denorm_low)
    _d2e_norm_op1                            0x0800178f   Thumb Code    96  btod.o(CL$$btod_d2e_norm_op1)
    __btod_div_common                        0x080017ef   Thumb Code   696  btod.o(CL$$btod_div_common)
    _e2e                                     0x08001b27   Thumb Code   220  btod.o(CL$$btod_e2e)
    _btod_ediv                               0x08001c03   Thumb Code    42  btod.o(CL$$btod_ediv)
    _btod_emul                               0x08001c2d   Thumb Code    42  btod.o(CL$$btod_emul)
    __btod_mult_common                       0x08001c57   Thumb Code   580  btod.o(CL$$btod_mult_common)
    BusFault_Handler                         0x08001e9b   Thumb Code     4  stm32f1xx_it.o(i.BusFault_Handler)
    DebugMon_Handler                         0x08001e9f   Thumb Code     2  stm32f1xx_it.o(i.DebugMon_Handler)
    Error_Handler                            0x08001ea1   Thumb Code     6  main.o(i.Error_Handler)
    HAL_Delay                                0x08001ea9   Thumb Code    36  stm32f1xx_hal.o(i.HAL_Delay)
    HAL_GPIO_Init                            0x08001ed1   Thumb Code   766  stm32f1xx_hal_gpio.o(i.HAL_GPIO_Init)
    HAL_GPIO_WritePin                        0x080021f1   Thumb Code    12  stm32f1xx_hal_gpio.o(i.HAL_GPIO_WritePin)
    HAL_GetTick                              0x080021fd   Thumb Code     6  stm32f1xx_hal.o(i.HAL_GetTick)
    HAL_IncTick                              0x08002209   Thumb Code    16  stm32f1xx_hal.o(i.HAL_IncTick)
    HAL_Init                                 0x08002221   Thumb Code    34  stm32f1xx_hal.o(i.HAL_Init)
    HAL_InitTick                             0x08002249   Thumb Code    64  stm32f1xx_hal.o(i.HAL_InitTick)
    HAL_MspInit                              0x08002295   Thumb Code    76  stm32f1xx_hal_msp.o(i.HAL_MspInit)
    HAL_NVIC_SetPriority                     0x080022e9   Thumb Code   124  stm32f1xx_hal_cortex.o(i.HAL_NVIC_SetPriority)
    HAL_NVIC_SetPriorityGrouping             0x08002365   Thumb Code    32  stm32f1xx_hal_cortex.o(i.HAL_NVIC_SetPriorityGrouping)
    HAL_RCC_ClockConfig                      0x0800238d   Thumb Code   376  stm32f1xx_hal_rcc.o(i.HAL_RCC_ClockConfig)
    HAL_RCC_GetHCLKFreq                      0x08002519   Thumb Code     6  stm32f1xx_hal_rcc.o(i.HAL_RCC_GetHCLKFreq)
    HAL_RCC_GetPCLK1Freq                     0x08002525   Thumb Code    22  stm32f1xx_hal_rcc.o(i.HAL_RCC_GetPCLK1Freq)
    HAL_RCC_GetPCLK2Freq                     0x08002545   Thumb Code    22  stm32f1xx_hal_rcc.o(i.HAL_RCC_GetPCLK2Freq)
    HAL_RCC_GetSysClockFreq                  0x08002565   Thumb Code    92  stm32f1xx_hal_rcc.o(i.HAL_RCC_GetSysClockFreq)
    HAL_RCC_OscConfig                        0x080025d5   Thumb Code  1114  stm32f1xx_hal_rcc.o(i.HAL_RCC_OscConfig)
    HAL_SYSTICK_Config                       0x08002a39   Thumb Code    52  stm32f1xx_hal_cortex.o(i.HAL_SYSTICK_Config)
    HAL_UART_Init                            0x08002a6d   Thumb Code   118  stm32f1xx_hal_uart.o(i.HAL_UART_Init)
    HAL_UART_MspInit                         0x08002ae5   Thumb Code   120  stm32f1xx_hal_msp.o(i.HAL_UART_MspInit)
    HAL_UART_Receive                         0x08002b69   Thumb Code   194  stm32f1xx_hal_uart.o(i.HAL_UART_Receive)
    HAL_UART_Transmit                        0x08002c2b   Thumb Code   190  stm32f1xx_hal_uart.o(i.HAL_UART_Transmit)
    HardFault_Handler                        0x08002ce9   Thumb Code     4  stm32f1xx_it.o(i.HardFault_Handler)
    MemManage_Handler                        0x08002d49   Thumb Code     4  stm32f1xx_it.o(i.MemManage_Handler)
    NMI_Handler                              0x08002d4d   Thumb Code     4  stm32f1xx_it.o(i.NMI_Handler)
    PendSV_Handler                           0x08002d51   Thumb Code     2  stm32f1xx_it.o(i.PendSV_Handler)
    SVC_Handler                              0x08002d7d   Thumb Code     2  stm32f1xx_it.o(i.SVC_Handler)
    SysTick_Handler                          0x08002d7f   Thumb Code     8  stm32f1xx_it.o(i.SysTick_Handler)
    SystemClock_Config                       0x08002d87   Thumb Code    80  main.o(i.SystemClock_Config)
    SystemInit                               0x08002dd7   Thumb Code     2  system_stm32f1xx.o(i.SystemInit)
    UsageFault_Handler                       0x08002fcd   Thumb Code     4  stm32f1xx_it.o(i.UsageFault_Handler)
    __ARM_fpclassify                         0x08002fd1   Thumb Code    40  fpclassify.o(i.__ARM_fpclassify)
    _is_digit                                0x08003031   Thumb Code    14  __printf_wp.o(i._is_digit)
    cli_add_command                          0x08003041   Thumb Code   214  cli.o(i.cli_add_command)
    cli_add_user                             0x0800313d   Thumb Code    98  cli.o(i.cli_add_user)
    cli_check_idle_timeout                   0x08003677   Thumb Code   132  cli.o(i.cli_check_idle_timeout)
    cli_cmd_builtin_clear_screen             0x0800371d   Thumb Code    46  cli.o(i.cli_cmd_builtin_clear_screen)
    cli_cmd_builtin_exit                     0x08003789   Thumb Code   200  cli.o(i.cli_cmd_builtin_exit)
    cli_cmd_builtin_help                     0x08003851   Thumb Code   144  cli.o(i.cli_cmd_builtin_help)
    cli_cmd_builtin_history                  0x08003921   Thumb Code   108  cli.o(i.cli_cmd_builtin_history)
    cli_demo_poll                            0x08003a99   Thumb Code    16  cli_demo_setup.o(i.cli_demo_poll)
    cli_demo_setup                           0x08003aad   Thumb Code   252  cli_demo_setup.o(i.cli_demo_setup)
    cli_demo_shutdown                        0x08003be5   Thumb Code    10  cli_demo_setup.o(i.cli_demo_shutdown)
    cli_done                                 0x08003bf5   Thumb Code    24  cli.o(i.cli_done)
    cli_error_p                              0x08003c0d   Thumb Code   148  cli.o(i.cli_error_p)
    cli_init                                 0x0800454d   Thumb Code   242  cli.o(i.cli_init)
    cli_println_p                            0x08004955   Thumb Code   134  cli.o(i.cli_println_p)
    cli_require_authorization                0x08004d55   Thumb Code     8  cli.o(i.cli_require_authorization)
    cli_restart_session                      0x08004e41   Thumb Code    78  cli.o(i.cli_restart_session)
    cli_session_engine                       0x08004e91   Thumb Code   428  cli.o(i.cli_session_engine)
    cli_set_banner                           0x08005041   Thumb Code    24  cli.o(i.cli_set_banner)
    cli_set_enable_secret                    0x08005059   Thumb Code    30  cli.o(i.cli_set_enable_secret)
    cli_set_exit_root_policy                 0x0800507d   Thumb Code     8  cli.o(i.cli_set_exit_root_policy)
    cli_set_idle_timeout                     0x08005085   Thumb Code    20  cli.o(i.cli_set_idle_timeout)
    cli_set_mode                             0x08005099   Thumb Code    44  cli.o(i.cli_set_mode)
    cli_set_mode_name                        0x080050c5   Thumb Code    32  cli.o(i.cli_set_mode_name)
    cli_set_privilege                        0x080050e5   Thumb Code    36  cli.o(i.cli_set_privilege)
    cli_set_quit_policy                      0x08005109   Thumb Code     8  cli.o(i.cli_set_quit_policy)
    cli_set_userdata                         0x08005111   Thumb Code     8  cli.o(i.cli_set_userdata)
    cli_snprintf                             0x080053b5   Thumb Code    38  cli.o(i.cli_snprintf)
    cli_start                                0x080053db   Thumb Code    20  cli.o(i.cli_start)
    cli_transport_serial_init                0x08005741   Thumb Code    42  cli_transport_serial.o(i.cli_transport_serial_init)
    cli_vsnprintf                            0x0800577d   Thumb Code    24  cli.o(i.cli_vsnprintf)
    main                                     0x08005c01   Thumb Code    30  main.o(i.main)
    parse_i32                                0x08005c25   Thumb Code    88  cli_args_parse.o(i.parse_i32)
    parse_i64                                0x08005c7d   Thumb Code   288  cli_args_parse.o(i.parse_i64)
    _get_lc_ctype                            0x08005e75   Thumb Code    44  lc_ctype_c.o(locale$$code)
    _get_lc_numeric                          0x08005ea1   Thumb Code    44  lc_numeric_c.o(locale$$code)
    _printf_fp_dec                           0x08005ecd   Thumb Code     4  printf1.o(x$fpl$printf1)
    _printf_fp_hex                           0x08005ed1   Thumb Code     4  printf2.o(x$fpl$printf2)
    __I$use$fp                               0x08005ed4   Number         0  usenofp.o(x$fpl$usenofp)
    AHBPrescTable                            0x08005ee6   Data          16  system_stm32f1xx.o(.constdata)
    APBPrescTable                            0x08005ef6   Data           8  system_stm32f1xx.o(.constdata)
    Region$$Table$$Base                      0x08006138   Number         0  anon$$obj.o(Region$$Table)
    Region$$Table$$Limit                     0x08006158   Number         0  anon$$obj.o(Region$$Table)
    __ctype                                  0x08006165   Data           0  lc_ctype_c.o(locale$$data)
    uwTick                                   0x20000008   Data           4  stm32f1xx_hal.o(.data)
    uwTickPrio                               0x2000000c   Data           4  stm32f1xx_hal.o(.data)
    uwTickFreq                               0x20000010   Data           1  stm32f1xx_hal.o(.data)
    SystemCoreClock                          0x20000014   Data           4  system_stm32f1xx.o(.data)
    huart2                                   0x20000018   Data          72  main.o(.bss)
    __libspace_start                         0x20000c78   Data          96  libspace.o(.bss)
    __temporary_stack_top$libspace           0x20000cd8   Data           0  libspace.o(.bss)



==============================================================================

Memory Map of the image

  Image Entry point : 0x080000ed

  Load Region LR_IROM1 (Base: 0x08000000, Size: 0x0000629c, Max: 0x00020000, ABSOLUTE)

    Execution Region ER_IROM1 (Exec base: 0x08000000, Load base: 0x08000000, Size: 0x00006284, Max: 0x00020000, ABSOLUTE)

    Exec Addr    Load Addr    Size         Type   Attr      Idx    E Section Name        Object

    0x08000000   0x08000000   0x000000ec   Data   RO            3    RESET               startup_stm32f103xb.o
    0x080000ec   0x080000ec   0x00000008   Code   RO         2902  * !!!main             c_w.l(__main.o)
    0x080000f4   0x080000f4   0x00000034   Code   RO         3382    !!!scatter          c_w.l(__scatter.o)
    0x08000128   0x08000128   0x0000001a   Code   RO         3384    !!handler_copy      c_w.l(__scatter_copy.o)
    0x08000142   0x08000142   0x00000002   PAD
    0x08000144   0x08000144   0x0000001c   Code   RO         3386    !!handler_zi        c_w.l(__scatter_zi.o)
    0x08000160   0x08000160   0x00000000   Code   RO         3027    .ARM.Collect$$_printf_percent$$00000000  c_w.l(_printf_percent.o)
    0x08000160   0x08000160   0x00000006   Code   RO         3016    .ARM.Collect$$_printf_percent$$00000001  c_w.l(_printf_n.o)
    0x08000166   0x08000166   0x00000006   Code   RO         3018    .ARM.Collect$$_printf_percent$$00000002  c_w.l(_printf_p.o)
    0x0800016c   0x0800016c   0x00000006   Code   RO         3023    .ARM.Collect$$_printf_percent$$00000003  c_w.l(_printf_f.o)
    0x08000172   0x08000172   0x00000006   Code   RO         3024    .ARM.Collect$$_printf_percent$$00000004  c_w.l(_printf_e.o)
    0x08000178   0x08000178   0x00000006   Code   RO         3025    .ARM.Collect$$_printf_percent$$00000005  c_w.l(_printf_g.o)
    0x0800017e   0x0800017e   0x00000006   Code   RO         3026    .ARM.Collect$$_printf_percent$$00000006  c_w.l(_printf_a.o)
    0x08000184   0x08000184   0x0000000a   Code   RO         3031    .ARM.Collect$$_printf_percent$$00000007  c_w.l(_printf_ll.o)
    0x0800018e   0x0800018e   0x00000006   Code   RO         3020    .ARM.Collect$$_printf_percent$$00000008  c_w.l(_printf_i.o)
    0x08000194   0x08000194   0x00000006   Code   RO         3021    .ARM.Collect$$_printf_percent$$00000009  c_w.l(_printf_d.o)
    0x0800019a   0x0800019a   0x00000006   Code   RO         3022    .ARM.Collect$$_printf_percent$$0000000A  c_w.l(_printf_u.o)
    0x080001a0   0x080001a0   0x00000006   Code   RO         3019    .ARM.Collect$$_printf_percent$$0000000B  c_w.l(_printf_o.o)
    0x080001a6   0x080001a6   0x00000006   Code   RO         3017    .ARM.Collect$$_printf_percent$$0000000C  c_w.l(_printf_x.o)
    0x080001ac   0x080001ac   0x00000006   Code   RO         3028    .ARM.Collect$$_printf_percent$$0000000D  c_w.l(_printf_lli.o)
    0x080001b2   0x080001b2   0x00000006   Code   RO         3029    .ARM.Collect$$_printf_percent$$0000000E  c_w.l(_printf_lld.o)
    0x080001b8   0x080001b8   0x00000006   Code   RO         3030    .ARM.Collect$$_printf_percent$$0000000F  c_w.l(_printf_llu.o)
    0x080001be   0x080001be   0x00000006   Code   RO         3035    .ARM.Collect$$_printf_percent$$00000010  c_w.l(_printf_llo.o)
    0x080001c4   0x080001c4   0x00000006   Code   RO         3036    .ARM.Collect$$_printf_percent$$00000011  c_w.l(_printf_llx.o)
    0x080001ca   0x080001ca   0x0000000a   Code   RO         3032    .ARM.Collect$$_printf_percent$$00000012  c_w.l(_printf_l.o)
    0x080001d4   0x080001d4   0x00000006   Code   RO         3014    .ARM.Collect$$_printf_percent$$00000013  c_w.l(_printf_c.o)
    0x080001da   0x080001da   0x00000006   Code   RO         3015    .ARM.Collect$$_printf_percent$$00000014  c_w.l(_printf_s.o)
    0x080001e0   0x080001e0   0x00000006   Code   RO         3033    .ARM.Collect$$_printf_percent$$00000015  c_w.l(_printf_lc.o)
    0x080001e6   0x080001e6   0x00000006   Code   RO         3034    .ARM.Collect$$_printf_percent$$00000016  c_w.l(_printf_ls.o)
    0x080001ec   0x080001ec   0x00000004   Code   RO         3123    .ARM.Collect$$_printf_percent$$00000017  c_w.l(_printf_percent_end.o)
    0x080001f0   0x080001f0   0x00000002   Code   RO         3192    .ARM.Collect$$libinit$$00000000  c_w.l(libinit.o)
    0x080001f2   0x080001f2   0x00000000   Code   RO         3194    .ARM.Collect$$libinit$$00000002  c_w.l(libinit2.o)
    0x080001f2   0x080001f2   0x00000000   Code   RO         3196    .ARM.Collect$$libinit$$00000004  c_w.l(libinit2.o)
    0x080001f2   0x080001f2   0x00000000   Code   RO         3199    .ARM.Collect$$libinit$$0000000A  c_w.l(libinit2.o)
    0x080001f2   0x080001f2   0x00000000   Code   RO         3201    .ARM.Collect$$libinit$$0000000C  c_w.l(libinit2.o)
    0x080001f2   0x080001f2   0x00000000   Code   RO         3203    .ARM.Collect$$libinit$$0000000E  c_w.l(libinit2.o)
    0x080001f2   0x080001f2   0x00000006   Code   RO         3204    .ARM.Collect$$libinit$$0000000F  c_w.l(libinit2.o)
    0x080001f8   0x080001f8   0x00000000   Code   RO         3206    .ARM.Collect$$libinit$$00000011  c_w.l(libinit2.o)
    0x080001f8   0x080001f8   0x0000000c   Code   RO         3207    .ARM.Collect$$libinit$$00000012  c_w.l(libinit2.o)
    0x08000204   0x08000204   0x00000000   Code   RO         3208    .ARM.Collect$$libinit$$00000013  c_w.l(libinit2.o)
    0x08000204   0x08000204   0x00000000   Code   RO         3210    .ARM.Collect$$libinit$$00000015  c_w.l(libinit2.o)
    0x08000204   0x08000204   0x0000000a   Code   RO         3211    .ARM.Collect$$libinit$$00000016  c_w.l(libinit2.o)
    0x0800020e   0x0800020e   0x00000000   Code   RO         3212    .ARM.Collect$$libinit$$00000017  c_w.l(libinit2.o)
    0x0800020e   0x0800020e   0x00000000   Code   RO         3214    .ARM.Collect$$libinit$$00000019  c_w.l(libinit2.o)
    0x0800020e   0x0800020e   0x00000000   Code   RO         3216    .ARM.Collect$$libinit$$0000001B  c_w.l(libinit2.o)
    0x0800020e   0x0800020e   0x00000000   Code   RO         3218    .ARM.Collect$$libinit$$0000001D  c_w.l(libinit2.o)
    0x0800020e   0x0800020e   0x00000000   Code   RO         3220    .ARM.Collect$$libinit$$0000001F  c_w.l(libinit2.o)
    0x0800020e   0x0800020e   0x00000000   Code   RO         3222    .ARM.Collect$$libinit$$00000021  c_w.l(libinit2.o)
    0x0800020e   0x0800020e   0x00000000   Code   RO         3224    .ARM.Collect$$libinit$$00000023  c_w.l(libinit2.o)
    0x0800020e   0x0800020e   0x00000000   Code   RO         3226    .ARM.Collect$$libinit$$00000025  c_w.l(libinit2.o)
    0x0800020e   0x0800020e   0x00000000   Code   RO         3230    .ARM.Collect$$libinit$$0000002C  c_w.l(libinit2.o)
    0x0800020e   0x0800020e   0x00000000   Code   RO         3232    .ARM.Collect$$libinit$$0000002E  c_w.l(libinit2.o)
    0x0800020e   0x0800020e   0x00000000   Code   RO         3234    .ARM.Collect$$libinit$$00000030  c_w.l(libinit2.o)
    0x0800020e   0x0800020e   0x00000000   Code   RO         3236    .ARM.Collect$$libinit$$00000032  c_w.l(libinit2.o)
    0x0800020e   0x0800020e   0x00000002   Code   RO         3237    .ARM.Collect$$libinit$$00000033  c_w.l(libinit2.o)
    0x08000210   0x08000210   0x00000002   Code   RO         3326    .ARM.Collect$$libshutdown$$00000000  c_w.l(libshutdown.o)
    0x08000212   0x08000212   0x00000000   Code   RO         3361    .ARM.Collect$$libshutdown$$00000002  c_w.l(libshutdown2.o)
    0x08000212   0x08000212   0x00000000   Code   RO         3363    .ARM.Collect$$libshutdown$$00000004  c_w.l(libshutdown2.o)
    0x08000212   0x08000212   0x00000000   Code   RO         3365    .ARM.Collect$$libshutdown$$00000006  c_w.l(libshutdown2.o)
    0x08000212   0x08000212   0x00000000   Code   RO         3368    .ARM.Collect$$libshutdown$$00000009  c_w.l(libshutdown2.o)
    0x08000212   0x08000212   0x00000000   Code   RO         3371    .ARM.Collect$$libshutdown$$0000000C  c_w.l(libshutdown2.o)
    0x08000212   0x08000212   0x00000000   Code   RO         3373    .ARM.Collect$$libshutdown$$0000000E  c_w.l(libshutdown2.o)
    0x08000212   0x08000212   0x00000000   Code   RO         3376    .ARM.Collect$$libshutdown$$00000011  c_w.l(libshutdown2.o)
    0x08000212   0x08000212   0x00000002   Code   RO         3377    .ARM.Collect$$libshutdown$$00000012  c_w.l(libshutdown2.o)
    0x08000214   0x08000214   0x00000000   Code   RO         2937    .ARM.Collect$$rtentry$$00000000  c_w.l(__rtentry.o)
    0x08000214   0x08000214   0x00000000   Code   RO         3085    .ARM.Collect$$rtentry$$00000002  c_w.l(__rtentry2.o)
    0x08000214   0x08000214   0x00000006   Code   RO         3097    .ARM.Collect$$rtentry$$00000004  c_w.l(__rtentry4.o)
    0x0800021a   0x0800021a   0x00000000   Code   RO         3087    .ARM.Collect$$rtentry$$00000009  c_w.l(__rtentry2.o)
    0x0800021a   0x0800021a   0x00000004   Code   RO         3088    .ARM.Collect$$rtentry$$0000000A  c_w.l(__rtentry2.o)
    0x0800021e   0x0800021e   0x00000000   Code   RO         3090    .ARM.Collect$$rtentry$$0000000C  c_w.l(__rtentry2.o)
    0x0800021e   0x0800021e   0x00000008   Code   RO         3091    .ARM.Collect$$rtentry$$0000000D  c_w.l(__rtentry2.o)
    0x08000226   0x08000226   0x00000002   Code   RO         3258    .ARM.Collect$$rtexit$$00000000  c_w.l(rtexit.o)
    0x08000228   0x08000228   0x00000000   Code   RO         3279    .ARM.Collect$$rtexit$$00000002  c_w.l(rtexit2.o)
    0x08000228   0x08000228   0x00000004   Code   RO         3280    .ARM.Collect$$rtexit$$00000003  c_w.l(rtexit2.o)
    0x0800022c   0x0800022c   0x00000006   Code   RO         3281    .ARM.Collect$$rtexit$$00000004  c_w.l(rtexit2.o)
    0x08000232   0x08000232   0x00000002   PAD
    0x08000234   0x08000234   0x00000040   Code   RO            4    .text               startup_stm32f103xb.o
    0x08000274   0x08000274   0x000000ee   Code   RO         2870    .text               c_w.l(lludivv7m.o)
    0x08000362   0x08000362   0x0000001a   Code   RO         2874    .text               c_w.l(tolower.o)
    0x0800037c   0x0800037c   0x00000034   Code   RO         2876    .text               c_w.l(vsnprintf.o)
    0x080003b0   0x080003b0   0x0000003e   Code   RO         2888    .text               c_w.l(strlen.o)
    0x080003ee   0x080003ee   0x0000008a   Code   RO         2890    .text               c_w.l(rt_memcpy_v6.o)
    0x08000478   0x08000478   0x00000084   Code   RO         2892    .text               c_w.l(rt_memmove_v6.o)
    0x080004fc   0x080004fc   0x00000064   Code   RO         2894    .text               c_w.l(rt_memcpy_w.o)
    0x08000560   0x08000560   0x0000004e   Code   RO         2896    .text               c_w.l(rt_memclr_w.o)
    0x080005ae   0x080005ae   0x00000002   PAD
    0x080005b0   0x080005b0   0x00000080   Code   RO         2898    .text               c_w.l(strcmpv7m.o)
    0x08000630   0x08000630   0x00000006   Code   RO         2900    .text               c_w.l(heapauxi.o)
    0x08000636   0x08000636   0x00000002   PAD
    0x08000638   0x08000638   0x00000008   Code   RO         2934    .text               c_w.l(libspace.o)
    0x08000640   0x08000640   0x00000010   Code   RO         2938    .text               c_w.l(rt_ctype_table.o)
    0x08000650   0x08000650   0x0000004e   Code   RO         2946    .text               c_w.l(_printf_pad.o)
    0x0800069e   0x0800069e   0x00000024   Code   RO         2948    .text               c_w.l(_printf_truncate.o)
    0x080006c2   0x080006c2   0x00000052   Code   RO         2950    .text               c_w.l(_printf_str.o)
    0x08000714   0x08000714   0x00000078   Code   RO         2952    .text               c_w.l(_printf_dec.o)
    0x0800078c   0x0800078c   0x00000028   Code   RO         2954    .text               c_w.l(_printf_charcount.o)
    0x080007b4   0x080007b4   0x00000030   Code   RO         2956    .text               c_w.l(_printf_char_common.o)
    0x080007e4   0x080007e4   0x0000000a   Code   RO         2958    .text               c_w.l(_sputc.o)
    0x080007ee   0x080007ee   0x00000010   Code   RO         2960    .text               c_w.l(_snputc.o)
    0x080007fe   0x080007fe   0x00000002   PAD
    0x08000800   0x08000800   0x000000bc   Code   RO         2962    .text               c_w.l(_printf_wctomb.o)
    0x080008bc   0x080008bc   0x0000007c   Code   RO         2965    .text               c_w.l(_printf_longlong_dec.o)
    0x08000938   0x08000938   0x00000070   Code   RO         2971    .text               c_w.l(_printf_oct_int_ll.o)
    0x080009a8   0x080009a8   0x00000094   Code   RO         2991    .text               c_w.l(_printf_hex_int_ll_ptr.o)
    0x08000a3c   0x08000a3c   0x00000188   Code   RO         3011    .text               c_w.l(__printf_flags_ss_wp.o)
    0x08000bc4   0x08000bc4   0x0000007a   Code   RO         3063    .text               c_w.l(rt_memmove_w.o)
    0x08000c3e   0x08000c3e   0x00000002   PAD
    0x08000c40   0x08000c40   0x00000008   Code   RO         3104    .text               c_w.l(rt_locale_intlibspace.o)
    0x08000c48   0x08000c48   0x0000008a   Code   RO         3106    .text               c_w.l(lludiv10.o)
    0x08000cd2   0x08000cd2   0x000000b2   Code   RO         3110    .text               c_w.l(_printf_intcommon.o)
    0x08000d84   0x08000d84   0x0000041e   Code   RO         3112    .text               c_w.l(_printf_fp_dec.o)
    0x080011a2   0x080011a2   0x00000002   PAD
    0x080011a4   0x080011a4   0x000002fc   Code   RO         3114    .text               c_w.l(_printf_fp_hex.o)
    0x080014a0   0x080014a0   0x0000002c   Code   RO         3119    .text               c_w.l(_printf_char.o)
    0x080014cc   0x080014cc   0x0000002c   Code   RO         3121    .text               c_w.l(_printf_wchar.o)
    0x080014f8   0x080014f8   0x00000040   Code   RO         3136    .text               c_w.l(_wcrtomb.o)
    0x08001538   0x08001538   0x0000004a   Code   RO         3150    .text               c_w.l(sys_stackheap_outer.o)
    0x08001582   0x08001582   0x00000002   PAD
    0x08001584   0x08001584   0x00000080   Code   RO         3154    .text               c_w.l(_printf_fp_infnan.o)
    0x08001604   0x08001604   0x000000e4   Code   RO         3156    .text               c_w.l(bigflt0.o)
    0x080016e8   0x080016e8   0x00000012   Code   RO         3181    .text               c_w.l(exit.o)
    0x080016fa   0x080016fa   0x00000002   PAD
    0x080016fc   0x080016fc   0x0000000c   Code   RO         3276    .text               c_w.l(sys_exit.o)
    0x08001708   0x08001708   0x00000002   Code   RO         3313    .text               c_w.l(use_no_semi.o)
    0x0800170a   0x0800170a   0x00000000   Code   RO         3315    .text               c_w.l(indicate_semi.o)
    0x0800170a   0x0800170a   0x0000003e   Code   RO         3159    CL$$btod_d2e        c_w.l(btod.o)
    0x08001748   0x08001748   0x00000046   Code   RO         3161    CL$$btod_d2e_denorm_low  c_w.l(btod.o)
    0x0800178e   0x0800178e   0x00000060   Code   RO         3160    CL$$btod_d2e_norm_op1  c_w.l(btod.o)
    0x080017ee   0x080017ee   0x00000338   Code   RO         3169    CL$$btod_div_common  c_w.l(btod.o)
    0x08001b26   0x08001b26   0x000000dc   Code   RO         3166    CL$$btod_e2e        c_w.l(btod.o)
    0x08001c02   0x08001c02   0x0000002a   Code   RO         3163    CL$$btod_ediv       c_w.l(btod.o)
    0x08001c2c   0x08001c2c   0x0000002a   Code   RO         3162    CL$$btod_emul       c_w.l(btod.o)
    0x08001c56   0x08001c56   0x00000244   Code   RO         3168    CL$$btod_mult_common  c_w.l(btod.o)
    0x08001e9a   0x08001e9a   0x00000004   Code   RO          147    i.BusFault_Handler  stm32f1xx_it.o
    0x08001e9e   0x08001e9e   0x00000002   Code   RO          148    i.DebugMon_Handler  stm32f1xx_it.o
    0x08001ea0   0x08001ea0   0x00000006   Code   RO           13    i.Error_Handler     main.o
    0x08001ea6   0x08001ea6   0x00000002   PAD
    0x08001ea8   0x08001ea8   0x00000028   Code   RO          857    i.HAL_Delay         stm32f1xx_hal.o
    0x08001ed0   0x08001ed0   0x00000320   Code   RO         1172    i.HAL_GPIO_Init     stm32f1xx_hal_gpio.o
    0x080021f0   0x080021f0   0x0000000c   Code   RO         1176    i.HAL_GPIO_WritePin  stm32f1xx_hal_gpio.o
    0x080021fc   0x080021fc   0x0000000c   Code   RO          861    i.HAL_GetTick       stm32f1xx_hal.o
    0x08002208   0x08002208   0x00000018   Code   RO          867    i.HAL_IncTick       stm32f1xx_hal.o
    0x08002220   0x08002220   0x00000028   Code   RO          868    i.HAL_Init          stm32f1xx_hal.o
    0x08002248   0x08002248   0x0000004c   Code   RO          869    i.HAL_InitTick      stm32f1xx_hal.o
    0x08002294   0x08002294   0x00000054   Code   RO          222    i.HAL_MspInit       stm32f1xx_hal_msp.o
    0x080022e8   0x080022e8   0x0000007c   Code   RO         1338    i.HAL_NVIC_SetPriority  stm32f1xx_hal_cortex.o
    0x08002364   0x08002364   0x00000028   Code   RO         1339    i.HAL_NVIC_SetPriorityGrouping  stm32f1xx_hal_cortex.o
    0x0800238c   0x0800238c   0x0000018c   Code   RO         1025    i.HAL_RCC_ClockConfig  stm32f1xx_hal_rcc.o
    0x08002518   0x08002518   0x0000000c   Code   RO         1030    i.HAL_RCC_GetHCLKFreq  stm32f1xx_hal_rcc.o
    0x08002524   0x08002524   0x00000020   Code   RO         1032    i.HAL_RCC_GetPCLK1Freq  stm32f1xx_hal_rcc.o
    0x08002544   0x08002544   0x00000020   Code   RO         1033    i.HAL_RCC_GetPCLK2Freq  stm32f1xx_hal_rcc.o
    0x08002564   0x08002564   0x00000070   Code   RO         1034    i.HAL_RCC_GetSysClockFreq  stm32f1xx_hal_rcc.o
    0x080025d4   0x080025d4   0x00000464   Code   RO         1037    i.HAL_RCC_OscConfig  stm32f1xx_hal_rcc.o
    0x08002a38   0x08002a38   0x00000034   Code   RO         1343    i.HAL_SYSTICK_Config  stm32f1xx_hal_cortex.o
    0x08002a6c   0x08002a6c   0x00000076   Code   RO          507    i.HAL_UART_Init     stm32f1xx_hal_uart.o
    0x08002ae2   0x08002ae2   0x00000002   PAD
    0x08002ae4   0x08002ae4   0x00000084   Code   RO          224    i.HAL_UART_MspInit  stm32f1xx_hal_msp.o
    0x08002b68   0x08002b68   0x000000c2   Code   RO          510    i.HAL_UART_Receive  stm32f1xx_hal_uart.o
    0x08002c2a   0x08002c2a   0x000000be   Code   RO          515    i.HAL_UART_Transmit  stm32f1xx_hal_uart.o
    0x08002ce8   0x08002ce8   0x00000004   Code   RO          149    i.HardFault_Handler  stm32f1xx_it.o
    0x08002cec   0x08002cec   0x00000024   Code   RO           14    i.MX_GPIO_Init      main.o
    0x08002d10   0x08002d10   0x00000038   Code   RO           15    i.MX_USART2_UART_Init  main.o
    0x08002d48   0x08002d48   0x00000004   Code   RO          150    i.MemManage_Handler  stm32f1xx_it.o
    0x08002d4c   0x08002d4c   0x00000004   Code   RO          151    i.NMI_Handler       stm32f1xx_it.o
    0x08002d50   0x08002d50   0x00000002   Code   RO          152    i.PendSV_Handler    stm32f1xx_it.o
    0x08002d52   0x08002d52   0x00000002   PAD
    0x08002d54   0x08002d54   0x00000028   Code   RO         1038    i.RCC_Delay         stm32f1xx_hal_rcc.o
    0x08002d7c   0x08002d7c   0x00000002   Code   RO          153    i.SVC_Handler       stm32f1xx_it.o
    0x08002d7e   0x08002d7e   0x00000008   Code   RO          154    i.SysTick_Handler   stm32f1xx_it.o
    0x08002d86   0x08002d86   0x00000050   Code   RO           16    i.SystemClock_Config  main.o
    0x08002dd6   0x08002dd6   0x00000002   Code   RO         1859    i.SystemInit        system_stm32f1xx.o
    0x08002dd8   0x08002dd8   0x0000006c   Code   RO          530    i.UART_EndRxTransfer  stm32f1xx_hal_uart.o
    0x08002e44   0x08002e44   0x000000fc   Code   RO          534    i.UART_SetConfig    stm32f1xx_hal_uart.o
    0x08002f40   0x08002f40   0x0000008c   Code   RO          538    i.UART_WaitOnFlagUntilTimeout  stm32f1xx_hal_uart.o
    0x08002fcc   0x08002fcc   0x00000004   Code   RO          155    i.UsageFault_Handler  stm32f1xx_it.o
    0x08002fd0   0x08002fd0   0x00000028   Code   RO         3252    i.__ARM_fpclassify  m_ws.l(fpclassify.o)
    0x08002ff8   0x08002ff8   0x00000010   Code   RO         1345    i.__NVIC_GetPriorityGrouping  stm32f1xx_hal_cortex.o
    0x08003008   0x08003008   0x00000028   Code   RO         1346    i.__NVIC_SetPriority  stm32f1xx_hal_cortex.o
    0x08003030   0x08003030   0x0000000e   Code   RO         3004    i._is_digit         c_w.l(__printf_wp.o)
    0x0800303e   0x0800303e   0x00000002   PAD
    0x08003040   0x08003040   0x000000fc   Code   RO         1893    i.cli_add_command   cli.o
    0x0800313c   0x0800313c   0x00000062   Code   RO         1894    i.cli_add_user      cli.o
    0x0800319e   0x0800319e   0x00000002   PAD
    0x080031a0   0x080031a0   0x00000044   Code   RO         1895    i.cli_auth_backspace  cli.o
    0x080031e4   0x080031e4   0x00000028   Code   RO         1896    i.cli_auth_clear_input  cli.o
    0x0800320c   0x0800320c   0x000000d0   Code   RO         1897    i.cli_auth_handle   cli.o
    0x080032dc   0x080032dc   0x0000002a   Code   RO         1898    i.cli_auth_input_limit  cli.o
    0x08003306   0x08003306   0x00000054   Code   RO         1899    i.cli_auth_insert_char  cli.o
    0x0800335a   0x0800335a   0x00000048   Code   RO         1900    i.cli_auth_lockout_expired  cli.o
    0x080033a2   0x080033a2   0x00000002   PAD
    0x080033a4   0x080033a4   0x0000002c   Code   RO         1901    i.cli_auth_prompt_username  cli.o
    0x080033d0   0x080033d0   0x00000012   Code   RO         1902    i.cli_auth_reset_work  cli.o
    0x080033e2   0x080033e2   0x0000001c   Code   RO         1903    i.cli_auth_secret_input  cli.o
    0x080033fe   0x080033fe   0x00000002   PAD
    0x08003400   0x08003400   0x000000e8   Code   RO         1904    i.cli_auth_submit_line  cli.o
    0x080034e8   0x080034e8   0x00000134   Code   RO         1905    i.cli_auth_verify   cli.o
    0x0800361c   0x0800361c   0x00000026   Code   RO         1906    i.cli_backspace     cli.o
    0x08003642   0x08003642   0x00000034   Code   RO         1907    i.cli_case_prefix_match  cli.o
    0x08003676   0x08003676   0x00000084   Code   RO         1908    i.cli_check_idle_timeout  cli.o
    0x080036fa   0x080036fa   0x00000020   Code   RO         1910    i.cli_clear_input   cli.o
    0x0800371a   0x0800371a   0x00000002   PAD
    0x0800371c   0x0800371c   0x0000006c   Code   RO         1911    i.cli_cmd_builtin_clear_screen  cli.o
    0x08003788   0x08003788   0x000000c8   Code   RO         1916    i.cli_cmd_builtin_exit  cli.o
    0x08003850   0x08003850   0x000000d0   Code   RO         1917    i.cli_cmd_builtin_help  cli.o
    0x08003920   0x08003920   0x00000090   Code   RO         1918    i.cli_cmd_builtin_history  cli.o
    0x080039b0   0x080039b0   0x00000048   Code   RO         1923    i.cli_cmd_has_children  cli.o
    0x080039f8   0x080039f8   0x00000014   Code   RO         1924    i.cli_context_current  cli.o
    0x08003a0c   0x08003a0c   0x00000004   Code   RO         1925    i.cli_context_set_to_node  cli.o
    0x08003a10   0x08003a10   0x00000088   Code   RO         1926    i.cli_delete_char   cli.o
    0x08003a98   0x08003a98   0x00000014   Code   RO          259    i.cli_demo_poll     cli_demo_setup.o
    0x08003aac   0x08003aac   0x00000138   Code   RO          260    i.cli_demo_setup    cli_demo_setup.o
    0x08003be4   0x08003be4   0x00000010   Code   RO          261    i.cli_demo_shutdown  cli_demo_setup.o
    0x08003bf4   0x08003bf4   0x00000018   Code   RO         1927    i.cli_done          cli.o
    0x08003c0c   0x08003c0c   0x000000a0   Code   RO         1928    i.cli_error_p       cli.o
    0x08003cac   0x08003cac   0x000000c6   Code   RO         1931    i.cli_execute       cli.o
    0x08003d72   0x08003d72   0x00000002   PAD
    0x08003d74   0x08003d74   0x0000018c   Code   RO         1932    i.cli_execute_command  cli.o
    0x08003f00   0x08003f00   0x00000228   Code   RO         1933    i.cli_feed          cli.o
    0x08004128   0x08004128   0x00000010   Code   RO         1934    i.cli_flush         cli.o
    0x08004138   0x08004138   0x00000098   Code   RO         1935    i.cli_foreach_match  cli.o
    0x080041d0   0x080041d0   0x000000a0   Code   RO         1941    i.cli_handle_idle_timeout  cli.o
    0x08004270   0x08004270   0x0000007c   Code   RO         1942    i.cli_has_any_match  cli.o
    0x080042ec   0x080042ec   0x0000010e   Code   RO         1944    i.cli_history_add   cli.o
    0x080043fa   0x080043fa   0x0000001e   Code   RO         1945    i.cli_history_capture_edited_preview  cli.o
    0x08004418   0x08004418   0x00000056   Code   RO         1946    i.cli_history_clear_displayed_input  cli.o
    0x0800446e   0x0800446e   0x0000001a   Code   RO         1947    i.cli_history_index  cli.o
    0x08004488   0x08004488   0x000000c4   Code   RO         1948    i.cli_history_navigate  cli.o
    0x0800454c   0x0800454c   0x00000104   Code   RO         1949    i.cli_init          cli.o
    0x08004650   0x08004650   0x00000094   Code   RO         1950    i.cli_insert_char   cli.o
    0x080046e4   0x080046e4   0x0000004c   Code   RO         1951    i.cli_kill_line     cli.o
    0x08004730   0x08004730   0x00000046   Code   RO         1952    i.cli_kill_word     cli.o
    0x08004776   0x08004776   0x0000007e   Code   RO         1954    i.cli_menu_context_parent  cli.o
    0x080047f4   0x080047f4   0x00000054   Code   RO         1955    i.cli_move_cursor   cli.o
    0x08004848   0x08004848   0x00000038   Code   RO         1956    i.cli_move_cursor_delta  cli.o
    0x08004880   0x08004880   0x00000010   Code   RO         1957    i.cli_move_cursor_end  cli.o
    0x08004890   0x08004890   0x0000008c   Code   RO         1959    i.cli_print_help_cb  cli.o
    0x0800491c   0x0800491c   0x00000038   Code   RO         1961    i.cli_print_process_stream  cli.o
    0x08004954   0x08004954   0x0000008c   Code   RO         1962    i.cli_println_p     cli.o
    0x080049e0   0x080049e0   0x00000080   Code   RO         1963    i.cli_process_escape  cli.o
    0x08004a60   0x08004a60   0x0000001a   Code   RO         1964    i.cli_raw_write     cli.o
    0x08004a7a   0x08004a7a   0x00000002   PAD
    0x08004a7c   0x08004a7c   0x00000054   Code   RO         1965    i.cli_redraw_line   cli.o
    0x08004ad0   0x08004ad0   0x00000284   Code   RO          262    i.cli_register_commands  cli_demo_setup.o
    0x08004d54   0x08004d54   0x00000008   Code   RO         1969    i.cli_require_authorization  cli.o
    0x08004d5c   0x08004d5c   0x00000012   Code   RO         1970    i.cli_reset_input   cli.o
    0x08004d6e   0x08004d6e   0x000000d2   Code   RO         1971    i.cli_resolve_one   cli.o
    0x08004e40   0x08004e40   0x0000004e   Code   RO         1972    i.cli_restart_session  cli.o
    0x08004e8e   0x08004e8e   0x00000002   PAD
    0x08004e90   0x08004e90   0x000001b0   Code   RO         1973    i.cli_session_engine  cli.o
    0x08005040   0x08005040   0x00000018   Code   RO         1978    i.cli_set_banner    cli.o
    0x08005058   0x08005058   0x00000024   Code   RO         1980    i.cli_set_enable_secret  cli.o
    0x0800507c   0x0800507c   0x00000008   Code   RO         1982    i.cli_set_exit_root_policy  cli.o
    0x08005084   0x08005084   0x00000014   Code   RO         1984    i.cli_set_idle_timeout  cli.o
    0x08005098   0x08005098   0x0000002c   Code   RO         1987    i.cli_set_mode      cli.o
    0x080050c4   0x080050c4   0x00000020   Code   RO         1989    i.cli_set_mode_name  cli.o
    0x080050e4   0x080050e4   0x00000024   Code   RO         1995    i.cli_set_privilege  cli.o
    0x08005108   0x08005108   0x00000008   Code   RO         1997    i.cli_set_quit_policy  cli.o
    0x08005110   0x08005110   0x00000008   Code   RO         1999    i.cli_set_userdata  cli.o
    0x08005118   0x08005118   0x00000188   Code   RO         2000    i.cli_show_help     cli.o
    0x080052a0   0x080052a0   0x00000114   Code   RO         2001    i.cli_show_prompt   cli.o
    0x080053b4   0x080053b4   0x00000026   Code   RO         2002    i.cli_snprintf      cli.o
    0x080053da   0x080053da   0x00000014   Code   RO         2004    i.cli_start         cli.o
    0x080053ee   0x080053ee   0x0000002c   Code   RO         2005    i.cli_state_is_auth_input  cli.o
    0x0800541a   0x0800541a   0x00000026   Code   RO         2006    i.cli_strlcpy       cli.o
    0x08005440   0x08005440   0x00000028   Code   RO         2007    i.cli_submit_line   cli.o
    0x08005468   0x08005468   0x00000260   Code   RO         2008    i.cli_tab_complete  cli.o
    0x080056c8   0x080056c8   0x0000005c   Code   RO         2009    i.cli_tokenize      cli.o
    0x08005724   0x08005724   0x0000001c   Code   RO         2011    i.cli_touch_activity_internal  cli.o
    0x08005740   0x08005740   0x0000003c   Code   RO          389    i.cli_transport_serial_init  cli_transport_serial.o
    0x0800577c   0x0800577c   0x00000018   Code   RO         2012    i.cli_vsnprintf     cli.o
    0x08005794   0x08005794   0x00000010   Code   RO         2013    i.cli_write_char    cli.o
    0x080057a4   0x080057a4   0x0000001c   Code   RO         2014    i.cli_write_str     cli.o
    0x080057c0   0x080057c0   0x000000b4   Code   RO          263    i.cmd_add           cli_demo_setup.o
    0x08005874   0x08005874   0x0000001a   Code   RO          264    i.cmd_arithmetic    cli_demo_setup.o
    0x0800588e   0x0800588e   0x00000002   PAD
    0x08005890   0x08005890   0x00000034   Code   RO          265    i.cmd_calculator    cli_demo_setup.o
    0x080058c4   0x080058c4   0x000000d0   Code   RO          266    i.cmd_led           cli_demo_setup.o
    0x08005994   0x08005994   0x0000006c   Code   RO          267    i.cmd_reboot        cli_demo_setup.o
    0x08005a00   0x08005a00   0x0000008c   Code   RO          268    i.cmd_show_version  cli_demo_setup.o
    0x08005a8c   0x08005a8c   0x000000a0   Code   RO          269    i.cmd_sub           cli_demo_setup.o
    0x08005b2c   0x08005b2c   0x0000000a   Code   RO         2609    i.dec_value         cli_args_parse.o
    0x08005b36   0x08005b36   0x000000b8   Code   RO         2015    i.handle_csi        cli.o
    0x08005bee   0x08005bee   0x00000012   Code   RO         2624    i.is_dec_digit      cli_args_parse.o
    0x08005c00   0x08005c00   0x00000024   Code   RO           17    i.main              main.o
    0x08005c24   0x08005c24   0x00000058   Code   RO         2631    i.parse_i32         cli_args_parse.o
    0x08005c7c   0x08005c7c   0x00000120   Code   RO         2632    i.parse_i64         cli_args_parse.o
    0x08005d9c   0x08005d9c   0x00000012   Code   RO          270    i.stm32_now_sec     cli_demo_setup.o
    0x08005dae   0x08005dae   0x00000002   PAD
    0x08005db0   0x08005db0   0x0000004c   Code   RO          390    i.stm32_serial_available  cli_transport_serial.o
    0x08005dfc   0x08005dfc   0x00000006   Code   RO          391    i.stm32_serial_flush  cli_transport_serial.o
    0x08005e02   0x08005e02   0x00000002   PAD
    0x08005e04   0x08005e04   0x0000003c   Code   RO          392    i.stm32_serial_read  cli_transport_serial.o
    0x08005e40   0x08005e40   0x00000034   Code   RO          393    i.stm32_serial_write  cli_transport_serial.o
    0x08005e74   0x08005e74   0x0000002c   Code   RO         3139    locale$$code        c_w.l(lc_ctype_c.o)
    0x08005ea0   0x08005ea0   0x0000002c   Code   RO         3142    locale$$code        c_w.l(lc_numeric_c.o)
    0x08005ecc   0x08005ecc   0x00000004   Code   RO         3073    x$fpl$printf1       fz_ws.l(printf1.o)
    0x08005ed0   0x08005ed0   0x00000004   Code   RO         3075    x$fpl$printf2       fz_ws.l(printf2.o)
    0x08005ed4   0x08005ed4   0x00000000   Code   RO         3083    x$fpl$usenofp       fz_ws.l(usenofp.o)
    0x08005ed4   0x08005ed4   0x00000012   Data   RO         1039    .constdata          stm32f1xx_hal_rcc.o
    0x08005ee6   0x08005ee6   0x00000018   Data   RO         1860    .constdata          system_stm32f1xx.o
    0x08005efe   0x08005efe   0x00000002   PAD
    0x08005f00   0x08005f00   0x00000008   Data   RO         2963    .constdata          c_w.l(_printf_wctomb.o)
    0x08005f08   0x08005f08   0x00000028   Data   RO         2992    .constdata          c_w.l(_printf_hex_int_ll_ptr.o)
    0x08005f30   0x08005f30   0x00000011   Data   RO         3012    .constdata          c_w.l(__printf_flags_ss_wp.o)
    0x08005f41   0x08005f41   0x00000026   Data   RO         3115    .constdata          c_w.l(_printf_fp_hex.o)
    0x08005f67   0x08005f67   0x00000001   PAD
    0x08005f68   0x08005f68   0x00000094   Data   RO         3157    .constdata          c_w.l(bigflt0.o)
    0x08005ffc   0x08005ffc   0x0000013a   Data   RO          272    .conststring        cli_demo_setup.o
    0x08006136   0x08006136   0x00000002   PAD
    0x08006138   0x08006138   0x00000020   Data   RO         3380    Region$$Table       anon$$obj.o
    0x08006158   0x08006158   0x00000110   Data   RO         3138    locale$$data        c_w.l(lc_ctype_c.o)
    0x08006268   0x08006268   0x0000001c   Data   RO         3141    locale$$data        c_w.l(lc_numeric_c.o)


    Execution Region RW_IRAM1 (Exec base: 0x20000000, Load base: 0x08006284, Size: 0x00001ed8, Max: 0x00005000, ABSOLUTE)

    Exec Addr    Load Addr    Size         Type   Attr      Idx    E Section Name        Object

    0x20000000   0x08006284   0x00000004   Data   RW          273    .data               cli_demo_setup.o
    0x20000004   0x08006288   0x00000002   Data   RW          394    .data               cli_transport_serial.o
    0x20000006   0x0800628a   0x00000002   PAD
    0x20000008   0x0800628c   0x00000009   Data   RW          875    .data               stm32f1xx_hal.o
    0x20000011   0x08006295   0x00000003   PAD
    0x20000014   0x08006298   0x00000004   Data   RW         1861    .data               system_stm32f1xx.o
    0x20000018        -       0x00000048   Zero   RW           18    .bss                main.o
    0x20000060        -       0x00000c18   Zero   RW          271    .bss                cli_demo_setup.o
    0x20000c78        -       0x00000060   Zero   RW         2935    .bss                c_w.l(libspace.o)
    0x20000cd8        -       0x00000200   Zero   RW            2    HEAP                startup_stm32f103xb.o
    0x20000ed8        -       0x00001000   Zero   RW            1    STACK               startup_stm32f103xb.o


==============================================================================

Image component sizes


      Code (inc. data)   RO Data    RW Data    ZI Data      Debug   Object Name

      9230        632          0          0          0      63842   cli.o
       404          0          0          0          0       3476   cli_args_parse.o
      1884        790        314          4       3096      50048   cli_demo_setup.o
       254         34          0          2          0       3820   cli_transport_serial.o
       214         20          0          0         72     397041   main.o
        64         26        236          0       4608        820   startup_stm32f103xb.o
       192         36          0          9          0       5957   stm32f1xx_hal.o
       272         22          0          0          0      28822   stm32f1xx_hal_cortex.o
       812         34          0          0          0       2700   stm32f1xx_hal_gpio.o
       216         20          0          0          0       1621   stm32f1xx_hal_msp.o
      1748         98         18          0          0       6040   stm32f1xx_hal_rcc.o
      1002          4          0          0          0       5479   stm32f1xx_hal_uart.o
        34          0          0          0          0       3998   stm32f1xx_it.o
         2          0         24          4          0       1143   system_stm32f1xx.o

    ----------------------------------------------------------------------
     16354       1716        628         24       7776     574807   Object Totals
         0          0         32          0          0          0   (incl. Generated)
        26          0          4          5          0          0   (incl. Padding)

    ----------------------------------------------------------------------

      Code (inc. data)   RO Data    RW Data    ZI Data      Debug   Library Member Name

         8          0          0          0          0         68   __main.o
       392          4         17          0          0         92   __printf_flags_ss_wp.o
        14          0          0          0          0         68   __printf_wp.o
         0          0          0          0          0          0   __rtentry.o
        12          0          0          0          0          0   __rtentry2.o
         6          0          0          0          0          0   __rtentry4.o
        52          8          0          0          0          0   __scatter.o
        26          0          0          0          0          0   __scatter_copy.o
        28          0          0          0          0          0   __scatter_zi.o
         6          0          0          0          0          0   _printf_a.o
         6          0          0          0          0          0   _printf_c.o
        44          0          0          0          0        108   _printf_char.o
        48          6          0          0          0         96   _printf_char_common.o
        40          0          0          0          0         68   _printf_charcount.o
         6          0          0          0          0          0   _printf_d.o
       120         16          0          0          0         92   _printf_dec.o
         6          0          0          0          0          0   _printf_e.o
         6          0          0          0          0          0   _printf_f.o
      1054          0          0          0          0        216   _printf_fp_dec.o
       764          8         38          0          0        100   _printf_fp_hex.o
       128         16          0          0          0         84   _printf_fp_infnan.o
         6          0          0          0          0          0   _printf_g.o
       148          4         40          0          0        160   _printf_hex_int_ll_ptr.o
         6          0          0          0          0          0   _printf_i.o
       178          0          0          0          0         88   _printf_intcommon.o
        10          0          0          0          0          0   _printf_l.o
         6          0          0          0          0          0   _printf_lc.o
        10          0          0          0          0          0   _printf_ll.o
         6          0          0          0          0          0   _printf_lld.o
         6          0          0          0          0          0   _printf_lli.o
         6          0          0          0          0          0   _printf_llo.o
         6          0          0          0          0          0   _printf_llu.o
         6          0          0          0          0          0   _printf_llx.o
       124         16          0          0          0         92   _printf_longlong_dec.o
         6          0          0          0          0          0   _printf_ls.o
         6          0          0          0          0          0   _printf_n.o
         6          0          0          0          0          0   _printf_o.o
       112         10          0          0          0        124   _printf_oct_int_ll.o
         6          0          0          0          0          0   _printf_p.o
        78          0          0          0          0        108   _printf_pad.o
         0          0          0          0          0          0   _printf_percent.o
         4          0          0          0          0          0   _printf_percent_end.o
         6          0          0          0          0          0   _printf_s.o
        82          0          0          0          0         80   _printf_str.o
        36          0          0          0          0         84   _printf_truncate.o
         6          0          0          0          0          0   _printf_u.o
        44          0          0          0          0        108   _printf_wchar.o
       188          6          8          0          0         92   _printf_wctomb.o
         6          0          0          0          0          0   _printf_x.o
        16          0          0          0          0         68   _snputc.o
        10          0          0          0          0         68   _sputc.o
        64          0          0          0          0         92   _wcrtomb.o
       228          4        148          0          0         96   bigflt0.o
      1936        128          0          0          0        672   btod.o
        18          0          0          0          0         80   exit.o
         6          0          0          0          0        152   heapauxi.o
         0          0          0          0          0          0   indicate_semi.o
        44         10        272          0          0         76   lc_ctype_c.o
        44         10         28          0          0         76   lc_numeric_c.o
         2          0          0          0          0          0   libinit.o
        30          0          0          0          0          0   libinit2.o
         2          0          0          0          0          0   libshutdown.o
         2          0          0          0          0          0   libshutdown2.o
         8          4          0          0         96         68   libspace.o
       138          0          0          0          0         80   lludiv10.o
       238          0          0          0          0        100   lludivv7m.o
        16          4          0          0          0         76   rt_ctype_table.o
         8          4          0          0          0         68   rt_locale_intlibspace.o
        78          0          0          0          0         80   rt_memclr_w.o
       138          0          0          0          0         68   rt_memcpy_v6.o
       100          0          0          0          0         80   rt_memcpy_w.o
       132          0          0          0          0         68   rt_memmove_v6.o
       122          0          0          0          0         80   rt_memmove_w.o
         2          0          0          0          0          0   rtexit.o
        10          0          0          0          0          0   rtexit2.o
       128          0          0          0          0         68   strcmpv7m.o
        62          0          0          0          0         76   strlen.o
        12          4          0          0          0         68   sys_exit.o
        74          0          0          0          0         80   sys_stackheap_outer.o
        26          0          0          0          0         76   tolower.o
         2          0          0          0          0         68   use_no_semi.o
        52          4          0          0          0         80   vsnprintf.o
         4          0          0          0          0         68   printf1.o
         4          0          0          0          0         68   printf2.o
         0          0          0          0          0          0   usenofp.o
        40          0          0          0          0         68   fpclassify.o

    ----------------------------------------------------------------------
      7686        266        552          0         96       4796   Library Totals
        20          0          1          0          0          0   (incl. Padding)

    ----------------------------------------------------------------------

      Code (inc. data)   RO Data    RW Data    ZI Data      Debug   Library Name

      7618        266        551          0         96       4592   c_w.l
         8          0          0          0          0        136   fz_ws.l
        40          0          0          0          0         68   m_ws.l

    ----------------------------------------------------------------------
      7686        266        552          0         96       4796   Library Totals

    ----------------------------------------------------------------------

==============================================================================


      Code (inc. data)   RO Data    RW Data    ZI Data      Debug   

     24040       1982       1180         24       7872     569719   Grand Totals
     24040       1982       1180         24       7872     569719   ELF Image Totals
     24040       1982       1180         24          0          0   ROM Totals

==============================================================================

    Total RO  Size (Code + RO Data)                25220 (  24.63kB)
    Total RW  Size (RW Data + ZI Data)              7896 (   7.71kB)
    Total ROM Size (Code + RO Data + RW Data)      25244 (  24.65kB)

==============================================================================

