Archive member included to satisfy reference by file (symbol)

C:/Users/PC/.pico-sdk/toolchain/14_2_Rel1/bin/../lib/gcc/arm-none-eabi/14.2.1/thumb/v8-m.main+fp/softfp\libm.a(libm_a-wf_sqrt.o)
                              CMakeFiles/OpenLibCLI.dir/C_/Users/PC/.pico-sdk/sdk/2.2.0/src/rp2_common/pico_float/float_math.c.obj (sqrtf)
C:/Users/PC/.pico-sdk/toolchain/14_2_Rel1/bin/../lib/gcc/arm-none-eabi/14.2.1/thumb/v8-m.main+fp/softfp\libm.a(libm_a-ef_sqrt.o)
                              C:/Users/PC/.pico-sdk/toolchain/14_2_Rel1/bin/../lib/gcc/arm-none-eabi/14.2.1/thumb/v8-m.main+fp/softfp\libm.a(libm_a-wf_sqrt.o) (__ieee754_sqrtf)
C:/Users/PC/.pico-sdk/toolchain/14_2_Rel1/bin/../lib/gcc/arm-none-eabi/14.2.1/thumb/v8-m.main+fp/softfp\libgcc.a(_arm_addsubdf3.o)
                              CMakeFiles/OpenLibCLI.dir/C_/Users/PC/.pico-sdk/sdk/2.2.0/src/rp2_common/pico_float/float_math.c.obj (__aeabi_f2d)
C:/Users/PC/.pico-sdk/toolchain/14_2_Rel1/bin/../lib/gcc/arm-none-eabi/14.2.1/thumb/v8-m.main+fp/softfp\libgcc.a(_aeabi_ldivmod.o)
                              CMakeFiles/OpenLibCLI.dir/C_/Users/PC/.pico-sdk/sdk/2.2.0/src/common/pico_time/time.c.obj (__aeabi_ldivmod)
C:/Users/PC/.pico-sdk/toolchain/14_2_Rel1/bin/../lib/gcc/arm-none-eabi/14.2.1/thumb/v8-m.main+fp/softfp\libgcc.a(_aeabi_uldivmod.o)
                              CMakeFiles/OpenLibCLI.dir/C_/Users/PC/.pico-sdk/sdk/2.2.0/src/rp2_common/hardware_clocks/clocks.c.obj (__aeabi_uldivmod)
C:/Users/PC/.pico-sdk/toolchain/14_2_Rel1/bin/../lib/gcc/arm-none-eabi/14.2.1/thumb/v8-m.main+fp/softfp\libgcc.a(_udivmoddi4.o)
                              C:/Users/PC/.pico-sdk/toolchain/14_2_Rel1/bin/../lib/gcc/arm-none-eabi/14.2.1/thumb/v8-m.main+fp/softfp\libgcc.a(_aeabi_ldivmod.o) (__udivmoddi4)
C:/Users/PC/.pico-sdk/toolchain/14_2_Rel1/bin/../lib/gcc/arm-none-eabi/14.2.1/thumb/v8-m.main+fp/softfp\libgcc.a(_dvmd_tls.o)
                              C:/Users/PC/.pico-sdk/toolchain/14_2_Rel1/bin/../lib/gcc/arm-none-eabi/14.2.1/thumb/v8-m.main+fp/softfp\libgcc.a(_aeabi_ldivmod.o) (__aeabi_ldiv0)
C:/Users/PC/.pico-sdk/toolchain/14_2_Rel1/bin/../lib/gcc/arm-none-eabi/14.2.1/thumb/v8-m.main+fp/softfp\libg.a(libc_a-calloc.o)
                              CMakeFiles/OpenLibCLI.dir/C_/Users/PC/.pico-sdk/sdk/2.2.0/src/rp2_common/pico_malloc/malloc.c.obj (calloc)
C:/Users/PC/.pico-sdk/toolchain/14_2_Rel1/bin/../lib/gcc/arm-none-eabi/14.2.1/thumb/v8-m.main+fp/softfp\libg.a(libc_a-callocr.o)
                              C:/Users/PC/.pico-sdk/toolchain/14_2_Rel1/bin/../lib/gcc/arm-none-eabi/14.2.1/thumb/v8-m.main+fp/softfp\libg.a(libc_a-calloc.o) (_calloc_r)
C:/Users/PC/.pico-sdk/toolchain/14_2_Rel1/bin/../lib/gcc/arm-none-eabi/14.2.1/thumb/v8-m.main+fp/softfp\libg.a(libc_a-malloc.o)
                              CMakeFiles/OpenLibCLI.dir/C_/Users/PC/.pico-sdk/sdk/2.2.0/src/rp2_common/pico_malloc/malloc.c.obj (malloc)
C:/Users/PC/.pico-sdk/toolchain/14_2_Rel1/bin/../lib/gcc/arm-none-eabi/14.2.1/thumb/v8-m.main+fp/softfp\libg.a(libc_a-mallocr.o)
                              C:/Users/PC/.pico-sdk/toolchain/14_2_Rel1/bin/../lib/gcc/arm-none-eabi/14.2.1/thumb/v8-m.main+fp/softfp\libg.a(libc_a-callocr.o) (_malloc_r)
C:/Users/PC/.pico-sdk/toolchain/14_2_Rel1/bin/../lib/gcc/arm-none-eabi/14.2.1/thumb/v8-m.main+fp/softfp\libg.a(libc_a-mlock.o)
                              C:/Users/PC/.pico-sdk/toolchain/14_2_Rel1/bin/../lib/gcc/arm-none-eabi/14.2.1/thumb/v8-m.main+fp/softfp\libg.a(libc_a-mallocr.o) (__malloc_lock)
C:/Users/PC/.pico-sdk/toolchain/14_2_Rel1/bin/../lib/gcc/arm-none-eabi/14.2.1/thumb/v8-m.main+fp/softfp\libg.a(libc_a-realloc.o)
                              CMakeFiles/OpenLibCLI.dir/C_/Users/PC/.pico-sdk/sdk/2.2.0/src/rp2_common/pico_malloc/malloc.c.obj (realloc)
C:/Users/PC/.pico-sdk/toolchain/14_2_Rel1/bin/../lib/gcc/arm-none-eabi/14.2.1/thumb/v8-m.main+fp/softfp\libg.a(libc_a-reallocr.o)
                              C:/Users/PC/.pico-sdk/toolchain/14_2_Rel1/bin/../lib/gcc/arm-none-eabi/14.2.1/thumb/v8-m.main+fp/softfp\libg.a(libc_a-realloc.o) (_realloc_r)
C:/Users/PC/.pico-sdk/toolchain/14_2_Rel1/bin/../lib/gcc/arm-none-eabi/14.2.1/thumb/v8-m.main+fp/softfp\libg.a(libc_a-memcmp.o)
                              CMakeFiles/OpenLibCLI.dir/C_/Users/PC/.pico-sdk/sdk/2.2.0/src/rp2_common/pico_atomic/atomic.c.obj (memcmp)
C:/Users/PC/.pico-sdk/toolchain/14_2_Rel1/bin/../lib/gcc/arm-none-eabi/14.2.1/thumb/v8-m.main+fp/softfp\libg.a(libc_a-memmove.o)
                              C:/Users/PC/.pico-sdk/toolchain/14_2_Rel1/bin/../lib/gcc/arm-none-eabi/14.2.1/thumb/v8-m.main+fp/softfp\libg.a(libc_a-reallocr.o) (memmove)
C:/Users/PC/.pico-sdk/toolchain/14_2_Rel1/bin/../lib/gcc/arm-none-eabi/14.2.1/thumb/v8-m.main+fp/softfp\libg.a(libc_a-memset.o)
                              C:/Users/PC/.pico-sdk/toolchain/14_2_Rel1/bin/../lib/gcc/arm-none-eabi/14.2.1/thumb/v8-m.main+fp/softfp/crt0.o (memset)
[...]
Memory Configuration

Name             Origin             Length             Attributes
FLASH            0x10000000         0x00400000         xr
RAM              0x20000000         0x00080000         xrw
SCRATCH_X        0x20080000         0x00001000         xrw
SCRATCH_Y        0x20081000         0x00001000         xrw
*default*        0x00000000         0xffffffff

Linker script and memory map

LOAD C:/Users/PC/.pico-sdk/toolchain/14_2_Rel1/bin/../lib/gcc/arm-none-eabi/14.2.1/thumb/v8-m.main+fp/softfp/crti.o
LOAD C:/Users/PC/.pico-sdk/toolchain/14_2_Rel1/bin/../lib/gcc/arm-none-eabi/14.2.1/thumb/v8-m.main+fp/softfp/crtbegin.o
LOAD C:/Users/PC/.pico-sdk/toolchain/14_2_Rel1/bin/../lib/gcc/arm-none-eabi/14.2.1/thumb/v8-m.main+fp/softfp/crt0.o

.flash_begin    0x10000000        0x0
                0x10000000                        __flash_binary_start = .

.text           0x10000000     0x32a4
                0x10000000                        __logical_binary_start = .
 *(.vectors)
 .vectors       0x10000000      0x124 CMakeFiles/OpenLibCLI.dir/C_/Users/PC/.pico-sdk/sdk/2.2.0/src/rp2_common/pico_crt0/crt0.S.obj
                0x10000000                __VECTOR_TABLE
                0x10000000                __vectors
                0x10000110                __unhandled_user_irq
                0x10000110                isr_irq49
                0x10000110                isr_irq13
                0x10000110                isr_irq43
                0x10000110                isr_irq45
                0x10000110                isr_irq27
                0x10000110                isr_irq32
                0x10000110                isr_irq31
                0x10000110                isr_irq12
                0x10000110                isr_irq5
                0x10000110                isr_irq11
                0x10000110                isr_irq3
                0x10000110                isr_irq23
                0x10000110                isr_usagefault
                0x10000110                isr_irq48
                0x10000110                isr_irq30
                0x10000110                isr_irq18
                0x10000110                isr_irq50
                0x10000110                isr_irq33
                0x10000110                isr_irq40
                0x10000110                isr_irq28
                0x10000110                isr_irq19
                0x10000110                isr_irq36
                0x10000110                isr_irq41
                0x10000110                isr_irq0
                0x10000110                isr_irq6
                0x10000110                isr_irq26
                0x10000110                isr_irq29
                0x10000110                isr_memmanage
                0x10000110                isr_irq37
                0x10000110                isr_irq42
                0x10000110                isr_irq22
                0x10000110                isr_irq35
                0x10000110                isr_irq17
                0x10000110                isr_irq38
                0x10000110                isr_irq14
                0x10000110                __vectors_end
                0x10000110                __default_isrs_start
                0x10000110                isr_irq2
                0x10000110                isr_irq10
                0x10000110                isr_irq8
                0x10000110                isr_debugmonitor
                0x10000110                isr_irq24
                0x10000110                isr_irq46
                0x10000110                isr_irq1
                0x10000110                isr_irq47
                0x10000110                isr_irq51
                0x10000110                isr_irq7
                0x10000110                isr_irq21
                0x10000110                isr_irq39
                0x10000110                isr_irq20
                0x10000110                isr_irq15
                0x10000110                isr_irq25
                0x10000110                isr_irq34
                0x10000110                isr_irq44
                0x10000110                isr_securefault
                0x10000110                isr_irq4
                0x10000110                isr_busfault
                0x10000110                isr_irq16
                0x10000110                isr_irq9
                0x10000116                unhandled_user_irq_num_in_r0
                0x10000118                isr_invalid
                0x1000011a                isr_nmi
                0x1000011c                isr_hardfault
                0x1000011e                isr_svcall
                0x10000120                isr_pendsv
                0x10000122                isr_systick
                0x10000124                __default_isrs_end
 *(.binary_info_header)
 .binary_info_header
                0x10000124       0x14 CMakeFiles/OpenLibCLI.dir/C_/Users/PC/.pico-sdk/sdk/2.2.0/src/rp2_common/pico_crt0/crt0.S.obj
                0x10000138                        __binary_info_header_end = .
 *(.embedded_block)
 .embedded_block
                0x10000138       0x14 CMakeFiles/OpenLibCLI.dir/C_/Users/PC/.pico-sdk/sdk/2.2.0/src/rp2_common/pico_crt0/crt0.S.obj
                0x1000014c                        __embedded_block_end = .
 *(.reset)
 .reset         0x1000014c       0x98 CMakeFiles/OpenLibCLI.dir/C_/Users/PC/.pico-sdk/sdk/2.2.0/src/rp2_common/pico_crt0/crt0.S.obj
                0x1000014c                _entry_point
 *(.init)
 .init          0x100001e4        0x4 C:/Users/PC/.pico-sdk/toolchain/14_2_Rel1/bin/../lib/gcc/arm-none-eabi/14.2.1/thumb/v8-m.main+fp/softfp/crti.o
                0x100001e4                _init
 SORT_BY_NAME(REVERSE(*libgcc.a:cmse_nonsecure_call.o))()
 *(EXCLUDE_FILE(*libm.a: *libc.a:*lib_a-mem*.o *libgcc.a:) .text*)
 .text.register_tm_clones
                0x100001e8       0x28 C:/Users/PC/.pico-sdk/toolchain/14_2_Rel1/bin/../lib/gcc/arm-none-eabi/14.2.1/thumb/v8-m.main+fp/softfp/crtbegin.o
 .text.frame_dummy
                0x10000210       0x24 C:/Users/PC/.pico-sdk/toolchain/14_2_Rel1/bin/../lib/gcc/arm-none-eabi/14.2.1/thumb/v8-m.main+fp/softfp/crtbegin.o
 .text.main     0x10000234       0x1c CMakeFiles/OpenLibCLI.dir/main.c.obj
                0x10000234                main
 .text.gpio_set_function
                0x10000250       0x38 CMakeFiles/OpenLibCLI.dir/C_/Users/PC/.pico-sdk/sdk/2.2.0/src/rp2_common/hardware_gpio/gpio.c.obj
                0x10000250                gpio_set_function
 .text.panic    0x10000288       0x30 CMakeFiles/OpenLibCLI.dir/C_/Users/PC/.pico-sdk/sdk/2.2.0/src/rp2_common/pico_platform_panic/panic.c.obj
                0x10000288                panic
 .text.hw_claim_lock
                0x100002b8       0x24 CMakeFiles/OpenLibCLI.dir/C_/Users/PC/.pico-sdk/sdk/2.2.0/src/common/hardware_claim/claim.c.obj
                0x100002b8                hw_claim_lock
 .text.hw_claim_unlock
                0x100002dc       0x14 CMakeFiles/OpenLibCLI.dir/C_/Users/PC/.pico-sdk/sdk/2.2.0/src/common/hardware_claim/claim.c.obj
                0x100002dc                hw_claim_unlock
 .text.hw_claim_or_assert
                0x100002f0       0x32 CMakeFiles/OpenLibCLI.dir/C_/Users/PC/.pico-sdk/sdk/2.2.0/src/common/hardware_claim/claim.c.obj
                0x100002f0                hw_claim_or_assert
 *fill*         0x10000322        0x2 
 .text.next_striped_spin_lock_num
                0x10000324       0x1c CMakeFiles/OpenLibCLI.dir/C_/Users/PC/.pico-sdk/sdk/2.2.0/src/rp2_common/hardware_sync/sync.c.obj
                0x10000324                next_striped_spin_lock_num
 .text.spinlock_set_extexclall
                0x10000340        0xe CMakeFiles/OpenLibCLI.dir/C_/Users/PC/.pico-sdk/sdk/2.2.0/src/rp2_common/hardware_sync_spin_lock/sync_spin_lock.c.obj
 *fill*         0x1000034e        0x2 
 .text.spin_locks_reset
                0x10000350       0x1c CMakeFiles/OpenLibCLI.dir/C_/Users/PC/.pico-sdk/sdk/2.2.0/src/rp2_common/hardware_sync_spin_lock/sync_spin_lock.c.obj
                0x10000350                spin_locks_reset
 .text.set_raw_irq_handler_and_unlock
                0x1000036c       0x24 CMakeFiles/OpenLibCLI.dir/C_/Users/PC/.pico-sdk/sdk/2.2.0/src/rp2_common/hardware_irq/irq.c.obj
 .text.nvic_ipr0
                0x10000390        0x8 CMakeFiles/OpenLibCLI.dir/C_/Users/PC/.pico-sdk/sdk/2.2.0/src/rp2_common/hardware_irq/irq.c.obj
 .text.runtime_init_per_core_irq_priorities
                0x10000398       0x1c CMakeFiles/OpenLibCLI.dir/C_/Users/PC/.pico-sdk/sdk/2.2.0/src/rp2_common/hardware_irq/irq.c.obj
                0x10000398                runtime_init_per_core_irq_priorities
 .text.resolve_j_16
                0x100003b4       0x40 CMakeFiles/OpenLibCLI.dir/C_/Users/PC/.pico-sdk/sdk/2.2.0/src/rp2_common/hardware_irq/irq.c.obj
 .text.make_j_16
                0x100003f4       0x3c CMakeFiles/OpenLibCLI.dir/C_/Users/PC/.pico-sdk/sdk/2.2.0/src/rp2_common/hardware_irq/irq.c.obj
 .text.insert_bl_32
                0x10000430       0x3c CMakeFiles/OpenLibCLI.dir/C_/Users/PC/.pico-sdk/sdk/2.2.0/src/rp2_common/hardware_irq/irq.c.obj
 .text.irq_is_enabled
                0x1000046c       0x20 CMakeFiles/OpenLibCLI.dir/C_/Users/PC/.pico-sdk/sdk/2.2.0/src/rp2_common/hardware_irq/irq.c.obj
                0x1000046c                irq_is_enabled
 .text.irq_set_mask_n_enabled
                0x1000048c       0x20 CMakeFiles/OpenLibCLI.dir/C_/Users/PC/.pico-sdk/sdk/2.2.0/src/rp2_common/hardware_irq/irq.c.obj
                0x1000048c                irq_set_mask_n_enabled
 .text.irq_set_enabled
                0x100004ac       0x14 CMakeFiles/OpenLibCLI.dir/C_/Users/PC/.pico-sdk/sdk/2.2.0/src/rp2_common/hardware_irq/irq.c.obj
                0x100004ac                irq_set_enabled
 .text.irq_get_vtable_handler
                0x100004c0       0x10 CMakeFiles/OpenLibCLI.dir/C_/Users/PC/.pico-sdk/sdk/2.2.0/src/rp2_common/hardware_irq/irq.c.obj
                0x100004c0                irq_get_vtable_handler
 .text.irq_set_exclusive_handler
                0x100004d0       0x60 CMakeFiles/OpenLibCLI.dir/C_/Users/PC/.pico-sdk/sdk/2.2.0/src/rp2_common/hardware_irq/irq.c.obj
                0x100004d0                irq_set_exclusive_handler
 .text.irq_remove_handler
                0x10000530      0x178 CMakeFiles/OpenLibCLI.dir/C_/Users/PC/.pico-sdk/sdk/2.2.0/src/rp2_common/hardware_irq/irq.c.obj
                0x10000530                irq_remove_handler
 .text.irq_add_tail_to_free_list
                0x100006a8       0xf8 CMakeFiles/OpenLibCLI.dir/C_/Users/PC/.pico-sdk/sdk/2.2.0/src/rp2_common/hardware_irq/irq.c.obj
                0x100006a8                irq_add_tail_to_free_list
 .text.lock_init
                0x100007a0        0xc CMakeFiles/OpenLibCLI.dir/C_/Users/PC/.pico-sdk/sdk/2.2.0/src/common/pico_sync/lock_core.c.obj
                0x100007a0                lock_init
 .text.mutex_init
                0x100007ac       0x1a CMakeFiles/OpenLibCLI.dir/C_/Users/PC/.pico-sdk/sdk/2.2.0/src/common/pico_sync/mutex.c.obj
                0x100007ac                mutex_init
 .text.recursive_mutex_init
                0x100007c6       0x1e CMakeFiles/OpenLibCLI.dir/C_/Users/PC/.pico-sdk/sdk/2.2.0/src/common/pico_sync/mutex.c.obj
                0x100007c6                recursive_mutex_init
 .text.runtime_init_mutex
                0x100007e4       0x4c CMakeFiles/OpenLibCLI.dir/C_/Users/PC/.pico-sdk/sdk/2.2.0/src/common/pico_sync/mutex.c.obj
                0x100007e4                runtime_init_mutex
 .text.ta_from_current_irq
                0x10000830       0x24 CMakeFiles/OpenLibCLI.dir/C_/Users/PC/.pico-sdk/sdk/2.2.0/src/common/pico_time/time.c.obj
 .text.ta_set_timeout
                0x10000854       0x2a CMakeFiles/OpenLibCLI.dir/C_/Users/PC/.pico-sdk/sdk/2.2.0/src/common/pico_time/time.c.obj
 .text.make_alarm_id
                0x1000087e        0x6 CMakeFiles/OpenLibCLI.dir/C_/Users/PC/.pico-sdk/sdk/2.2.0/src/common/pico_time/time.c.obj
 .text.sleep_until_callback
                0x10000884       0x3c CMakeFiles/OpenLibCLI.dir/C_/Users/PC/.pico-sdk/sdk/2.2.0/src/common/pico_time/time.c.obj
 .text.alarm_pool_irq_handler
                0x100008c0      0x2ec CMakeFiles/OpenLibCLI.dir/C_/Users/PC/.pico-sdk/sdk/2.2.0/src/common/pico_time/time.c.obj
 .text.ta_enable_irq_handler
                0x10000bac       0x38 CMakeFiles/OpenLibCLI.dir/C_/Users/PC/.pico-sdk/sdk/2.2.0/src/common/pico_time/time.c.obj
 .text.alarm_pool_post_alloc_init
                0x10000be4       0x7c CMakeFiles/OpenLibCLI.dir/C_/Users/PC/.pico-sdk/sdk/2.2.0/src/common/pico_time/time.c.obj
 .text.alarm_pool_get_default
                0x10000c60       0x28 CMakeFiles/OpenLibCLI.dir/C_/Users/PC/.pico-sdk/sdk/2.2.0/src/common/pico_time/time.c.obj
                0x10000c60                alarm_pool_get_default
 .text.alarm_pool_add_alarm_at_force_in_context
                0x10000c88       0xc0 CMakeFiles/OpenLibCLI.dir/C_/Users/PC/.pico-sdk/sdk/2.2.0/src/common/pico_time/time.c.obj
                0x10000c88                alarm_pool_add_alarm_at_force_in_context
 .text.alarm_pool_add_alarm_at
                0x10000d48       0x38 CMakeFiles/OpenLibCLI.dir/C_/Users/PC/.pico-sdk/sdk/2.2.0/src/common/pico_time/time.c.obj
                0x10000d48                alarm_pool_add_alarm_at
 .text.add_alarm_at
                0x10000d80       0x26 CMakeFiles/OpenLibCLI.dir/C_/Users/PC/.pico-sdk/sdk/2.2.0/src/common/pico_time/time.c.obj
 .text.alarm_pool_cancel_alarm
                0x10000da6       0x72 CMakeFiles/OpenLibCLI.dir/C_/Users/PC/.pico-sdk/sdk/2.2.0/src/common/pico_time/time.c.obj
                0x10000da6                alarm_pool_cancel_alarm
 .text.cancel_alarm
                0x10000e18       0x10 CMakeFiles/OpenLibCLI.dir/C_/Users/PC/.pico-sdk/sdk/2.2.0/src/common/pico_time/time.c.obj
 .text.sleep_until
                0x10000e28       0xb4 CMakeFiles/OpenLibCLI.dir/C_/Users/PC/.pico-sdk/sdk/2.2.0/src/common/pico_time/time.c.obj
                0x10000e28                sleep_until
 .text.sleep_us
                0x10000edc       0x24 CMakeFiles/OpenLibCLI.dir/C_/Users/PC/.pico-sdk/sdk/2.2.0/src/common/pico_time/time.c.obj
                0x10000edc                sleep_us
 .text.sleep_ms
                0x10000f00       0x28 CMakeFiles/OpenLibCLI.dir/C_/Users/PC/.pico-sdk/sdk/2.2.0/src/common/pico_time/time.c.obj
                0x10000f00                sleep_ms
 .text.best_effort_wfe_or_timeout
                0x10000f28       0xfc CMakeFiles/OpenLibCLI.dir/C_/Users/PC/.pico-sdk/sdk/2.2.0/src/common/pico_time/time.c.obj
                0x10000f28                best_effort_wfe_or_timeout
 .text.alarm_pool_get_default_timer
                0x10001024        0x8 CMakeFiles/OpenLibCLI.dir/C_/Users/PC/.pico-sdk/sdk/2.2.0/src/common/pico_time/time.c.obj
                0x10001024                alarm_pool_get_default_timer
 .text.runtime_init_default_alarm_pool
                0x1000102c       0x34 CMakeFiles/OpenLibCLI.dir/C_/Users/PC/.pico-sdk/sdk/2.2.0/src/common/pico_time/time.c.obj
                0x1000102c                runtime_init_default_alarm_pool
 .text.timer_hardware_alarm_claim
                0x10001060       0x24 CMakeFiles/OpenLibCLI.dir/C_/Users/PC/.pico-sdk/sdk/2.2.0/src/rp2_common/hardware_timer/timer.c.obj
                0x10001060                timer_hardware_alarm_claim
 .text.timer_time_us_64
                0x10001084       0x10 CMakeFiles/OpenLibCLI.dir/C_/Users/PC/.pico-sdk/sdk/2.2.0/src/rp2_common/hardware_timer/timer.c.obj
                0x10001084                timer_time_us_64
 .text.timer_busy_wait_until
                0x10001094       0x1a CMakeFiles/OpenLibCLI.dir/C_/Users/PC/.pico-sdk/sdk/2.2.0/src/rp2_common/hardware_timer/timer.c.obj
                0x10001094                timer_busy_wait_until
 .text.timer_busy_wait_us
                0x100010ae       0x28 CMakeFiles/OpenLibCLI.dir/C_/Users/PC/.pico-sdk/sdk/2.2.0/src/rp2_common/hardware_timer/timer.c.obj
                0x100010ae                timer_busy_wait_us
 *fill*         0x100010d6        0x2 
 .text.time_us_64
                0x100010d8       0x10 CMakeFiles/OpenLibCLI.dir/C_/Users/PC/.pico-sdk/sdk/2.2.0/src/rp2_common/hardware_timer/timer.c.obj
                0x100010d8                time_us_64
 .text.busy_wait_us
                0x100010e8       0x14 CMakeFiles/OpenLibCLI.dir/C_/Users/PC/.pico-sdk/sdk/2.2.0/src/rp2_common/hardware_timer/timer.c.obj
                0x100010e8                busy_wait_us
 .text.busy_wait_until
                0x100010fc       0x14 CMakeFiles/OpenLibCLI.dir/C_/Users/PC/.pico-sdk/sdk/2.2.0/src/rp2_common/hardware_timer/timer.c.obj
                0x100010fc                busy_wait_until
 .text.uart_unreset
                0x10001110       0x2c CMakeFiles/OpenLibCLI.dir/C_/Users/PC/.pico-sdk/sdk/2.2.0/src/rp2_common/hardware_uart/uart.c.obj
 .text.uart_disable_before_lcr_write
                0x1000113c       0x40 CMakeFiles/OpenLibCLI.dir/C_/Users/PC/.pico-sdk/sdk/2.2.0/src/rp2_common/hardware_uart/uart.c.obj
 .text.uart_write_lcr_bits_masked
                0x1000117c       0x1c CMakeFiles/OpenLibCLI.dir/C_/Users/PC/.pico-sdk/sdk/2.2.0/src/rp2_common/hardware_uart/uart.c.obj
 .text.uart_set_baudrate
                0x10001198       0x52 CMakeFiles/OpenLibCLI.dir/C_/Users/PC/.pico-sdk/sdk/2.2.0/src/rp2_common/hardware_uart/uart.c.obj
                0x10001198                uart_set_baudrate
 *fill*         0x100011ea        0x2 
 .text.uart_set_translate_crlf
                0x100011ec       0x24 CMakeFiles/OpenLibCLI.dir/C_/Users/PC/.pico-sdk/sdk/2.2.0/src/rp2_common/hardware_uart/uart.c.obj
                0x100011ec                uart_set_translate_crlf
 .text.uart_init
                0x10001210       0x5c CMakeFiles/OpenLibCLI.dir/C_/Users/PC/.pico-sdk/sdk/2.2.0/src/rp2_common/hardware_uart/uart.c.obj
                0x10001210                uart_init
 .text.clock_configure_internal
                0x1000126c       0xb8 CMakeFiles/OpenLibCLI.dir/C_/Users/PC/.pico-sdk/sdk/2.2.0/src/rp2_common/hardware_clocks/clocks.c.obj
 .text.clock_configure_undivided
                0x10001324       0x12 CMakeFiles/OpenLibCLI.dir/C_/Users/PC/.pico-sdk/sdk/2.2.0/src/rp2_common/hardware_clocks/clocks.c.obj
                0x10001324                clock_configure_undivided
 *fill*         0x10001336        0x2 
 .text.clock_get_hz
                0x10001338        0xc CMakeFiles/OpenLibCLI.dir/C_/Users/PC/.pico-sdk/sdk/2.2.0/src/rp2_common/hardware_clocks/clocks.c.obj
                0x10001338                clock_get_hz
 .text.pll_init
                0x10001344      0x108 CMakeFiles/OpenLibCLI.dir/C_/Users/PC/.pico-sdk/sdk/2.2.0/src/rp2_common/hardware_pll/pll.c.obj
                0x10001344                pll_init
 .text.tick_start
                0x1000144c       0x1c CMakeFiles/OpenLibCLI.dir/C_/Users/PC/.pico-sdk/sdk/2.2.0/src/rp2_common/hardware_ticks/ticks.c.obj
                0x1000144c                tick_start
 .text.rom_func_lookup
                0x10001468       0x1e CMakeFiles/OpenLibCLI.dir/C_/Users/PC/.pico-sdk/sdk/2.2.0/src/rp2_common/pico_bootrom/bootrom.c.obj
                0x10001468                rom_func_lookup
 *fill*         0x10001486        0x2 
 .text.runtime_init_bootrom_locking_enable
                0x10001488       0x14 CMakeFiles/OpenLibCLI.dir/C_/Users/PC/.pico-sdk/sdk/2.2.0/src/rp2_common/pico_bootrom/bootrom_lock.c.obj
                0x10001488                runtime_init_bootrom_locking_enable
 .text.boot_locks_reset
                0x1000149c       0x20 CMakeFiles/OpenLibCLI.dir/C_/Users/PC/.pico-sdk/sdk/2.2.0/src/rp2_common/hardware_boot_lock/boot_lock.c.obj
                0x1000149c                boot_locks_reset
 .text.runtime_init_boot_locks_reset
                0x100014bc        0x8 CMakeFiles/OpenLibCLI.dir/C_/Users/PC/.pico-sdk/sdk/2.2.0/src/rp2_common/hardware_boot_lock/boot_lock.c.obj
                0x100014bc                runtime_init_boot_locks_reset
 .text.xosc_init
                0x100014c4       0x28 CMakeFiles/OpenLibCLI.dir/C_/Users/PC/.pico-sdk/sdk/2.2.0/src/rp2_common/hardware_xosc/xosc.c.obj
                0x100014c4                xosc_init
 .text.runtime_run_initializers_from
                0x100014ec       0x18 CMakeFiles/OpenLibCLI.dir/C_/Users/PC/.pico-sdk/sdk/2.2.0/src/rp2_common/pico_runtime/runtime.c.obj
 .text.first_per_core_initializer
                0x10001504        0x2 CMakeFiles/OpenLibCLI.dir/C_/Users/PC/.pico-sdk/sdk/2.2.0/src/rp2_common/pico_runtime/runtime.c.obj
 *fill*         0x10001506        0x2 
 .text.runtime_run_initializers
                0x10001508       0x10 CMakeFiles/OpenLibCLI.dir/C_/Users/PC/.pico-sdk/sdk/2.2.0/src/rp2_common/pico_runtime/runtime.c.obj
                0x10001508                runtime_run_initializers
 .text.runtime_init_early_resets
                0x10001518       0x2c CMakeFiles/OpenLibCLI.dir/C_/Users/PC/.pico-sdk/sdk/2.2.0/src/rp2_common/pico_runtime_init/runtime_init.c.obj
                0x10001518                runtime_init_early_resets
 .text.runtime_init_usb_power_down
                0x10001544       0x20 CMakeFiles/OpenLibCLI.dir/C_/Users/PC/.pico-sdk/sdk/2.2.0/src/rp2_common/pico_runtime_init/runtime_init.c.obj
                0x10001544                runtime_init_usb_power_down
 .text.runtime_init_per_core_enable_coprocessors
                0x10001564       0x1c CMakeFiles/OpenLibCLI.dir/C_/Users/PC/.pico-sdk/sdk/2.2.0/src/rp2_common/pico_runtime_init/runtime_init.c.obj
                0x10001564                runtime_init_per_core_enable_coprocessors
 .text.runtime_init_post_clock_resets
                0x10001580       0x20 CMakeFiles/OpenLibCLI.dir/C_/Users/PC/.pico-sdk/sdk/2.2.0/src/rp2_common/pico_runtime_init/runtime_init.c.obj
                0x10001580                runtime_init_post_clock_resets
 .text.runtime_init_bootrom_reset
                0x100015a0       0x12 CMakeFiles/OpenLibCLI.dir/C_/Users/PC/.pico-sdk/sdk/2.2.0/src/rp2_common/pico_runtime_init/runtime_init.c.obj
                0x100015a0                runtime_init_bootrom_reset
 .text.runtime_init_per_core_bootrom_reset
                0x100015b2       0x12 CMakeFiles/OpenLibCLI.dir/C_/Users/PC/.pico-sdk/sdk/2.2.0/src/rp2_common/pico_runtime_init/runtime_init.c.obj
                0x100015b2                runtime_init_per_core_bootrom_reset
 .text.runtime_init_spin_locks_reset
                0x100015c4        0x8 CMakeFiles/OpenLibCLI.dir/C_/Users/PC/.pico-sdk/sdk/2.2.0/src/rp2_common/pico_runtime_init/runtime_init.c.obj
                0x100015c4                runtime_init_spin_locks_reset
 .text.runtime_init_install_ram_vector_table
                0x100015cc       0x48 CMakeFiles/OpenLibCLI.dir/C_/Users/PC/.pico-sdk/sdk/2.2.0/src/rp2_common/pico_runtime_init/runtime_init.c.obj
                0x100015cc                runtime_init_install_ram_vector_table
 .text.start_all_ticks
                0x10001614       0x28 CMakeFiles/OpenLibCLI.dir/C_/Users/PC/.pico-sdk/sdk/2.2.0/src/rp2_common/pico_runtime_init/runtime_init_clocks.c.obj
 .text.runtime_init_clocks
                0x1000163c       0xc4 CMakeFiles/OpenLibCLI.dir/C_/Users/PC/.pico-sdk/sdk/2.2.0/src/rp2_common/pico_runtime_init/runtime_init_clocks.c.obj
                0x1000163c                runtime_init_clocks
 .text.__rp2350_dcp_engaged_state_save_restore
                0x10001700       0x3a CMakeFiles/OpenLibCLI.dir/C_/Users/PC/.pico-sdk/sdk/2.2.0/src/rp2_common/pico_double/double_aeabi_dcp.S.obj
 *fill*         0x1000173a        0x2 
 .text.__wrap___aeabi_dadd
                0x1000173c       0x28 CMakeFiles/OpenLibCLI.dir/C_/Users/PC/.pico-sdk/sdk/2.2.0/src/rp2_common/pico_double/double_aeabi_dcp.S.obj
                0x10001744                __wrap___aeabi_dadd
 .text.__wrap___aeabi_dsub
                0x10001764       0x28 CMakeFiles/OpenLibCLI.dir/C_/Users/PC/.pico-sdk/sdk/2.2.0/src/rp2_common/pico_double/double_aeabi_dcp.S.obj
                0x1000176c                __wrap___aeabi_dsub
 .text.__wrap___aeabi_dmul
                0x1000178c       0x4c CMakeFiles/OpenLibCLI.dir/C_/Users/PC/.pico-sdk/sdk/2.2.0/src/rp2_common/pico_double/double_aeabi_dcp.S.obj
                0x10001794                __wrap___aeabi_dmul
 .text.__wrap___aeabi_ddiv
                0x100017d8       0x9c CMakeFiles/OpenLibCLI.dir/C_/Users/PC/.pico-sdk/sdk/2.2.0/src/rp2_common/pico_double/double_aeabi_dcp.S.obj
                0x100017e0                __wrap___aeabi_ddiv
 .text.__wrap___aeabi_i2d
                0x10001874       0x24 CMakeFiles/OpenLibCLI.dir/C_/Users/PC/.pico-sdk/sdk/2.2.0/src/rp2_common/pico_double/double_aeabi_dcp.S.obj
                0x1000187c                int2double
                0x1000187c                __wrap___aeabi_i2d
 .text.__wrap___aeabi_ui2d
                0x10001898       0x24 CMakeFiles/OpenLibCLI.dir/C_/Users/PC/.pico-sdk/sdk/2.2.0/src/rp2_common/pico_double/double_aeabi_dcp.S.obj
                0x100018a0                uint2double
                0x100018a0                __wrap___aeabi_ui2d
 .text.__wrap___aeabi_d2iz
                0x100018bc       0x24 CMakeFiles/OpenLibCLI.dir/C_/Users/PC/.pico-sdk/sdk/2.2.0/src/rp2_common/pico_double/double_aeabi_dcp.S.obj
                0x100018c4                double2int_z
                0x100018c4                __wrap___aeabi_d2iz
 .text.__wrap___aeabi_d2uiz
                0x100018e0       0x24 CMakeFiles/OpenLibCLI.dir/C_/Users/PC/.pico-sdk/sdk/2.2.0/src/rp2_common/pico_double/double_aeabi_dcp.S.obj
                0x100018e8                double2uint
                0x100018e8                __wrap___aeabi_d2uiz
                0x100018e8                double2uint_z
 .text.__wrap___aeabi_dcmpun
                0x10001904       0x24 CMakeFiles/OpenLibCLI.dir/C_/Users/PC/.pico-sdk/sdk/2.2.0/src/rp2_common/pico_double/double_aeabi_dcp.S.obj
                0x1000190c                __wrap___aeabi_dcmpun
 .text.__wrap___aeabi_dcmplt
                0x10001928       0x28 CMakeFiles/OpenLibCLI.dir/C_/Users/PC/.pico-sdk/sdk/2.2.0/src/rp2_common/pico_double/double_aeabi_dcp.S.obj
                0x10001930                __wrap___aeabi_dcmplt
 .text.__wrap___aeabi_dcmple
                0x10001950       0x28 CMakeFiles/OpenLibCLI.dir/C_/Users/PC/.pico-sdk/sdk/2.2.0/src/rp2_common/pico_double/double_aeabi_dcp.S.obj
                0x10001958                __wrap___aeabi_dcmple
 .text.__wrap___aeabi_dcmpge
                0x10001978       0x28 CMakeFiles/OpenLibCLI.dir/C_/Users/PC/.pico-sdk/sdk/2.2.0/src/rp2_common/pico_double/double_aeabi_dcp.S.obj
                0x10001980                __wrap___aeabi_dcmpge
 .text.__wrap___aeabi_dcmpgt
                0x100019a0       0x28 CMakeFiles/OpenLibCLI.dir/C_/Users/PC/.pico-sdk/sdk/2.2.0/src/rp2_common/pico_double/double_aeabi_dcp.S.obj
                0x100019a8                __wrap___aeabi_dcmpgt
 .text._out_null
                0x100019c8        0x2 CMakeFiles/OpenLibCLI.dir/C_/Users/PC/.pico-sdk/sdk/2.2.0/src/rp2_common/pico_printf/printf.c.obj
 .text._out_fct
                0x100019ca        0xe CMakeFiles/OpenLibCLI.dir/C_/Users/PC/.pico-sdk/sdk/2.2.0/src/rp2_common/pico_printf/printf.c.obj
 .text._atoi    0x100019d8       0x26 CMakeFiles/OpenLibCLI.dir/C_/Users/PC/.pico-sdk/sdk/2.2.0/src/rp2_common/pico_printf/printf.c.obj
 .text._out_rev
                0x100019fe       0x7e CMakeFiles/OpenLibCLI.dir/C_/Users/PC/.pico-sdk/sdk/2.2.0/src/rp2_common/pico_printf/printf.c.obj
 .text._ntoa_format
                0x10001a7c      0x134 CMakeFiles/OpenLibCLI.dir/C_/Users/PC/.pico-sdk/sdk/2.2.0/src/rp2_common/pico_printf/printf.c.obj
 .text._ntoa_long
                0x10001bb0       0x94 CMakeFiles/OpenLibCLI.dir/C_/Users/PC/.pico-sdk/sdk/2.2.0/src/rp2_common/pico_printf/printf.c.obj
 .text._ntoa_long_long
                0x10001c44       0xc2 CMakeFiles/OpenLibCLI.dir/C_/Users/PC/.pico-sdk/sdk/2.2.0/src/rp2_common/pico_printf/printf.c.obj
 *fill*         0x10001d06        0x2 
 .text._etoa    0x10001d08      0x420 CMakeFiles/OpenLibCLI.dir/C_/Users/PC/.pico-sdk/sdk/2.2.0/src/rp2_common/pico_printf/printf.c.obj
 .text._ftoa    0x10002128      0x398 CMakeFiles/OpenLibCLI.dir/C_/Users/PC/.pico-sdk/sdk/2.2.0/src/rp2_common/pico_printf/printf.c.obj
 .text._vsnprintf
                0x100024c0      0x6d8 CMakeFiles/OpenLibCLI.dir/C_/Users/PC/.pico-sdk/sdk/2.2.0/src/rp2_common/pico_printf/printf.c.obj
 .text.vfctprintf
                0x10002b98       0x24 CMakeFiles/OpenLibCLI.dir/C_/Users/PC/.pico-sdk/sdk/2.2.0/src/rp2_common/pico_printf/printf.c.obj
                0x10002b98                vfctprintf
 .text._exit    0x10002bbc        0x4 CMakeFiles/OpenLibCLI.dir/C_/Users/PC/.pico-sdk/sdk/2.2.0/src/rp2_common/pico_clib_interface/newlib_interface.c.obj
                0x10002bbc                _exit
 .text.exit     0x10002bc0        0x6 CMakeFiles/OpenLibCLI.dir/C_/Users/PC/.pico-sdk/sdk/2.2.0/src/rp2_common/pico_clib_interface/newlib_interface.c.obj
                0x10002bc0                exit
 *fill*         0x10002bc6        0x2 
 .text.__assert_func
                0x10002bc8       0x34 CMakeFiles/OpenLibCLI.dir/C_/Users/PC/.pico-sdk/sdk/2.2.0/src/rp2_common/pico_clib_interface/newlib_interface.c.obj
                0x10002bc8                __assert_func
 .text.runtime_init
                0x10002bfc       0x2c CMakeFiles/OpenLibCLI.dir/C_/Users/PC/.pico-sdk/sdk/2.2.0/src/rp2_common/pico_clib_interface/newlib_interface.c.obj
                0x10002bfc                runtime_init
 .text.stdio_out_chars_no_crlf
                0x10002c28        0xe CMakeFiles/OpenLibCLI.dir/C_/Users/PC/.pico-sdk/sdk/2.2.0/src/rp2_common/pico_stdio/stdio.c.obj
 *fill*         0x10002c36        0x2 
 .text.stdio_out_chars_crlf
                0x10002c38       0x80 CMakeFiles/OpenLibCLI.dir/C_/Users/PC/.pico-sdk/sdk/2.2.0/src/rp2_common/pico_stdio/stdio.c.obj
 .text.stdio_stack_buffer_flush
                0x10002cb8       0x40 CMakeFiles/OpenLibCLI.dir/C_/Users/PC/.pico-sdk/sdk/2.2.0/src/rp2_common/pico_stdio/stdio.c.obj
 .text.stdio_buffered_printer
                0x10002cf8       0x20 CMakeFiles/OpenLibCLI.dir/C_/Users/PC/.pico-sdk/sdk/2.2.0/src/rp2_common/pico_stdio/stdio.c.obj
 .text.stdout_serialize_begin
                0x10002d18       0x2c CMakeFiles/OpenLibCLI.dir/C_/Users/PC/.pico-sdk/sdk/2.2.0/src/rp2_common/pico_stdio/stdio.c.obj
                0x10002d18                stdout_serialize_begin
 .text.stdout_serialize_end
                0x10002d44       0x10 CMakeFiles/OpenLibCLI.dir/C_/Users/PC/.pico-sdk/sdk/2.2.0/src/rp2_common/pico_stdio/stdio.c.obj
                0x10002d44                stdout_serialize_end
 .text.stdio_put_string
                0x10002d54       0x8c CMakeFiles/OpenLibCLI.dir/C_/Users/PC/.pico-sdk/sdk/2.2.0/src/rp2_common/pico_stdio/stdio.c.obj
                0x10002d54                stdio_put_string
 .text.stdio_set_driver_enabled
                0x10002de0       0x2c CMakeFiles/OpenLibCLI.dir/C_/Users/PC/.pico-sdk/sdk/2.2.0/src/rp2_common/pico_stdio/stdio.c.obj
                0x10002de0                stdio_set_driver_enabled
 .text.stdio_flush
                0x10002e0c       0x1c CMakeFiles/OpenLibCLI.dir/C_/Users/PC/.pico-sdk/sdk/2.2.0/src/rp2_common/pico_stdio/stdio.c.obj
                0x10002e0c                stdio_flush
 .text.stdio_init_all
                0x10002e28        0xa CMakeFiles/OpenLibCLI.dir/C_/Users/PC/.pico-sdk/sdk/2.2.0/src/rp2_common/pico_stdio/stdio.c.obj
                0x10002e28                stdio_init_all
 .text.__wrap_puts
                0x10002e32       0x1e CMakeFiles/OpenLibCLI.dir/C_/Users/PC/.pico-sdk/sdk/2.2.0/src/rp2_common/pico_stdio/stdio.c.obj
                0x10002e32                stdio_puts
                0x10002e32                __wrap_puts
 .text.__wrap_vprintf
                0x10002e50       0x40 CMakeFiles/OpenLibCLI.dir/C_/Users/PC/.pico-sdk/sdk/2.2.0/src/rp2_common/pico_stdio/stdio.c.obj
                0x10002e50                stdio_vprintf
                0x10002e50                __wrap_vprintf
 .text.__wrap_printf
                0x10002e90       0x1c CMakeFiles/OpenLibCLI.dir/C_/Users/PC/.pico-sdk/sdk/2.2.0/src/rp2_common/pico_stdio/stdio.c.obj
                0x10002e90                __wrap_printf
                0x10002e90                stdio_printf
 .text.uart_putc
                0x10002eac       0x70 CMakeFiles/OpenLibCLI.dir/C_/Users/PC/.pico-sdk/sdk/2.2.0/src/rp2_common/pico_stdio_uart/stdio_uart.c.obj
 .text.uart_getc
                0x10002f1c       0x30 CMakeFiles/OpenLibCLI.dir/C_/Users/PC/.pico-sdk/sdk/2.2.0/src/rp2_common/pico_stdio_uart/stdio_uart.c.obj
 .text.stdio_uart_out_chars
                0x10002f4c       0x20 CMakeFiles/OpenLibCLI.dir/C_/Users/PC/.pico-sdk/sdk/2.2.0/src/rp2_common/pico_stdio_uart/stdio_uart.c.obj
 .text.stdio_uart_in_chars
                0x10002f6c       0x54 CMakeFiles/OpenLibCLI.dir/C_/Users/PC/.pico-sdk/sdk/2.2.0/src/rp2_common/pico_stdio_uart/stdio_uart.c.obj
                0x10002f6c                stdio_uart_in_chars
 .text.on_uart_rx
                0x10002fc0       0x24 CMakeFiles/OpenLibCLI.dir/C_/Users/PC/.pico-sdk/sdk/2.2.0/src/rp2_common/pico_stdio_uart/stdio_uart.c.obj
 .text.stdio_uart_out_flush
                0x10002fe4       0x14 CMakeFiles/OpenLibCLI.dir/C_/Users/PC/.pico-sdk/sdk/2.2.0/src/rp2_common/pico_stdio_uart/stdio_uart.c.obj
 .text.stdio_uart_set_chars_available_callback
                0x10002ff8       0x84 CMakeFiles/OpenLibCLI.dir/C_/Users/PC/.pico-sdk/sdk/2.2.0/src/rp2_common/pico_stdio_uart/stdio_uart.c.obj
 .text.stdio_uart_init_full
                0x1000307c       0x50 CMakeFiles/OpenLibCLI.dir/C_/Users/PC/.pico-sdk/sdk/2.2.0/src/rp2_common/pico_stdio_uart/stdio_uart.c.obj
                0x1000307c                stdio_uart_init_full
 .text.stdio_uart_init
                0x100030cc       0x30 CMakeFiles/OpenLibCLI.dir/C_/Users/PC/.pico-sdk/sdk/2.2.0/src/rp2_common/pico_stdio_uart/stdio_uart.c.obj
                0x100030cc                stdio_uart_init
 .text          0x100030fc       0xec C:/Users/PC/.pico-sdk/toolchain/14_2_Rel1/bin/../lib/gcc/arm-none-eabi/14.2.1/thumb/v8-m.main+fp/softfp\libg.a(libc_a-memcpy.o)
                0x100030fc                memcpy
 .text.strlen   0x100031e8       0x5c C:/Users/PC/.pico-sdk/toolchain/14_2_Rel1/bin/../lib/gcc/arm-none-eabi/14.2.1/thumb/v8-m.main+fp/softfp\libg.a(libc_a-strlen-stub.o)
                0x100031e8                strlen
 *(.fini)
 .fini          0x10003244        0x4 C:/Users/PC/.pico-sdk/toolchain/14_2_Rel1/bin/../lib/gcc/arm-none-eabi/14.2.1/thumb/v8-m.main+fp/softfp/crti.o
                0x10003244                _fini
 .fini.__stub   0x10003248       0x18 linker stubs
 *crtbegin.o(.ctors)
 *crtbegin?.o(.ctors)
 *(EXCLUDE_FILE(*crtend.o *crtend?.o) .ctors)
 *(SORT_BY_NAME(.ctors.*))
 *(.ctors)
 *crtbegin.o(.dtors)
 *crtbegin?.o(.dtors)
 *(EXCLUDE_FILE(*crtend.o *crtend?.o) .dtors)
 *(SORT_BY_NAME(.dtors.*))
 *(.dtors)
                0x10003260                        . = ALIGN (0x4)
                0x10003260                        PROVIDE (__preinit_array_start = .)
 *(SORT_BY_NAME(.preinit_array.*))
 .preinit_array.00050
                0x10003260        0x4 CMakeFiles/OpenLibCLI.dir/C_/Users/PC/.pico-sdk/sdk/2.2.0/src/rp2_common/pico_runtime_init/runtime_init.c.obj
                0x10003260                __pre_init_runtime_init_bootrom_reset
 .preinit_array.00100
                0x10003264        0x4 CMakeFiles/OpenLibCLI.dir/C_/Users/PC/.pico-sdk/sdk/2.2.0/src/rp2_common/pico_runtime_init/runtime_init.c.obj
                0x10003264                __pre_init_runtime_init_early_resets
 .preinit_array.00101
                0x10003268        0x4 CMakeFiles/OpenLibCLI.dir/C_/Users/PC/.pico-sdk/sdk/2.2.0/src/rp2_common/pico_runtime_init/runtime_init.c.obj
                0x10003268                __pre_init_runtime_init_usb_power_down
 .preinit_array.00500
                0x1000326c        0x4 CMakeFiles/OpenLibCLI.dir/C_/Users/PC/.pico-sdk/sdk/2.2.0/src/rp2_common/pico_runtime_init/runtime_init.c.obj
                0x1000326c                __pre_init_runtime_init_clocks
 .preinit_array.00600
                0x10003270        0x4 CMakeFiles/OpenLibCLI.dir/C_/Users/PC/.pico-sdk/sdk/2.2.0/src/rp2_common/pico_runtime_init/runtime_init.c.obj
                0x10003270                __pre_init_runtime_init_post_clock_resets
 .preinit_array.01000
                0x10003274        0x4 CMakeFiles/OpenLibCLI.dir/C_/Users/PC/.pico-sdk/sdk/2.2.0/src/rp2_common/hardware_boot_lock/boot_lock.c.obj
                0x10003274                __pre_init_runtime_init_boot_locks_reset
 .preinit_array.01000
                0x10003278        0x4 CMakeFiles/OpenLibCLI.dir/C_/Users/PC/.pico-sdk/sdk/2.2.0/src/rp2_common/pico_runtime_init/runtime_init.c.obj
                0x10003278                __pre_init_runtime_init_spin_locks_reset
 .preinit_array.01010
                0x1000327c        0x4 CMakeFiles/OpenLibCLI.dir/C_/Users/PC/.pico-sdk/sdk/2.2.0/src/rp2_common/pico_bootrom/bootrom_lock.c.obj
                0x1000327c                __pre_init_runtime_init_bootrom_locking_enable
 .preinit_array.01100
                0x10003280        0x4 CMakeFiles/OpenLibCLI.dir/C_/Users/PC/.pico-sdk/sdk/2.2.0/src/common/pico_sync/mutex.c.obj
                0x10003280                __pre_init_runtime_init_mutex
 .preinit_array.10080
                0x10003284        0x4 CMakeFiles/OpenLibCLI.dir/C_/Users/PC/.pico-sdk/sdk/2.2.0/src/rp2_common/pico_runtime_init/runtime_init.c.obj
                0x10003284                __pre_init_runtime_init_install_ram_vector_table
 .preinit_array.11000
                0x10003288        0x4 CMakeFiles/OpenLibCLI.dir/C_/Users/PC/.pico-sdk/sdk/2.2.0/src/common/pico_time/time.c.obj
                0x10003288                __pre_init_runtime_init_default_alarm_pool
 .preinit_array.YYYYY
                0x1000328c        0x4 CMakeFiles/OpenLibCLI.dir/C_/Users/PC/.pico-sdk/sdk/2.2.0/src/rp2_common/pico_runtime/runtime.c.obj
                0x1000328c                __pre_init_first_per_core_initializer
 .preinit_array.ZZZZZ.00051
                0x10003290        0x4 CMakeFiles/OpenLibCLI.dir/C_/Users/PC/.pico-sdk/sdk/2.2.0/src/rp2_common/pico_runtime_init/runtime_init.c.obj
                0x10003290                __pre_init_runtime_init_per_core_bootrom_reset
 .preinit_array.ZZZZZ.00200
                0x10003294        0x4 CMakeFiles/OpenLibCLI.dir/C_/Users/PC/.pico-sdk/sdk/2.2.0/src/rp2_common/pico_runtime_init/runtime_init.c.obj
                0x10003294                __pre_init_runtime_init_per_core_enable_coprocessors
 .preinit_array.ZZZZZ.01000
                0x10003298        0x4 CMakeFiles/OpenLibCLI.dir/C_/Users/PC/.pico-sdk/sdk/2.2.0/src/rp2_common/hardware_sync_spin_lock/sync_spin_lock.c.obj
                0x10003298                __pre_init_spinlock_set_extexclall
 .preinit_array.ZZZZZ.01200
                0x1000329c        0x4 CMakeFiles/OpenLibCLI.dir/C_/Users/PC/.pico-sdk/sdk/2.2.0/src/rp2_common/hardware_irq/irq.c.obj
                0x1000329c                __pre_init_runtime_init_per_core_irq_priorities
 *(.preinit_array)
                0x100032a0                        PROVIDE (__preinit_array_end = .)
                0x100032a0                        . = ALIGN (0x4)
                0x100032a0                        PROVIDE (__init_array_start = .)
 *(SORT_BY_NAME(.init_array.*))
 *(.init_array)
 .init_array    0x100032a0        0x4 C:/Users/PC/.pico-sdk/toolchain/14_2_Rel1/bin/../lib/gcc/arm-none-eabi/14.2.1/thumb/v8-m.main+fp/softfp/crtbegin.o
                0x100032a4                        PROVIDE (__init_array_end = .)
                0x100032a4                        . = ALIGN (0x4)
                [!provide]                        PROVIDE (__fini_array_start = .)
 *(SORT_BY_NAME(.fini_array.*))
 *(.fini_array)
                [!provide]                        PROVIDE (__fini_array_end = .)
 *(.eh_frame*)
 .eh_frame      0x100032a4        0x0 C:/Users/PC/.pico-sdk/toolchain/14_2_Rel1/bin/../lib/gcc/arm-none-eabi/14.2.1/thumb/v8-m.main+fp/softfp/crtbegin.o
                0x100032a4                        . = ALIGN (0x4)

.glue_7         0x100032a4        0x0
 .glue_7        0x100032a4        0x0 linker stubs

.glue_7t        0x100032a4        0x0
 .glue_7t       0x100032a4        0x0 linker stubs

.vfp11_veneer   0x100032a4        0x0
 .vfp11_veneer  0x100032a4        0x0 linker stubs

.v4_bx          0x100032a4        0x0
 .v4_bx         0x100032a4        0x0 linker stubs

.iplt           0x100032a4        0x0
 .iplt          0x100032a4        0x0 C:/Users/PC/.pico-sdk/toolchain/14_2_Rel1/bin/../lib/gcc/arm-none-eabi/14.2.1/thumb/v8-m.main+fp/softfp/crtbegin.o

.boot2          0x100032a4        0x0
                0x100032a4                        __boot2_start__ = .
 *(.boot2)
                0x100032a4                        __boot2_end__ = .
                0x00000001                        ASSERT (((__boot2_end__ - __boot2_start__) <= 0x100), ERROR: Pico second stage bootloader must be no more than 256 bytes in size)

.rodata         0x100032a8      0x6b0
 *(EXCLUDE_FILE(*libm.a: *libc.a:*lib_a-mem*.o *libgcc.a:) .rodata*)
 .rodata.main.str1.4
                0x100032a8      0x500 CMakeFiles/OpenLibCLI.dir/main.c.obj
                                  0xe (size before relaxing)
 .rodata.panic.str1.4
                0x100037a8       0x12 CMakeFiles/OpenLibCLI.dir/C_/Users/PC/.pico-sdk/sdk/2.2.0/src/rp2_common/pico_platform_panic/panic.c.obj
 .rodata.resolve_j_16.str1.4
                0x100037a8       0x5a CMakeFiles/OpenLibCLI.dir/C_/Users/PC/.pico-sdk/sdk/2.2.0/src/rp2_common/hardware_irq/irq.c.obj
 .rodata.make_j_16.str1.4
                0x100037a8       0x30 CMakeFiles/OpenLibCLI.dir/C_/Users/PC/.pico-sdk/sdk/2.2.0/src/rp2_common/hardware_irq/irq.c.obj
 .rodata.insert_bl_32.str1.4
                0x100037a8       0x10 CMakeFiles/OpenLibCLI.dir/C_/Users/PC/.pico-sdk/sdk/2.2.0/src/rp2_common/hardware_irq/irq.c.obj
 .rodata.irq_set_exclusive_handler.str1.4
                0x100037a8       0x36 CMakeFiles/OpenLibCLI.dir/C_/Users/PC/.pico-sdk/sdk/2.2.0/src/rp2_common/hardware_irq/irq.c.obj
 .rodata.irq_remove_handler.str1.4
                0x100037a8       0x3a CMakeFiles/OpenLibCLI.dir/C_/Users/PC/.pico-sdk/sdk/2.2.0/src/rp2_common/hardware_irq/irq.c.obj
 .rodata.irq_add_tail_to_free_list.str1.4
                0x100037a8       0x3a CMakeFiles/OpenLibCLI.dir/C_/Users/PC/.pico-sdk/sdk/2.2.0/src/rp2_common/hardware_irq/irq.c.obj
 .rodata.__func__.0
                0x100037a8       0x1a CMakeFiles/OpenLibCLI.dir/C_/Users/PC/.pico-sdk/sdk/2.2.0/src/rp2_common/hardware_irq/irq.c.obj
 *fill*         0x100037c2        0x2 
 .rodata.__func__.1
                0x100037c4        0xd CMakeFiles/OpenLibCLI.dir/C_/Users/PC/.pico-sdk/sdk/2.2.0/src/rp2_common/hardware_irq/irq.c.obj
 *fill*         0x100037d1        0x3 
 .rodata.__func__.2
                0x100037d4       0x13 CMakeFiles/OpenLibCLI.dir/C_/Users/PC/.pico-sdk/sdk/2.2.0/src/rp2_common/hardware_irq/irq.c.obj
 *fill*         0x100037e7        0x1 
 .rodata.__func__.3
                0x100037e8        0xa CMakeFiles/OpenLibCLI.dir/C_/Users/PC/.pico-sdk/sdk/2.2.0/src/rp2_common/hardware_irq/irq.c.obj
 *fill*         0x100037f2        0x2 
 .rodata.__func__.4
                0x100037f4        0xd CMakeFiles/OpenLibCLI.dir/C_/Users/PC/.pico-sdk/sdk/2.2.0/src/rp2_common/hardware_irq/irq.c.obj
 *fill*         0x10003801        0x3 
 .rodata.__func__.6
                0x10003804       0x1a CMakeFiles/OpenLibCLI.dir/C_/Users/PC/.pico-sdk/sdk/2.2.0/src/rp2_common/hardware_irq/irq.c.obj
 .rodata.runtime_init_mutex.str1.4
                0x1000381e       0x5d CMakeFiles/OpenLibCLI.dir/C_/Users/PC/.pico-sdk/sdk/2.2.0/src/common/pico_sync/mutex.c.obj
 .rodata.str1.4
                0x1000381e       0x51 CMakeFiles/OpenLibCLI.dir/C_/Users/PC/.pico-sdk/sdk/2.2.0/src/common/pico_sync/mutex.c.obj
 *fill*         0x1000381e        0x2 
 .rodata.__func__.1
                0x10003820        0xb CMakeFiles/OpenLibCLI.dir/C_/Users/PC/.pico-sdk/sdk/2.2.0/src/common/pico_sync/mutex.c.obj
 *fill*         0x1000382b        0x1 
 .rodata.__func__.3
                0x1000382c       0x18 CMakeFiles/OpenLibCLI.dir/C_/Users/PC/.pico-sdk/sdk/2.2.0/src/common/pico_sync/mutex.c.obj
 .rodata.__func__.6
                0x10003844       0x13 CMakeFiles/OpenLibCLI.dir/C_/Users/PC/.pico-sdk/sdk/2.2.0/src/common/pico_sync/mutex.c.obj
 .rodata.alarm_pool_irq_handler.str1.4
                0x10003857       0x68 CMakeFiles/OpenLibCLI.dir/C_/Users/PC/.pico-sdk/sdk/2.2.0/src/common/pico_time/time.c.obj
 .rodata.alarm_pool_get_default.str1.4
                0x10003857       0x21 CMakeFiles/OpenLibCLI.dir/C_/Users/PC/.pico-sdk/sdk/2.2.0/src/common/pico_time/time.c.obj
 .rodata.sleep_until.str1.4
                0x10003857       0x4d CMakeFiles/OpenLibCLI.dir/C_/Users/PC/.pico-sdk/sdk/2.2.0/src/common/pico_time/time.c.obj
 *fill*         0x10003857        0x1 
 .rodata.__func__.1
                0x10003858       0x17 CMakeFiles/OpenLibCLI.dir/C_/Users/PC/.pico-sdk/sdk/2.2.0/src/common/pico_time/time.c.obj
 *fill*         0x1000386f        0x1 
 .rodata.__func__.2
                0x10003870       0x17 CMakeFiles/OpenLibCLI.dir/C_/Users/PC/.pico-sdk/sdk/2.2.0/src/common/pico_time/time.c.obj
 .rodata.timer_hardware_alarm_claim.str1.4
                0x10003887       0x22 CMakeFiles/OpenLibCLI.dir/C_/Users/PC/.pico-sdk/sdk/2.2.0/src/rp2_common/hardware_timer/timer.c.obj
 .rodata.pll_init.str1.4
                0x10003887      0x118 CMakeFiles/OpenLibCLI.dir/C_/Users/PC/.pico-sdk/sdk/2.2.0/src/rp2_common/hardware_pll/pll.c.obj
 *fill*         0x10003887        0x1 
 .rodata.__func__.0
                0x10003888        0x9 CMakeFiles/OpenLibCLI.dir/C_/Users/PC/.pico-sdk/sdk/2.2.0/src/rp2_common/hardware_pll/pll.c.obj
 .rodata.str1.4
                0x10003891       0x40 CMakeFiles/OpenLibCLI.dir/C_/Users/PC/.pico-sdk/sdk/2.2.0/src/rp2_common/pico_standard_binary_info/standard_binary_info.c.obj
 *fill*         0x10003891        0x3 
 .rodata.__bi_84
                0x10003894        0xc CMakeFiles/OpenLibCLI.dir/C_/Users/PC/.pico-sdk/sdk/2.2.0/src/rp2_common/pico_standard_binary_info/standard_binary_info.c.obj
 .rodata.__bi_78
                0x100038a0        0xc CMakeFiles/OpenLibCLI.dir/C_/Users/PC/.pico-sdk/sdk/2.2.0/src/rp2_common/pico_standard_binary_info/standard_binary_info.c.obj
 .rodata.__bi_54
                0x100038ac        0xc CMakeFiles/OpenLibCLI.dir/C_/Users/PC/.pico-sdk/sdk/2.2.0/src/rp2_common/pico_standard_binary_info/standard_binary_info.c.obj
 .rodata.__bi_48
                0x100038b8        0xc CMakeFiles/OpenLibCLI.dir/C_/Users/PC/.pico-sdk/sdk/2.2.0/src/rp2_common/pico_standard_binary_info/standard_binary_info.c.obj
 .rodata.__bi_42
                0x100038c4        0xc CMakeFiles/OpenLibCLI.dir/C_/Users/PC/.pico-sdk/sdk/2.2.0/src/rp2_common/pico_standard_binary_info/standard_binary_info.c.obj
 .rodata.__bi_34
                0x100038d0        0xc CMakeFiles/OpenLibCLI.dir/C_/Users/PC/.pico-sdk/sdk/2.2.0/src/rp2_common/pico_standard_binary_info/standard_binary_info.c.obj
 .rodata.__bi_26
                0x100038dc        0xc CMakeFiles/OpenLibCLI.dir/C_/Users/PC/.pico-sdk/sdk/2.2.0/src/rp2_common/pico_standard_binary_info/standard_binary_info.c.obj
 .rodata._ftoa.str1.4
                0x100038e8       0x15 CMakeFiles/OpenLibCLI.dir/C_/Users/PC/.pico-sdk/sdk/2.2.0/src/rp2_common/pico_printf/printf.c.obj
 .rodata.pow10.0
                0x100038e8       0x50 CMakeFiles/OpenLibCLI.dir/C_/Users/PC/.pico-sdk/sdk/2.2.0/src/rp2_common/pico_printf/printf.c.obj
 .rodata.__assert_func.str1.4
                0x10003938       0x43 CMakeFiles/OpenLibCLI.dir/C_/Users/PC/.pico-sdk/sdk/2.2.0/src/rp2_common/pico_clib_interface/newlib_interface.c.obj
 .rodata.crlf_str.0
                0x10003938        0x2 CMakeFiles/OpenLibCLI.dir/C_/Users/PC/.pico-sdk/sdk/2.2.0/src/rp2_common/pico_stdio/stdio.c.obj
 .rodata.str1.4
                0x1000393a       0x2c CMakeFiles/OpenLibCLI.dir/C_/Users/PC/.pico-sdk/sdk/2.2.0/src/rp2_common/pico_stdio_uart/stdio_uart.c.obj
 *fill*         0x1000393a        0x2 
 .rodata.__bi_45.4
                0x1000393c        0xc CMakeFiles/OpenLibCLI.dir/C_/Users/PC/.pico-sdk/sdk/2.2.0/src/rp2_common/pico_stdio_uart/stdio_uart.c.obj
 .rodata.__bi_49.5
                0x10003948        0x8 CMakeFiles/OpenLibCLI.dir/C_/Users/PC/.pico-sdk/sdk/2.2.0/src/rp2_common/pico_stdio_uart/stdio_uart.c.obj
 .rodata.__bi_50.6
                0x10003950        0x8 CMakeFiles/OpenLibCLI.dir/C_/Users/PC/.pico-sdk/sdk/2.2.0/src/rp2_common/pico_stdio_uart/stdio_uart.c.obj
 *(.srodata*)
                0x10003958                        . = ALIGN (0x4)
 *(SORT_BY_ALIGNMENT(SORT_BY_NAME(.flashdata*)))
                0x10003958                        . = ALIGN (0x4)

.ARM.extab
 *(.ARM.extab* .gnu.linkonce.armextab.*)
                0x10003958                        __exidx_start = .

.ARM.exidx      0x10003958        0x8
 *(.ARM.exidx* .gnu.linkonce.armexidx.*)
 .ARM.exidx     0x10003958        0x8 C:/Users/PC/.pico-sdk/toolchain/14_2_Rel1/bin/../lib/gcc/arm-none-eabi/14.2.1/thumb/v8-m.main+fp/softfp\libg.a(libc_a-memcpy.o)
 .ARM.exidx.text.__udivmoddi4
                0x10003960        0x0 C:/Users/PC/.pico-sdk/toolchain/14_2_Rel1/bin/../lib/gcc/arm-none-eabi/14.2.1/thumb/v8-m.main+fp/softfp\libgcc.a(_udivmoddi4.o)
                                  0x8 (size before relaxing)
                0x10003960                        __exidx_end = .
                0x10003960                        . = ALIGN (0x4)
                0x10003960                        __binary_info_start = .

.binary_info    0x10003960       0x28
 *(.binary_info.keep.*)
 .binary_info.keep.__bi_ptr84
                0x10003960        0x4 CMakeFiles/OpenLibCLI.dir/C_/Users/PC/.pico-sdk/sdk/2.2.0/src/rp2_common/pico_standard_binary_info/standard_binary_info.c.obj
 .binary_info.keep.__bi_ptr78
                0x10003964        0x4 CMakeFiles/OpenLibCLI.dir/C_/Users/PC/.pico-sdk/sdk/2.2.0/src/rp2_common/pico_standard_binary_info/standard_binary_info.c.obj
 .binary_info.keep.__bi_ptr54
                0x10003968        0x4 CMakeFiles/OpenLibCLI.dir/C_/Users/PC/.pico-sdk/sdk/2.2.0/src/rp2_common/pico_standard_binary_info/standard_binary_info.c.obj
 .binary_info.keep.__bi_ptr48
                0x1000396c        0x4 CMakeFiles/OpenLibCLI.dir/C_/Users/PC/.pico-sdk/sdk/2.2.0/src/rp2_common/pico_standard_binary_info/standard_binary_info.c.obj
 .binary_info.keep.__bi_ptr42
                0x10003970        0x4 CMakeFiles/OpenLibCLI.dir/C_/Users/PC/.pico-sdk/sdk/2.2.0/src/rp2_common/pico_standard_binary_info/standard_binary_info.c.obj
 .binary_info.keep.__bi_ptr34
                0x10003974        0x4 CMakeFiles/OpenLibCLI.dir/C_/Users/PC/.pico-sdk/sdk/2.2.0/src/rp2_common/pico_standard_binary_info/standard_binary_info.c.obj
 .binary_info.keep.__bi_ptr26
                0x10003978        0x4 CMakeFiles/OpenLibCLI.dir/C_/Users/PC/.pico-sdk/sdk/2.2.0/src/rp2_common/pico_standard_binary_info/standard_binary_info.c.obj
 *(.binary_info.*)
 .binary_info.__bi_ptr50
                0x1000397c        0x4 CMakeFiles/OpenLibCLI.dir/C_/Users/PC/.pico-sdk/sdk/2.2.0/src/rp2_common/pico_stdio_uart/stdio_uart.c.obj
 .binary_info.__bi_ptr49
                0x10003980        0x4 CMakeFiles/OpenLibCLI.dir/C_/Users/PC/.pico-sdk/sdk/2.2.0/src/rp2_common/pico_stdio_uart/stdio_uart.c.obj
 .binary_info.__bi_ptr45
                0x10003984        0x4 CMakeFiles/OpenLibCLI.dir/C_/Users/PC/.pico-sdk/sdk/2.2.0/src/rp2_common/pico_stdio_uart/stdio_uart.c.obj
                0x10003988                        __binary_info_end = .
                0x10003988                        . = ALIGN (0x4)

.ram_vector_table
                0x20000000      0x110
 *(.ram_vector_table)
 .ram_vector_table
                0x20000000      0x110 CMakeFiles/OpenLibCLI.dir/C_/Users/PC/.pico-sdk/sdk/2.2.0/src/rp2_common/pico_runtime_init/runtime_init.c.obj
                0x20000000                ram_vector_table

.uninitialized_data
                0x20000110        0x0
                0x20000110                        . = ALIGN (0x4)
 *(.uninitialized_data*)

.data           0x20000110      0x57c load address 0x10003988
                0x20000110                        __data_start__ = .
 *(vtable)
 *(.time_critical*)
 .time_critical.mutex_try_enter
                0x20000110       0x58 CMakeFiles/OpenLibCLI.dir/C_/Users/PC/.pico-sdk/sdk/2.2.0/src/common/pico_sync/mutex.c.obj
                0x20000110                mutex_try_enter
 .time_critical.mutex_enter_block_until
                0x20000168       0x84 CMakeFiles/OpenLibCLI.dir/C_/Users/PC/.pico-sdk/sdk/2.2.0/src/common/pico_sync/mutex.c.obj
                0x20000168                mutex_enter_block_until
 .time_critical.mutex_try_enter_block_until
                0x200001ec       0x32 CMakeFiles/OpenLibCLI.dir/C_/Users/PC/.pico-sdk/sdk/2.2.0/src/common/pico_sync/mutex.c.obj
                0x200001ec                mutex_try_enter_block_until
 *fill*         0x2000021e        0x2 
 .time_critical.mutex_exit
                0x20000220       0x58 CMakeFiles/OpenLibCLI.dir/C_/Users/PC/.pico-sdk/sdk/2.2.0/src/common/pico_sync/mutex.c.obj
                0x20000220                mutex_exit
 *(.text*)
 .text          0x20000278       0x30 C:/Users/PC/.pico-sdk/toolchain/14_2_Rel1/bin/../lib/gcc/arm-none-eabi/14.2.1/thumb/v8-m.main+fp/softfp\libgcc.a(_aeabi_uldivmod.o)
                0x20000278                __aeabi_uldivmod
 .text.__udivmoddi4
                0x200002a8      0x34c C:/Users/PC/.pico-sdk/toolchain/14_2_Rel1/bin/../lib/gcc/arm-none-eabi/14.2.1/thumb/v8-m.main+fp/softfp\libgcc.a(_udivmoddi4.o)
                0x200002a8                __udivmoddi4
 .text          0x200005f4        0x4 C:/Users/PC/.pico-sdk/toolchain/14_2_Rel1/bin/../lib/gcc/arm-none-eabi/14.2.1/thumb/v8-m.main+fp/softfp\libgcc.a(_dvmd_tls.o)
                0x200005f4                __aeabi_idiv0
                0x200005f4                __aeabi_ldiv0
 .text.__stub   0x200005f8       0x10 linker stubs
                0x20000608                        . = ALIGN (0x4)
 *(.rodata*)
                0x20000608                        . = ALIGN (0x4)
 *(.data*)
 .data.striped_spin_lock_num
                0x20000608        0x1 CMakeFiles/OpenLibCLI.dir/C_/Users/PC/.pico-sdk/sdk/2.2.0/src/rp2_common/hardware_sync/sync.c.obj
 *fill*         0x20000609        0x3 
 .data          0x2000060c       0x48 CMakeFiles/OpenLibCLI.dir/C_/Users/PC/.pico-sdk/sdk/2.2.0/src/rp2_common/hardware_irq/irq_handler_chain.S.obj
                0x2000060c                irq_handler_chain_slots
                0x2000063c                irq_handler_chain_first_slot
                0x20000646                irq_handler_chain_remove_tail
 .data.default_alarm_pool
                0x20000654       0x18 CMakeFiles/OpenLibCLI.dir/C_/Users/PC/.pico-sdk/sdk/2.2.0/src/common/pico_time/time.c.obj
 .data.stdio_uart
                0x2000066c       0x18 CMakeFiles/OpenLibCLI.dir/C_/Users/PC/.pico-sdk/sdk/2.2.0/src/rp2_common/pico_stdio_uart/stdio_uart.c.obj
                0x2000066c                stdio_uart
 *(.sdata*)
                0x20000684                        . = ALIGN (0x4)
 *(.after_data.*)
                0x20000684                        . = ALIGN (0x4)
                0x20000684                        PROVIDE (__mutex_array_start = .)
 *(SORT_BY_NAME(.mutex_array.*))
 *(.mutex_array)
 .mutex_array   0x20000684        0x8 CMakeFiles/OpenLibCLI.dir/C_/Users/PC/.pico-sdk/sdk/2.2.0/src/rp2_common/pico_stdio/stdio.c.obj
                0x2000068c                        PROVIDE (__mutex_array_end = .)
 *(.jcr)
                0x2000068c                        . = ALIGN (0x4)

.tm_clone_table
                0x2000068c        0x0 load address 0x10003f04
 .tm_clone_table
                0x2000068c        0x0 C:/Users/PC/.pico-sdk/toolchain/14_2_Rel1/bin/../lib/gcc/arm-none-eabi/14.2.1/thumb/v8-m.main+fp/softfp/crtbegin.o
 .tm_clone_table
                0x2000068c        0x0 C:/Users/PC/.pico-sdk/toolchain/14_2_Rel1/bin/../lib/gcc/arm-none-eabi/14.2.1/thumb/v8-m.main+fp/softfp/crtend.o

.igot.plt       0x2000068c        0x0 load address 0x10003f04
 .igot.plt      0x2000068c        0x0 C:/Users/PC/.pico-sdk/toolchain/14_2_Rel1/bin/../lib/gcc/arm-none-eabi/14.2.1/thumb/v8-m.main+fp/softfp/crtbegin.o

.tdata          0x2000068c        0x0 load address 0x10003f04
                0x2000068c                        . = ALIGN (0x4)
 *(.tdata .tdata.* .gnu.linkonce.td.*)
                0x2000068c                        __tdata_end = .
                0x2000068c                        PROVIDE (__data_end__ = .)
                0x10003988                        __etext = LOADADDR (.data)

.tbss           0x2000068c        0x0 load address 0x10003f04
                0x2000068c                        . = ALIGN (0x4)
                0x2000068c                        __bss_start__ = .
                0x2000068c                        __tls_base = .
 *(.tbss .tbss.* .gnu.linkonce.tb.*)
 *(.tcommon)
                0x2000068c                        __tls_end = .

.bss            0x20000690      0x224 load address 0x10003f04
                0x20000690                        . = ALIGN (0x4)
                0x20000690                        __tbss_end = .
 *(SORT_BY_ALIGNMENT(SORT_BY_NAME(.bss*)))
 .bss.default_alarm_pool_entries
                0x20000690      0x180 CMakeFiles/OpenLibCLI.dir/C_/Users/PC/.pico-sdk/sdk/2.2.0/src/common/pico_time/time.c.obj
 .bss._sw_spin_locks
                0x20000810       0x20 CMakeFiles/OpenLibCLI.dir/C_/Users/PC/.pico-sdk/sdk/2.2.0/src/rp2_common/hardware_sync_spin_lock/sync_spin_lock.c.obj
                0x20000810                _sw_spin_locks
 .bss.chars_available_callback
                0x20000830        0x4 CMakeFiles/OpenLibCLI.dir/C_/Users/PC/.pico-sdk/sdk/2.2.0/src/rp2_common/pico_stdio_uart/stdio_uart.c.obj
 .bss.chars_available_param
                0x20000834        0x4 CMakeFiles/OpenLibCLI.dir/C_/Users/PC/.pico-sdk/sdk/2.2.0/src/rp2_common/pico_stdio_uart/stdio_uart.c.obj
 .bss.claimed   0x20000838        0x2 CMakeFiles/OpenLibCLI.dir/C_/Users/PC/.pico-sdk/sdk/2.2.0/src/rp2_common/hardware_timer/timer.c.obj
 *fill*         0x2000083a        0x2 
 .bss.configured_freq
                0x2000083c       0x28 CMakeFiles/OpenLibCLI.dir/C_/Users/PC/.pico-sdk/sdk/2.2.0/src/rp2_common/hardware_clocks/clocks.c.obj
 .bss.drivers   0x20000864        0x4 CMakeFiles/OpenLibCLI.dir/C_/Users/PC/.pico-sdk/sdk/2.2.0/src/rp2_common/pico_stdio/stdio.c.obj
 .bss.filter    0x20000868        0x4 CMakeFiles/OpenLibCLI.dir/C_/Users/PC/.pico-sdk/sdk/2.2.0/src/rp2_common/pico_stdio/stdio.c.obj
 .bss.object.0  0x2000086c       0x18 C:/Users/PC/.pico-sdk/toolchain/14_2_Rel1/bin/../lib/gcc/arm-none-eabi/14.2.1/thumb/v8-m.main+fp/softfp/crtbegin.o
 .bss.pools     0x20000884       0x20 CMakeFiles/OpenLibCLI.dir/C_/Users/PC/.pico-sdk/sdk/2.2.0/src/common/pico_time/time.c.obj
 .bss.sleep_notifier
                0x200008a4        0x4 CMakeFiles/OpenLibCLI.dir/C_/Users/PC/.pico-sdk/sdk/2.2.0/src/common/pico_time/time.c.obj
 .bss.uart_char_to_line_feed
                0x200008a8        0x4 CMakeFiles/OpenLibCLI.dir/C_/Users/PC/.pico-sdk/sdk/2.2.0/src/rp2_common/hardware_uart/uart.c.obj
                0x200008a8                uart_char_to_line_feed
 .bss.uart_instance
                0x200008ac        0x4 CMakeFiles/OpenLibCLI.dir/C_/Users/PC/.pico-sdk/sdk/2.2.0/src/rp2_common/pico_stdio_uart/stdio_uart.c.obj
 .bss.irq_handler_chain_free_slot_head
                0x200008b0        0x1 CMakeFiles/OpenLibCLI.dir/C_/Users/PC/.pico-sdk/sdk/2.2.0/src/rp2_common/hardware_irq/irq.c.obj
 *(COMMON)
                [!provide]                        PROVIDE (__global_pointer$ = (. + 0x800))
 *(.sbss*)
                0x200008b4                        . = ALIGN (0x4)
 *fill*         0x200008b1        0x3 
                0x200008b4                        __bss_end__ = .

.heap           0x200008b4      0x800 load address 0x10003f04
                0x200008b4                        __end__ = .
                0x200008b4                        end = __end__
 *(.heap*)
 .heap          0x200008b4      0x800 CMakeFiles/OpenLibCLI.dir/C_/Users/PC/.pico-sdk/sdk/2.2.0/src/rp2_common/pico_crt0/crt0.S.obj
                0x20080000                        __HeapLimit = (ORIGIN (RAM) + LENGTH (RAM))

.scratch_x      0x20080000        0x0 load address 0x10003f04
                0x20080000                        __scratch_x_start__ = .
 *(.scratch_x.*)
                0x20080000                        . = ALIGN (0x4)
                0x20080000                        __scratch_x_end__ = .
                0x10003f04                        __scratch_x_source__ = LOADADDR (.scratch_x)

.scratch_y      0x20081000        0x0 load address 0x10003f04
                0x20081000                        __scratch_y_start__ = .
 *(.scratch_y.*)
                0x20081000                        . = ALIGN (0x4)
                0x20081000                        __scratch_y_end__ = .
                0x10003f04                        __scratch_y_source__ = LOADADDR (.scratch_y)

.stack1_dummy
 *(.stack1*)

.stack_dummy    0x20081000      0x800
 *(.stack*)
 .stack         0x20081000      0x800 CMakeFiles/OpenLibCLI.dir/C_/Users/PC/.pico-sdk/sdk/2.2.0/src/rp2_common/pico_crt0/crt0.S.obj

.flash_end      0x10003f04       0x14
 *(.embedded_end_block*)
 .embedded_end_block
                0x10003f04       0x14 CMakeFiles/OpenLibCLI.dir/C_/Users/PC/.pico-sdk/sdk/2.2.0/src/rp2_common/pico_crt0/crt0.S.obj
                0x10003f18                        PROVIDE (__flash_binary_end = .)
                0x20080000                        __StackLimit = (ORIGIN (RAM) + LENGTH (RAM))
                0x20081000                        __StackOneTop = (ORIGIN (SCRATCH_X) + LENGTH (SCRATCH_X))
                0x20082000                        __StackTop = (ORIGIN (SCRATCH_Y) + LENGTH (SCRATCH_Y))
                0x20081000                        __StackOneBottom = (__StackOneTop - SIZEOF (.stack1_dummy))
                0x20081800                        __StackBottom = (__StackTop - SIZEOF (.stack_dummy))
                0x20082000                        PROVIDE (__stack = __StackTop)
                [!provide]                        PROVIDE (__heap_start = __end__)
                [!provide]                        PROVIDE (__heap_end = __HeapLimit)
                [!provide]                        PROVIDE (__tls_align = MAX (ALIGNOF (.tdata), ALIGNOF (.tbss)))
                [!provide]                        PROVIDE (__tls_size_align = (((__tls_size + __tls_align) - 0x1) & ~ ((__tls_align - 0x1))))
                [!provide]                        PROVIDE (__arm32_tls_tcb_offset = MAX (0x8, __tls_align))
                [!provide]                        PROVIDE (_end = __end__)
                [!provide]                        PROVIDE (__llvm_libc_heap_limit = __HeapLimit)
                0x00000001                        ASSERT ((__StackLimit >= __HeapLimit), region RAM overflowed)
                0x00000001                        ASSERT (((__binary_info_header_end - __logical_binary_start) <= 0x400), Binary info must be in first 1024 bytes of the binary)
                0x00000001                        ASSERT (((__embedded_block_end - __logical_binary_start) <= 0x1000), Embedded block must be in first 4096 bytes of the binary)
LOAD CMakeFiles/OpenLibCLI.dir/main.c.obj
LOAD CMakeFiles/OpenLibCLI.dir/C_/Users/PC/.pico-sdk/sdk/2.2.0/src/rp2_common/pico_stdlib/stdlib.c.obj
LOAD CMakeFiles/OpenLibCLI.dir/C_/Users/PC/.pico-sdk/sdk/2.2.0/src/rp2_common/hardware_gpio/gpio.c.obj
LOAD CMakeFiles/OpenLibCLI.dir/C_/Users/PC/.pico-sdk/sdk/2.2.0/src/rp2350/pico_platform/platform.c.obj
LOAD CMakeFiles/OpenLibCLI.dir/C_/Users/PC/.pico-sdk/sdk/2.2.0/src/rp2_common/pico_platform_common/common.c.obj
LOAD CMakeFiles/OpenLibCLI.dir/C_/Users/PC/.pico-sdk/sdk/2.2.0/src/rp2_common/pico_platform_panic/panic.c.obj
LOAD CMakeFiles/OpenLibCLI.dir/C_/Users/PC/.pico-sdk/sdk/2.2.0/src/common/hardware_claim/claim.c.obj
LOAD CMakeFiles/OpenLibCLI.dir/C_/Users/PC/.pico-sdk/sdk/2.2.0/src/rp2_common/hardware_sync/sync.c.obj
LOAD CMakeFiles/OpenLibCLI.dir/C_/Users/PC/.pico-sdk/sdk/2.2.0/src/rp2_common/hardware_sync_spin_lock/sync_spin_lock.c.obj
LOAD CMakeFiles/OpenLibCLI.dir/C_/Users/PC/.pico-sdk/sdk/2.2.0/src/rp2_common/hardware_irq/irq.c.obj
LOAD CMakeFiles/OpenLibCLI.dir/C_/Users/PC/.pico-sdk/sdk/2.2.0/src/rp2_common/hardware_irq/irq_handler_chain.S.obj
LOAD CMakeFiles/OpenLibCLI.dir/C_/Users/PC/.pico-sdk/sdk/2.2.0/src/common/pico_sync/sem.c.obj
LOAD CMakeFiles/OpenLibCLI.dir/C_/Users/PC/.pico-sdk/sdk/2.2.0/src/common/pico_sync/lock_core.c.obj
LOAD CMakeFiles/OpenLibCLI.dir/C_/Users/PC/.pico-sdk/sdk/2.2.0/src/common/pico_sync/mutex.c.obj
LOAD CMakeFiles/OpenLibCLI.dir/C_/Users/PC/.pico-sdk/sdk/2.2.0/src/common/pico_sync/critical_section.c.obj
LOAD CMakeFiles/OpenLibCLI.dir/C_/Users/PC/.pico-sdk/sdk/2.2.0/src/common/pico_time/time.c.obj
LOAD CMakeFiles/OpenLibCLI.dir/C_/Users/PC/.pico-sdk/sdk/2.2.0/src/common/pico_time/timeout_helper.c.obj
LOAD CMakeFiles/OpenLibCLI.dir/C_/Users/PC/.pico-sdk/sdk/2.2.0/src/rp2_common/hardware_timer/timer.c.obj
LOAD CMakeFiles/OpenLibCLI.dir/C_/Users/PC/.pico-sdk/sdk/2.2.0/src/common/pico_util/datetime.c.obj
LOAD CMakeFiles/OpenLibCLI.dir/C_/Users/PC/.pico-sdk/sdk/2.2.0/src/common/pico_util/pheap.c.obj
LOAD CMakeFiles/OpenLibCLI.dir/C_/Users/PC/.pico-sdk/sdk/2.2.0/src/common/pico_util/queue.c.obj
LOAD CMakeFiles/OpenLibCLI.dir/C_/Users/PC/.pico-sdk/sdk/2.2.0/src/rp2_common/hardware_uart/uart.c.obj
LOAD CMakeFiles/OpenLibCLI.dir/C_/Users/PC/.pico-sdk/sdk/2.2.0/src/rp2_common/hardware_clocks/clocks.c.obj
LOAD CMakeFiles/OpenLibCLI.dir/C_/Users/PC/.pico-sdk/sdk/2.2.0/src/rp2_common/hardware_pll/pll.c.obj
LOAD CMakeFiles/OpenLibCLI.dir/C_/Users/PC/.pico-sdk/sdk/2.2.0/src/rp2_common/hardware_vreg/vreg.c.obj
LOAD CMakeFiles/OpenLibCLI.dir/C_/Users/PC/.pico-sdk/sdk/2.2.0/src/rp2_common/hardware_watchdog/watchdog.c.obj
LOAD CMakeFiles/OpenLibCLI.dir/C_/Users/PC/.pico-sdk/sdk/2.2.0/src/rp2_common/hardware_ticks/ticks.c.obj
LOAD CMakeFiles/OpenLibCLI.dir/C_/Users/PC/.pico-sdk/sdk/2.2.0/src/rp2_common/pico_bootrom/bootrom.c.obj
LOAD CMakeFiles/OpenLibCLI.dir/C_/Users/PC/.pico-sdk/sdk/2.2.0/src/rp2_common/pico_bootrom/bootrom_lock.c.obj
LOAD CMakeFiles/OpenLibCLI.dir/C_/Users/PC/.pico-sdk/sdk/2.2.0/src/rp2_common/hardware_boot_lock/boot_lock.c.obj
LOAD CMakeFiles/OpenLibCLI.dir/C_/Users/PC/.pico-sdk/sdk/2.2.0/src/rp2_common/pico_flash/flash.c.obj
LOAD CMakeFiles/OpenLibCLI.dir/C_/Users/PC/.pico-sdk/sdk/2.2.0/src/rp2_common/hardware_xosc/xosc.c.obj
LOAD CMakeFiles/OpenLibCLI.dir/C_/Users/PC/.pico-sdk/sdk/2.2.0/src/rp2_common/hardware_divider/divider.c.obj
LOAD CMakeFiles/OpenLibCLI.dir/C_/Users/PC/.pico-sdk/sdk/2.2.0/src/rp2_common/pico_runtime/runtime.c.obj
LOAD CMakeFiles/OpenLibCLI.dir/C_/Users/PC/.pico-sdk/sdk/2.2.0/src/rp2_common/pico_runtime_init/runtime_init.c.obj
LOAD CMakeFiles/OpenLibCLI.dir/C_/Users/PC/.pico-sdk/sdk/2.2.0/src/rp2_common/pico_runtime_init/runtime_init_clocks.c.obj
LOAD CMakeFiles/OpenLibCLI.dir/C_/Users/PC/.pico-sdk/sdk/2.2.0/src/rp2_common/pico_runtime_init/runtime_init_stack_guard.c.obj
LOAD CMakeFiles/OpenLibCLI.dir/C_/Users/PC/.pico-sdk/sdk/2.2.0/src/rp2_common/pico_bit_ops/bit_ops_aeabi.S.obj
LOAD CMakeFiles/OpenLibCLI.dir/C_/Users/PC/.pico-sdk/sdk/2.2.0/src/rp2_common/pico_divider/divider_compiler.c.obj
LOAD CMakeFiles/OpenLibCLI.dir/C_/Users/PC/.pico-sdk/sdk/2.2.0/src/rp2_common/pico_double/double_math.c.obj
LOAD CMakeFiles/OpenLibCLI.dir/C_/Users/PC/.pico-sdk/sdk/2.2.0/src/rp2_common/pico_double/double_aeabi_dcp.S.obj
LOAD CMakeFiles/OpenLibCLI.dir/C_/Users/PC/.pico-sdk/sdk/2.2.0/src/rp2_common/pico_double/double_fma_dcp.S.obj
LOAD CMakeFiles/OpenLibCLI.dir/C_/Users/PC/.pico-sdk/sdk/2.2.0/src/rp2_common/pico_double/double_sci_m33.S.obj
LOAD CMakeFiles/OpenLibCLI.dir/C_/Users/PC/.pico-sdk/sdk/2.2.0/src/rp2_common/pico_double/double_conv_m33.S.obj
LOAD CMakeFiles/OpenLibCLI.dir/C_/Users/PC/.pico-sdk/sdk/2.2.0/src/rp2_common/pico_float/float_math.c.obj
LOAD CMakeFiles/OpenLibCLI.dir/C_/Users/PC/.pico-sdk/sdk/2.2.0/src/rp2_common/pico_float/float_conv32_vfp.S.obj
LOAD CMakeFiles/OpenLibCLI.dir/C_/Users/PC/.pico-sdk/sdk/2.2.0/src/rp2_common/pico_float/float_common_m33.S.obj
LOAD CMakeFiles/OpenLibCLI.dir/C_/Users/PC/.pico-sdk/sdk/2.2.0/src/rp2_common/pico_float/float_sci_m33_vfp.S.obj
LOAD CMakeFiles/OpenLibCLI.dir/C_/Users/PC/.pico-sdk/sdk/2.2.0/src/rp2_common/pico_malloc/malloc.c.obj
LOAD CMakeFiles/OpenLibCLI.dir/C_/Users/PC/.pico-sdk/sdk/2.2.0/src/rp2_common/pico_atomic/atomic.c.obj
LOAD CMakeFiles/OpenLibCLI.dir/C_/Users/PC/.pico-sdk/sdk/2.2.0/src/rp2_common/pico_cxx_options/new_delete.cpp.obj
LOAD CMakeFiles/OpenLibCLI.dir/C_/Users/PC/.pico-sdk/sdk/2.2.0/src/rp2_common/pico_standard_binary_info/standard_binary_info.c.obj
LOAD CMakeFiles/OpenLibCLI.dir/C_/Users/PC/.pico-sdk/sdk/2.2.0/src/rp2_common/pico_printf/printf.c.obj
LOAD CMakeFiles/OpenLibCLI.dir/C_/Users/PC/.pico-sdk/sdk/2.2.0/src/rp2_common/pico_crt0/crt0.S.obj
LOAD CMakeFiles/OpenLibCLI.dir/C_/Users/PC/.pico-sdk/sdk/2.2.0/src/rp2_common/pico_clib_interface/newlib_interface.c.obj
LOAD CMakeFiles/OpenLibCLI.dir/C_/Users/PC/.pico-sdk/sdk/2.2.0/src/rp2_common/pico_stdio/stdio.c.obj
LOAD CMakeFiles/OpenLibCLI.dir/C_/Users/PC/.pico-sdk/sdk/2.2.0/src/rp2_common/pico_stdio_uart/stdio_uart.c.obj
LOAD pico-sdk/src/rp2350/boot_stage2/CMakeFiles/bs2_default_library.dir/./bs2_default_padded_checksummed.S.obj
LOAD C:/Users/PC/.pico-sdk/toolchain/14_2_Rel1/bin/../lib/gcc/arm-none-eabi/14.2.1/thumb/v8-m.main+fp/softfp\libstdc++.a
LOAD C:/Users/PC/.pico-sdk/toolchain/14_2_Rel1/bin/../lib/gcc/arm-none-eabi/14.2.1/thumb/v8-m.main+fp/softfp\libm.a
START GROUP
LOAD C:/Users/PC/.pico-sdk/toolchain/14_2_Rel1/bin/../lib/gcc/arm-none-eabi/14.2.1/thumb/v8-m.main+fp/softfp\libgcc.a
LOAD C:/Users/PC/.pico-sdk/toolchain/14_2_Rel1/bin/../lib/gcc/arm-none-eabi/14.2.1/thumb/v8-m.main+fp/softfp\libg.a
LOAD C:/Users/PC/.pico-sdk/toolchain/14_2_Rel1/bin/../lib/gcc/arm-none-eabi/14.2.1/thumb/v8-m.main+fp/softfp\libc.a
END GROUP
START GROUP
LOAD C:/Users/PC/.pico-sdk/toolchain/14_2_Rel1/bin/../lib/gcc/arm-none-eabi/14.2.1/thumb/v8-m.main+fp/softfp\libgcc.a
LOAD C:/Users/PC/.pico-sdk/toolchain/14_2_Rel1/bin/../lib/gcc/arm-none-eabi/14.2.1/thumb/v8-m.main+fp/softfp\libc.a
LOAD C:/Users/PC/.pico-sdk/toolchain/14_2_Rel1/bin/../lib/gcc/arm-none-eabi/14.2.1/thumb/v8-m.main+fp/softfp\libnosys.a
END GROUP
LOAD C:/Users/PC/.pico-sdk/toolchain/14_2_Rel1/bin/../lib/gcc/arm-none-eabi/14.2.1/thumb/v8-m.main+fp/softfp/crtend.o
LOAD C:/Users/PC/.pico-sdk/toolchain/14_2_Rel1/bin/../lib/gcc/arm-none-eabi/14.2.1/thumb/v8-m.main+fp/softfp/crtn.o
OUTPUT(OpenLibCLI.elf elf32-littlearm)
LOAD linker stubs

.rel.dyn        0x10003f18        0x0
 .rel.iplt      0x10003f18        0x0 C:/Users/PC/.pico-sdk/toolchain/14_2_Rel1/bin/../lib/gcc/arm-none-eabi/14.2.1/thumb/v8-m.main+fp/softfp/crtbegin.o

.ARM.attributes
                0x00000000       0x34
 .ARM.attributes
                0x00000000       0x26 C:/Users/PC/.pico-sdk/toolchain/14_2_Rel1/bin/../lib/gcc/arm-none-eabi/14.2.1/thumb/v8-m.main+fp/softfp/crti.o
 .ARM.attributes
                0x00000026       0x36 C:/Users/PC/.pico-sdk/toolchain/14_2_Rel1/bin/../lib/gcc/arm-none-eabi/14.2.1/thumb/v8-m.main+fp/softfp/crtbegin.o
 .ARM.attributes
                0x0000005c       0x38 CMakeFiles/OpenLibCLI.dir/main.c.obj
 .ARM.attributes
                0x00000094       0x38 CMakeFiles/OpenLibCLI.dir/C_/Users/PC/.pico-sdk/sdk/2.2.0/src/rp2_common/hardware_gpio/gpio.c.obj
 .ARM.attributes
                0x000000cc       0x38 CMakeFiles/OpenLibCLI.dir/C_/Users/PC/.pico-sdk/sdk/2.2.0/src/rp2_common/pico_platform_panic/panic.c.obj
 .ARM.attributes
                0x00000104       0x38 CMakeFiles/OpenLibCLI.dir/C_/Users/PC/.pico-sdk/sdk/2.2.0/src/common/hardware_claim/claim.c.obj
 .ARM.attributes
                0x0000013c       0x38 CMakeFiles/OpenLibCLI.dir/C_/Users/PC/.pico-sdk/sdk/2.2.0/src/rp2_common/hardware_sync/sync.c.obj
 .ARM.attributes
                0x00000174       0x38 CMakeFiles/OpenLibCLI.dir/C_/Users/PC/.pico-sdk/sdk/2.2.0/src/rp2_common/hardware_sync_spin_lock/sync_spin_lock.c.obj
 .ARM.attributes
                0x000001ac       0x38 CMakeFiles/OpenLibCLI.dir/C_/Users/PC/.pico-sdk/sdk/2.2.0/src/rp2_common/hardware_irq/irq.c.obj
 .ARM.attributes
                0x000001e4       0x28 CMakeFiles/OpenLibCLI.dir/C_/Users/PC/.pico-sdk/sdk/2.2.0/src/rp2_common/hardware_irq/irq_handler_chain.S.obj
 .ARM.attributes
                0x0000020c       0x38 CMakeFiles/OpenLibCLI.dir/C_/Users/PC/.pico-sdk/sdk/2.2.0/src/common/pico_sync/lock_core.c.obj
 .ARM.attributes
                0x00000244       0x38 CMakeFiles/OpenLibCLI.dir/C_/Users/PC/.pico-sdk/sdk/2.2.0/src/common/pico_sync/mutex.c.obj
 .ARM.attributes
                0x0000027c       0x38 CMakeFiles/OpenLibCLI.dir/C_/Users/PC/.pico-sdk/sdk/2.2.0/src/common/pico_time/time.c.obj
 .ARM.attributes
                0x000002b4       0x38 CMakeFiles/OpenLibCLI.dir/C_/Users/PC/.pico-sdk/sdk/2.2.0/src/rp2_common/hardware_timer/timer.c.obj
 .ARM.attributes
                0x000002ec       0x38 CMakeFiles/OpenLibCLI.dir/C_/Users/PC/.pico-sdk/sdk/2.2.0/src/rp2_common/hardware_uart/uart.c.obj
 .ARM.attributes
                0x00000324       0x38 CMakeFiles/OpenLibCLI.dir/C_/Users/PC/.pico-sdk/sdk/2.2.0/src/rp2_common/hardware_clocks/clocks.c.obj
 .ARM.attributes
                0x0000035c       0x38 CMakeFiles/OpenLibCLI.dir/C_/Users/PC/.pico-sdk/sdk/2.2.0/src/rp2_common/hardware_pll/pll.c.obj
 .ARM.attributes
                0x00000394       0x38 CMakeFiles/OpenLibCLI.dir/C_/Users/PC/.pico-sdk/sdk/2.2.0/src/rp2_common/hardware_ticks/ticks.c.obj
 .ARM.attributes
                0x000003cc       0x38 CMakeFiles/OpenLibCLI.dir/C_/Users/PC/.pico-sdk/sdk/2.2.0/src/rp2_common/pico_bootrom/bootrom.c.obj
 .ARM.attributes
                0x00000404       0x38 CMakeFiles/OpenLibCLI.dir/C_/Users/PC/.pico-sdk/sdk/2.2.0/src/rp2_common/pico_bootrom/bootrom_lock.c.obj
 .ARM.attributes
                0x0000043c       0x38 CMakeFiles/OpenLibCLI.dir/C_/Users/PC/.pico-sdk/sdk/2.2.0/src/rp2_common/hardware_boot_lock/boot_lock.c.obj
 .ARM.attributes
                0x00000474       0x38 CMakeFiles/OpenLibCLI.dir/C_/Users/PC/.pico-sdk/sdk/2.2.0/src/rp2_common/hardware_xosc/xosc.c.obj
 .ARM.attributes
                0x000004ac       0x38 CMakeFiles/OpenLibCLI.dir/C_/Users/PC/.pico-sdk/sdk/2.2.0/src/rp2_common/pico_runtime/runtime.c.obj
 .ARM.attributes
                0x000004e4       0x38 CMakeFiles/OpenLibCLI.dir/C_/Users/PC/.pico-sdk/sdk/2.2.0/src/rp2_common/pico_runtime_init/runtime_init.c.obj
 .ARM.attributes
                0x0000051c       0x38 CMakeFiles/OpenLibCLI.dir/C_/Users/PC/.pico-sdk/sdk/2.2.0/src/rp2_common/pico_runtime_init/runtime_init_clocks.c.obj
 .ARM.attributes
                0x00000554       0x28 CMakeFiles/OpenLibCLI.dir/C_/Users/PC/.pico-sdk/sdk/2.2.0/src/rp2_common/pico_double/double_aeabi_dcp.S.obj
 .ARM.attributes
                0x0000057c       0x38 CMakeFiles/OpenLibCLI.dir/C_/Users/PC/.pico-sdk/sdk/2.2.0/src/rp2_common/pico_standard_binary_info/standard_binary_info.c.obj
 .ARM.attributes
                0x000005b4       0x38 CMakeFiles/OpenLibCLI.dir/C_/Users/PC/.pico-sdk/sdk/2.2.0/src/rp2_common/pico_printf/printf.c.obj
 .ARM.attributes
                0x000005ec       0x28 CMakeFiles/OpenLibCLI.dir/C_/Users/PC/.pico-sdk/sdk/2.2.0/src/rp2_common/pico_crt0/crt0.S.obj
 .ARM.attributes
                0x00000614       0x38 CMakeFiles/OpenLibCLI.dir/C_/Users/PC/.pico-sdk/sdk/2.2.0/src/rp2_common/pico_clib_interface/newlib_interface.c.obj
 .ARM.attributes
                0x0000064c       0x38 CMakeFiles/OpenLibCLI.dir/C_/Users/PC/.pico-sdk/sdk/2.2.0/src/rp2_common/pico_stdio/stdio.c.obj
 .ARM.attributes
                0x00000684       0x38 CMakeFiles/OpenLibCLI.dir/C_/Users/PC/.pico-sdk/sdk/2.2.0/src/rp2_common/pico_stdio_uart/stdio_uart.c.obj
 .ARM.attributes
                0x000006bc       0x26 C:/Users/PC/.pico-sdk/toolchain/14_2_Rel1/bin/../lib/gcc/arm-none-eabi/14.2.1/thumb/v8-m.main+fp/softfp\libgcc.a(_aeabi_uldivmod.o)
 .ARM.attributes
                0x000006e2       0x36 C:/Users/PC/.pico-sdk/toolchain/14_2_Rel1/bin/../lib/gcc/arm-none-eabi/14.2.1/thumb/v8-m.main+fp/softfp\libgcc.a(_udivmoddi4.o)
 .ARM.attributes
                0x00000718       0x26 C:/Users/PC/.pico-sdk/toolchain/14_2_Rel1/bin/../lib/gcc/arm-none-eabi/14.2.1/thumb/v8-m.main+fp/softfp\libgcc.a(_dvmd_tls.o)
 .ARM.attributes
                0x0000073e       0x24 C:/Users/PC/.pico-sdk/toolchain/14_2_Rel1/bin/../lib/gcc/arm-none-eabi/14.2.1/thumb/v8-m.main+fp/softfp\libg.a(libc_a-memcpy.o)
 .ARM.attributes
                0x00000762       0x36 C:/Users/PC/.pico-sdk/toolchain/14_2_Rel1/bin/../lib/gcc/arm-none-eabi/14.2.1/thumb/v8-m.main+fp/softfp\libg.a(libc_a-strlen-stub.o)
 .ARM.attributes
                0x00000798       0x36 C:/Users/PC/.pico-sdk/toolchain/14_2_Rel1/bin/../lib/gcc/arm-none-eabi/14.2.1/thumb/v8-m.main+fp/softfp/crtend.o

.comment        0x00000000       0x45
 .comment       0x00000000       0x45 CMakeFiles/OpenLibCLI.dir/main.c.obj
                                 0x46 (size before relaxing)
 .comment       0x00000045       0x46 CMakeFiles/OpenLibCLI.dir/C_/Users/PC/.pico-sdk/sdk/2.2.0/src/rp2_common/hardware_gpio/gpio.c.obj
 .comment       0x00000045       0x46 CMakeFiles/OpenLibCLI.dir/C_/Users/PC/.pico-sdk/sdk/2.2.0/src/rp2_common/pico_platform_panic/panic.c.obj
 .comment       0x00000045       0x46 CMakeFiles/OpenLibCLI.dir/C_/Users/PC/.pico-sdk/sdk/2.2.0/src/common/hardware_claim/claim.c.obj
 .comment       0x00000045       0x46 CMakeFiles/OpenLibCLI.dir/C_/Users/PC/.pico-sdk/sdk/2.2.0/src/rp2_common/hardware_sync/sync.c.obj
 .comment       0x00000045       0x46 CMakeFiles/OpenLibCLI.dir/C_/Users/PC/.pico-sdk/sdk/2.2.0/src/rp2_common/hardware_sync_spin_lock/sync_spin_lock.c.obj
 .comment       0x00000045       0x46 CMakeFiles/OpenLibCLI.dir/C_/Users/PC/.pico-sdk/sdk/2.2.0/src/rp2_common/hardware_irq/irq.c.obj
 .comment       0x00000045       0x46 CMakeFiles/OpenLibCLI.dir/C_/Users/PC/.pico-sdk/sdk/2.2.0/src/common/pico_sync/lock_core.c.obj
 .comment       0x00000045       0x46 CMakeFiles/OpenLibCLI.dir/C_/Users/PC/.pico-sdk/sdk/2.2.0/src/common/pico_sync/mutex.c.obj
 .comment       0x00000045       0x46 CMakeFiles/OpenLibCLI.dir/C_/Users/PC/.pico-sdk/sdk/2.2.0/src/common/pico_time/time.c.obj
 .comment       0x00000045       0x46 CMakeFiles/OpenLibCLI.dir/C_/Users/PC/.pico-sdk/sdk/2.2.0/src/rp2_common/hardware_timer/timer.c.obj
 .comment       0x00000045       0x46 CMakeFiles/OpenLibCLI.dir/C_/Users/PC/.pico-sdk/sdk/2.2.0/src/rp2_common/hardware_uart/uart.c.obj
 .comment       0x00000045       0x46 CMakeFiles/OpenLibCLI.dir/C_/Users/PC/.pico-sdk/sdk/2.2.0/src/rp2_common/hardware_clocks/clocks.c.obj
 .comment       0x00000045       0x46 CMakeFiles/OpenLibCLI.dir/C_/Users/PC/.pico-sdk/sdk/2.2.0/src/rp2_common/hardware_pll/pll.c.obj
 .comment       0x00000045       0x46 CMakeFiles/OpenLibCLI.dir/C_/Users/PC/.pico-sdk/sdk/2.2.0/src/rp2_common/hardware_ticks/ticks.c.obj
 .comment       0x00000045       0x46 CMakeFiles/OpenLibCLI.dir/C_/Users/PC/.pico-sdk/sdk/2.2.0/src/rp2_common/pico_bootrom/bootrom.c.obj
 .comment       0x00000045       0x46 CMakeFiles/OpenLibCLI.dir/C_/Users/PC/.pico-sdk/sdk/2.2.0/src/rp2_common/pico_bootrom/bootrom_lock.c.obj
 .comment       0x00000045       0x46 CMakeFiles/OpenLibCLI.dir/C_/Users/PC/.pico-sdk/sdk/2.2.0/src/rp2_common/hardware_boot_lock/boot_lock.c.obj
 .comment       0x00000045       0x46 CMakeFiles/OpenLibCLI.dir/C_/Users/PC/.pico-sdk/sdk/2.2.0/src/rp2_common/hardware_xosc/xosc.c.obj
 .comment       0x00000045       0x46 CMakeFiles/OpenLibCLI.dir/C_/Users/PC/.pico-sdk/sdk/2.2.0/src/rp2_common/pico_runtime/runtime.c.obj
 .comment       0x00000045       0x46 CMakeFiles/OpenLibCLI.dir/C_/Users/PC/.pico-sdk/sdk/2.2.0/src/rp2_common/pico_runtime_init/runtime_init.c.obj
 .comment       0x00000045       0x46 CMakeFiles/OpenLibCLI.dir/C_/Users/PC/.pico-sdk/sdk/2.2.0/src/rp2_common/pico_runtime_init/runtime_init_clocks.c.obj
 .comment       0x00000045       0x46 CMakeFiles/OpenLibCLI.dir/C_/Users/PC/.pico-sdk/sdk/2.2.0/src/rp2_common/pico_standard_binary_info/standard_binary_info.c.obj
 .comment       0x00000045       0x46 CMakeFiles/OpenLibCLI.dir/C_/Users/PC/.pico-sdk/sdk/2.2.0/src/rp2_common/pico_printf/printf.c.obj
 .comment       0x00000045       0x46 CMakeFiles/OpenLibCLI.dir/C_/Users/PC/.pico-sdk/sdk/2.2.0/src/rp2_common/pico_clib_interface/newlib_interface.c.obj
 .comment       0x00000045       0x46 CMakeFiles/OpenLibCLI.dir/C_/Users/PC/.pico-sdk/sdk/2.2.0/src/rp2_common/pico_stdio/stdio.c.obj
 .comment       0x00000045       0x46 CMakeFiles/OpenLibCLI.dir/C_/Users/PC/.pico-sdk/sdk/2.2.0/src/rp2_common/pico_stdio_uart/stdio_uart.c.obj

.debug_info     0x00000000    0x1a16b
 .debug_info    0x00000000      0x110 CMakeFiles/OpenLibCLI.dir/main.c.obj
 .debug_info    0x00000110     0x1c5b CMakeFiles/OpenLibCLI.dir/C_/Users/PC/.pico-sdk/sdk/2.2.0/src/rp2_common/hardware_gpio/gpio.c.obj
 .debug_info    0x00001d6b      0x1b3 CMakeFiles/OpenLibCLI.dir/C_/Users/PC/.pico-sdk/sdk/2.2.0/src/rp2_common/pico_platform_panic/panic.c.obj
 .debug_info    0x00001f1e      0x745 CMakeFiles/OpenLibCLI.dir/C_/Users/PC/.pico-sdk/sdk/2.2.0/src/common/hardware_claim/claim.c.obj
 .debug_info    0x00002663      0x47d CMakeFiles/OpenLibCLI.dir/C_/Users/PC/.pico-sdk/sdk/2.2.0/src/rp2_common/hardware_sync/sync.c.obj
 .debug_info    0x00002ae0     0x152a CMakeFiles/OpenLibCLI.dir/C_/Users/PC/.pico-sdk/sdk/2.2.0/src/rp2_common/hardware_sync_spin_lock/sync_spin_lock.c.obj
 .debug_info    0x0000400a     0x2427 CMakeFiles/OpenLibCLI.dir/C_/Users/PC/.pico-sdk/sdk/2.2.0/src/rp2_common/hardware_irq/irq.c.obj
 .debug_info    0x00006431      0x1cf CMakeFiles/OpenLibCLI.dir/C_/Users/PC/.pico-sdk/sdk/2.2.0/src/common/pico_sync/lock_core.c.obj
 .debug_info    0x00006600     0x1f13 CMakeFiles/OpenLibCLI.dir/C_/Users/PC/.pico-sdk/sdk/2.2.0/src/common/pico_sync/mutex.c.obj
 .debug_info    0x00008513     0x3879 CMakeFiles/OpenLibCLI.dir/C_/Users/PC/.pico-sdk/sdk/2.2.0/src/common/pico_time/time.c.obj
 .debug_info    0x0000bd8c     0x1ea5 CMakeFiles/OpenLibCLI.dir/C_/Users/PC/.pico-sdk/sdk/2.2.0/src/rp2_common/hardware_timer/timer.c.obj
 .debug_info    0x0000dc31     0x13da CMakeFiles/OpenLibCLI.dir/C_/Users/PC/.pico-sdk/sdk/2.2.0/src/rp2_common/hardware_uart/uart.c.obj
 .debug_info    0x0000f00b     0x167c CMakeFiles/OpenLibCLI.dir/C_/Users/PC/.pico-sdk/sdk/2.2.0/src/rp2_common/hardware_clocks/clocks.c.obj
 .debug_info    0x00010687      0x67c CMakeFiles/OpenLibCLI.dir/C_/Users/PC/.pico-sdk/sdk/2.2.0/src/rp2_common/hardware_pll/pll.c.obj
 .debug_info    0x00010d03      0x2d6 CMakeFiles/OpenLibCLI.dir/C_/Users/PC/.pico-sdk/sdk/2.2.0/src/rp2_common/hardware_ticks/ticks.c.obj
 .debug_info    0x00010fd9     0x1030 CMakeFiles/OpenLibCLI.dir/C_/Users/PC/.pico-sdk/sdk/2.2.0/src/rp2_common/pico_bootrom/bootrom.c.obj
 .debug_info    0x00012009      0x1d5 CMakeFiles/OpenLibCLI.dir/C_/Users/PC/.pico-sdk/sdk/2.2.0/src/rp2_common/pico_bootrom/bootrom_lock.c.obj
 .debug_info    0x000121de      0x334 CMakeFiles/OpenLibCLI.dir/C_/Users/PC/.pico-sdk/sdk/2.2.0/src/rp2_common/hardware_boot_lock/boot_lock.c.obj
 .debug_info    0x00012512      0x1b5 CMakeFiles/OpenLibCLI.dir/C_/Users/PC/.pico-sdk/sdk/2.2.0/src/rp2_common/hardware_xosc/xosc.c.obj
 .debug_info    0x000126c7      0x1bc CMakeFiles/OpenLibCLI.dir/C_/Users/PC/.pico-sdk/sdk/2.2.0/src/rp2_common/pico_runtime/runtime.c.obj
 .debug_info    0x00012883     0x1c5d CMakeFiles/OpenLibCLI.dir/C_/Users/PC/.pico-sdk/sdk/2.2.0/src/rp2_common/pico_runtime_init/runtime_init.c.obj
 .debug_info    0x000144e0      0x7b0 CMakeFiles/OpenLibCLI.dir/C_/Users/PC/.pico-sdk/sdk/2.2.0/src/rp2_common/pico_runtime_init/runtime_init_clocks.c.obj
 .debug_info    0x00014c90       0x23 CMakeFiles/OpenLibCLI.dir/C_/Users/PC/.pico-sdk/sdk/2.2.0/src/rp2_common/pico_double/double_aeabi_dcp.S.obj
 .debug_info    0x00014cb3      0x2b8 CMakeFiles/OpenLibCLI.dir/C_/Users/PC/.pico-sdk/sdk/2.2.0/src/rp2_common/pico_standard_binary_info/standard_binary_info.c.obj
 .debug_info    0x00014f6b     0x1959 CMakeFiles/OpenLibCLI.dir/C_/Users/PC/.pico-sdk/sdk/2.2.0/src/rp2_common/pico_printf/printf.c.obj
 .debug_info    0x000168c4       0x23 CMakeFiles/OpenLibCLI.dir/C_/Users/PC/.pico-sdk/sdk/2.2.0/src/rp2_common/pico_crt0/crt0.S.obj
 .debug_info    0x000168e7      0xcab CMakeFiles/OpenLibCLI.dir/C_/Users/PC/.pico-sdk/sdk/2.2.0/src/rp2_common/pico_clib_interface/newlib_interface.c.obj
 .debug_info    0x00017592     0x161e CMakeFiles/OpenLibCLI.dir/C_/Users/PC/.pico-sdk/sdk/2.2.0/src/rp2_common/pico_stdio/stdio.c.obj
 .debug_info    0x00018bb0     0x15bb CMakeFiles/OpenLibCLI.dir/C_/Users/PC/.pico-sdk/sdk/2.2.0/src/rp2_common/pico_stdio_uart/stdio_uart.c.obj

.debug_abbrev   0x00000000     0x503f
 .debug_abbrev  0x00000000       0xbc CMakeFiles/OpenLibCLI.dir/main.c.obj
 .debug_abbrev  0x000000bc      0x48d CMakeFiles/OpenLibCLI.dir/C_/Users/PC/.pico-sdk/sdk/2.2.0/src/rp2_common/hardware_gpio/gpio.c.obj
 .debug_abbrev  0x00000549      0x12d CMakeFiles/OpenLibCLI.dir/C_/Users/PC/.pico-sdk/sdk/2.2.0/src/rp2_common/pico_platform_panic/panic.c.obj
 .debug_abbrev  0x00000676      0x2c8 CMakeFiles/OpenLibCLI.dir/C_/Users/PC/.pico-sdk/sdk/2.2.0/src/common/hardware_claim/claim.c.obj
 .debug_abbrev  0x0000093e      0x1f8 CMakeFiles/OpenLibCLI.dir/C_/Users/PC/.pico-sdk/sdk/2.2.0/src/rp2_common/hardware_sync/sync.c.obj
 .debug_abbrev  0x00000b36      0x2a1 CMakeFiles/OpenLibCLI.dir/C_/Users/PC/.pico-sdk/sdk/2.2.0/src/rp2_common/hardware_sync_spin_lock/sync_spin_lock.c.obj
 .debug_abbrev  0x00000dd7      0x5d5 CMakeFiles/OpenLibCLI.dir/C_/Users/PC/.pico-sdk/sdk/2.2.0/src/rp2_common/hardware_irq/irq.c.obj
 .debug_abbrev  0x000013ac      0x130 CMakeFiles/OpenLibCLI.dir/C_/Users/PC/.pico-sdk/sdk/2.2.0/src/common/pico_sync/lock_core.c.obj
 .debug_abbrev  0x000014dc      0x44b CMakeFiles/OpenLibCLI.dir/C_/Users/PC/.pico-sdk/sdk/2.2.0/src/common/pico_sync/mutex.c.obj
 .debug_abbrev  0x00001927      0x632 CMakeFiles/OpenLibCLI.dir/C_/Users/PC/.pico-sdk/sdk/2.2.0/src/common/pico_time/time.c.obj
 .debug_abbrev  0x00001f59      0x4b4 CMakeFiles/OpenLibCLI.dir/C_/Users/PC/.pico-sdk/sdk/2.2.0/src/rp2_common/hardware_timer/timer.c.obj
 .debug_abbrev  0x0000240d      0x335 CMakeFiles/OpenLibCLI.dir/C_/Users/PC/.pico-sdk/sdk/2.2.0/src/rp2_common/hardware_uart/uart.c.obj
 .debug_abbrev  0x00002742      0x477 CMakeFiles/OpenLibCLI.dir/C_/Users/PC/.pico-sdk/sdk/2.2.0/src/rp2_common/hardware_clocks/clocks.c.obj
 .debug_abbrev  0x00002bb9      0x1f8 CMakeFiles/OpenLibCLI.dir/C_/Users/PC/.pico-sdk/sdk/2.2.0/src/rp2_common/hardware_pll/pll.c.obj
 .debug_abbrev  0x00002db1      0x153 CMakeFiles/OpenLibCLI.dir/C_/Users/PC/.pico-sdk/sdk/2.2.0/src/rp2_common/hardware_ticks/ticks.c.obj
 .debug_abbrev  0x00002f04      0x498 CMakeFiles/OpenLibCLI.dir/C_/Users/PC/.pico-sdk/sdk/2.2.0/src/rp2_common/pico_bootrom/bootrom.c.obj
 .debug_abbrev  0x0000339c      0x12b CMakeFiles/OpenLibCLI.dir/C_/Users/PC/.pico-sdk/sdk/2.2.0/src/rp2_common/pico_bootrom/bootrom_lock.c.obj
 .debug_abbrev  0x000034c7      0x200 CMakeFiles/OpenLibCLI.dir/C_/Users/PC/.pico-sdk/sdk/2.2.0/src/rp2_common/hardware_boot_lock/boot_lock.c.obj
 .debug_abbrev  0x000036c7      0x10b CMakeFiles/OpenLibCLI.dir/C_/Users/PC/.pico-sdk/sdk/2.2.0/src/rp2_common/hardware_xosc/xosc.c.obj
 .debug_abbrev  0x000037d2      0x149 CMakeFiles/OpenLibCLI.dir/C_/Users/PC/.pico-sdk/sdk/2.2.0/src/rp2_common/pico_runtime/runtime.c.obj
 .debug_abbrev  0x0000391b      0x2f9 CMakeFiles/OpenLibCLI.dir/C_/Users/PC/.pico-sdk/sdk/2.2.0/src/rp2_common/pico_runtime_init/runtime_init.c.obj
 .debug_abbrev  0x00003c14      0x2c3 CMakeFiles/OpenLibCLI.dir/C_/Users/PC/.pico-sdk/sdk/2.2.0/src/rp2_common/pico_runtime_init/runtime_init_clocks.c.obj
 .debug_abbrev  0x00003ed7       0x12 CMakeFiles/OpenLibCLI.dir/C_/Users/PC/.pico-sdk/sdk/2.2.0/src/rp2_common/pico_double/double_aeabi_dcp.S.obj
 .debug_abbrev  0x00003ee9       0xb8 CMakeFiles/OpenLibCLI.dir/C_/Users/PC/.pico-sdk/sdk/2.2.0/src/rp2_common/pico_standard_binary_info/standard_binary_info.c.obj
 .debug_abbrev  0x00003fa1      0x382 CMakeFiles/OpenLibCLI.dir/C_/Users/PC/.pico-sdk/sdk/2.2.0/src/rp2_common/pico_printf/printf.c.obj
 .debug_abbrev  0x00004323       0x12 CMakeFiles/OpenLibCLI.dir/C_/Users/PC/.pico-sdk/sdk/2.2.0/src/rp2_common/pico_crt0/crt0.S.obj
 .debug_abbrev  0x00004335      0x35f CMakeFiles/OpenLibCLI.dir/C_/Users/PC/.pico-sdk/sdk/2.2.0/src/rp2_common/pico_clib_interface/newlib_interface.c.obj
 .debug_abbrev  0x00004694      0x527 CMakeFiles/OpenLibCLI.dir/C_/Users/PC/.pico-sdk/sdk/2.2.0/src/rp2_common/pico_stdio/stdio.c.obj
 .debug_abbrev  0x00004bbb      0x484 CMakeFiles/OpenLibCLI.dir/C_/Users/PC/.pico-sdk/sdk/2.2.0/src/rp2_common/pico_stdio_uart/stdio_uart.c.obj

.debug_aranges  0x00000000      0xcd8
 .debug_aranges
                0x00000000       0x20 CMakeFiles/OpenLibCLI.dir/main.c.obj
 .debug_aranges
                0x00000020      0x120 CMakeFiles/OpenLibCLI.dir/C_/Users/PC/.pico-sdk/sdk/2.2.0/src/rp2_common/hardware_gpio/gpio.c.obj
 .debug_aranges
                0x00000140       0x28 CMakeFiles/OpenLibCLI.dir/C_/Users/PC/.pico-sdk/sdk/2.2.0/src/rp2_common/pico_platform_panic/panic.c.obj
 .debug_aranges
                0x00000168       0x48 CMakeFiles/OpenLibCLI.dir/C_/Users/PC/.pico-sdk/sdk/2.2.0/src/common/hardware_claim/claim.c.obj
 .debug_aranges
                0x000001b0       0x48 CMakeFiles/OpenLibCLI.dir/C_/Users/PC/.pico-sdk/sdk/2.2.0/src/rp2_common/hardware_sync/sync.c.obj
 .debug_aranges
                0x000001f8       0x30 CMakeFiles/OpenLibCLI.dir/C_/Users/PC/.pico-sdk/sdk/2.2.0/src/rp2_common/hardware_sync_spin_lock/sync_spin_lock.c.obj
 .debug_aranges
                0x00000228       0xe8 CMakeFiles/OpenLibCLI.dir/C_/Users/PC/.pico-sdk/sdk/2.2.0/src/rp2_common/hardware_irq/irq.c.obj
 .debug_aranges
                0x00000310       0x20 CMakeFiles/OpenLibCLI.dir/C_/Users/PC/.pico-sdk/sdk/2.2.0/src/common/pico_sync/lock_core.c.obj
 .debug_aranges
                0x00000330       0x98 CMakeFiles/OpenLibCLI.dir/C_/Users/PC/.pico-sdk/sdk/2.2.0/src/common/pico_sync/mutex.c.obj
 .debug_aranges
                0x000003c8      0x120 CMakeFiles/OpenLibCLI.dir/C_/Users/PC/.pico-sdk/sdk/2.2.0/src/common/pico_time/time.c.obj
 .debug_aranges
                0x000004e8       0xf0 CMakeFiles/OpenLibCLI.dir/C_/Users/PC/.pico-sdk/sdk/2.2.0/src/rp2_common/hardware_timer/timer.c.obj
 .debug_aranges
                0x000005d8       0x70 CMakeFiles/OpenLibCLI.dir/C_/Users/PC/.pico-sdk/sdk/2.2.0/src/rp2_common/hardware_uart/uart.c.obj
 .debug_aranges
                0x00000648       0xa8 CMakeFiles/OpenLibCLI.dir/C_/Users/PC/.pico-sdk/sdk/2.2.0/src/rp2_common/hardware_clocks/clocks.c.obj
 .debug_aranges
                0x000006f0       0x28 CMakeFiles/OpenLibCLI.dir/C_/Users/PC/.pico-sdk/sdk/2.2.0/src/rp2_common/hardware_pll/pll.c.obj
 .debug_aranges
                0x00000718       0x30 CMakeFiles/OpenLibCLI.dir/C_/Users/PC/.pico-sdk/sdk/2.2.0/src/rp2_common/hardware_ticks/ticks.c.obj
 .debug_aranges
                0x00000748       0x80 CMakeFiles/OpenLibCLI.dir/C_/Users/PC/.pico-sdk/sdk/2.2.0/src/rp2_common/pico_bootrom/bootrom.c.obj
 .debug_aranges
                0x000007c8       0x20 CMakeFiles/OpenLibCLI.dir/C_/Users/PC/.pico-sdk/sdk/2.2.0/src/rp2_common/pico_bootrom/bootrom_lock.c.obj
 .debug_aranges
                0x000007e8       0x30 CMakeFiles/OpenLibCLI.dir/C_/Users/PC/.pico-sdk/sdk/2.2.0/src/rp2_common/hardware_boot_lock/boot_lock.c.obj
 .debug_aranges
                0x00000818       0x30 CMakeFiles/OpenLibCLI.dir/C_/Users/PC/.pico-sdk/sdk/2.2.0/src/rp2_common/hardware_xosc/xosc.c.obj
 .debug_aranges
                0x00000848       0x40 CMakeFiles/OpenLibCLI.dir/C_/Users/PC/.pico-sdk/sdk/2.2.0/src/rp2_common/pico_runtime/runtime.c.obj
 .debug_aranges
                0x00000888       0x58 CMakeFiles/OpenLibCLI.dir/C_/Users/PC/.pico-sdk/sdk/2.2.0/src/rp2_common/pico_runtime_init/runtime_init.c.obj
 .debug_aranges
                0x000008e0       0x28 CMakeFiles/OpenLibCLI.dir/C_/Users/PC/.pico-sdk/sdk/2.2.0/src/rp2_common/pico_runtime_init/runtime_init_clocks.c.obj
 .debug_aranges
                0x00000908       0xf8 CMakeFiles/OpenLibCLI.dir/C_/Users/PC/.pico-sdk/sdk/2.2.0/src/rp2_common/pico_double/double_aeabi_dcp.S.obj
 .debug_aranges
                0x00000a00       0x18 CMakeFiles/OpenLibCLI.dir/C_/Users/PC/.pico-sdk/sdk/2.2.0/src/rp2_common/pico_standard_binary_info/standard_binary_info.c.obj
 .debug_aranges
                0x00000a18       0x90 CMakeFiles/OpenLibCLI.dir/C_/Users/PC/.pico-sdk/sdk/2.2.0/src/rp2_common/pico_printf/printf.c.obj
 .debug_aranges
                0x00000aa8       0x28 CMakeFiles/OpenLibCLI.dir/C_/Users/PC/.pico-sdk/sdk/2.2.0/src/rp2_common/pico_crt0/crt0.S.obj
 .debug_aranges
                0x00000ad0       0xa8 CMakeFiles/OpenLibCLI.dir/C_/Users/PC/.pico-sdk/sdk/2.2.0/src/rp2_common/pico_clib_interface/newlib_interface.c.obj
 .debug_aranges
                0x00000b78       0xd0 CMakeFiles/OpenLibCLI.dir/C_/Users/PC/.pico-sdk/sdk/2.2.0/src/rp2_common/pico_stdio/stdio.c.obj
 .debug_aranges
                0x00000c48       0x90 CMakeFiles/OpenLibCLI.dir/C_/Users/PC/.pico-sdk/sdk/2.2.0/src/rp2_common/pico_stdio_uart/stdio_uart.c.obj

.debug_rnglists
                0x00000000      0xdac
 .debug_rnglists
                0x00000000       0x13 CMakeFiles/OpenLibCLI.dir/main.c.obj
 .debug_rnglists
                0x00000013      0x104 CMakeFiles/OpenLibCLI.dir/C_/Users/PC/.pico-sdk/sdk/2.2.0/src/rp2_common/hardware_gpio/gpio.c.obj
 .debug_rnglists
                0x00000117       0x19 CMakeFiles/OpenLibCLI.dir/C_/Users/PC/.pico-sdk/sdk/2.2.0/src/rp2_common/pico_platform_panic/panic.c.obj
 .debug_rnglists
                0x00000130       0x31 CMakeFiles/OpenLibCLI.dir/C_/Users/PC/.pico-sdk/sdk/2.2.0/src/common/hardware_claim/claim.c.obj
 .debug_rnglists
                0x00000161       0x31 CMakeFiles/OpenLibCLI.dir/C_/Users/PC/.pico-sdk/sdk/2.2.0/src/rp2_common/hardware_sync/sync.c.obj
 .debug_rnglists
                0x00000192       0x1f CMakeFiles/OpenLibCLI.dir/C_/Users/PC/.pico-sdk/sdk/2.2.0/src/rp2_common/hardware_sync_spin_lock/sync_spin_lock.c.obj
 .debug_rnglists