Archive member included to satisfy reference by file (symbol)

C:/ST/STM32CubeIDE_1.16.0/STM32CubeIDE/plugins/com.st.stm32cube.ide.mcu.externaltools.gnu-tools-for-stm32.14.3.rel1.win32_1.0.100.202602081740/tools/bin/../lib/gcc/arm-none-eabi/14.3.1/../../../../arm-none-eabi/lib/thumb/v7-m/nofp\libc_nano.a(libc_a-exit.o)
                              C:/ST/STM32CubeIDE_1.16.0/STM32CubeIDE/plugins/com.st.stm32cube.ide.mcu.externaltools.gnu-tools-for-stm32.14.3.rel1.win32_1.0.100.202602081740/tools/bin/../lib/gcc/arm-none-eabi/14.3.1/../../../../arm-none-eabi/lib/thumb/v7-m/nofp/crt0.o (exit)
C:/ST/STM32CubeIDE_1.16.0/STM32CubeIDE/plugins/com.st.stm32cube.ide.mcu.externaltools.gnu-tools-for-stm32.14.3.rel1.win32_1.0.100.202602081740/tools/bin/../lib/gcc/arm-none-eabi/14.3.1/../../../../arm-none-eabi/lib/thumb/v7-m/nofp\libc_nano.a(libc_a-strtod.o)
                              ./Core/Src/OpenLibCLI/utils/cli_args_parse.o (strtod)
C:/ST/STM32CubeIDE_1.16.0/STM32CubeIDE/plugins/com.st.stm32cube.ide.mcu.externaltools.gnu-tools-for-stm32.14.3.rel1.win32_1.0.100.202602081740/tools/bin/../lib/gcc/arm-none-eabi/14.3.1/../../../../arm-none-eabi/lib/thumb/v7-m/nofp\libc_nano.a(libc_a-strtol.o)
                              ./Core/Src/OpenLibCLI/utils/cli_args_parse.o (strtol)
C:/ST/STM32CubeIDE_1.16.0/STM32CubeIDE/plugins/com.st.stm32cube.ide.mcu.externaltools.gnu-tools-for-stm32.14.3.rel1.win32_1.0.100.202602081740/tools/bin/../lib/gcc/arm-none-eabi/14.3.1/../../../../arm-none-eabi/lib/thumb/v7-m/nofp\libc_nano.a(libc_a-strtoul.o)
                              ./Core/Src/OpenLibCLI/utils/cli_args_parse.o (strtoul)
C:/ST/STM32CubeIDE_1.16.0/STM32CubeIDE/plugins/com.st.stm32cube.ide.mcu.externaltools.gnu-tools-for-stm32.14.3.rel1.win32_1.0.100.202602081740/tools/bin/../lib/gcc/arm-none-eabi/14.3.1/../../../../arm-none-eabi/lib/thumb/v7-m/nofp\libc_nano.a(libc_a-strtoll.o)
                              ./Core/Src/OpenLibCLI/utils/cli_args_parse.o (strtoll)
C:/ST/STM32CubeIDE_1.16.0/STM32CubeIDE/plugins/com.st.stm32cube.ide.mcu.externaltools.gnu-tools-for-stm32.14.3.rel1.win32_1.0.100.202602081740/tools/bin/../lib/gcc/arm-none-eabi/14.3.1/../../../../arm-none-eabi/lib/thumb/v7-m/nofp\libc_nano.a(libc_a-strtoull.o)
                              ./Core/Src/OpenLibCLI/utils/cli_args_parse.o (strtoull)
C:/ST/STM32CubeIDE_1.16.0/STM32CubeIDE/plugins/com.st.stm32cube.ide.mcu.externaltools.gnu-tools-for-stm32.14.3.rel1.win32_1.0.100.202602081740/tools/bin/../lib/gcc/arm-none-eabi/14.3.1/../../../../arm-none-eabi/lib/thumb/v7-m/nofp\libc_nano.a(libc_a-ctype_.o)
                              ./Core/Src/OpenLibCLI/cli.o (_ctype_)
C:/ST/STM32CubeIDE_1.16.0/STM32CubeIDE/plugins/com.st.stm32cube.ide.mcu.externaltools.gnu-tools-for-stm32.14.3.rel1.win32_1.0.100.202602081740/tools/bin/../lib/gcc/arm-none-eabi/14.3.1/../../../../arm-none-eabi/lib/thumb/v7-m/nofp\libc_nano.a(libc_a-findfp.o)
                              C:/ST/STM32CubeIDE_1.16.0/STM32CubeIDE/plugins/com.st.stm32cube.ide.mcu.externaltools.gnu-tools-for-stm32.14.3.rel1.win32_1.0.100.202602081740/tools/bin/../lib/gcc/arm-none-eabi/14.3.1/../../../../arm-none-eabi/lib/thumb/v7-m/nofp\libc_nano.a(libc_a-exit.o) (__stdio_exit_handler)
C:/ST/STM32CubeIDE_1.16.0/STM32CubeIDE/plugins/com.st.stm32cube.ide.mcu.externaltools.gnu-tools-for-stm32.14.3.rel1.win32_1.0.100.202602081740/tools/bin/../lib/gcc/arm-none-eabi/14.3.1/../../../../arm-none-eabi/lib/thumb/v7-m/nofp\libc_nano.a(libc_a-fwalk.o)
                              C:/ST/STM32CubeIDE_1.16.0/STM32CubeIDE/plugins/com.st.stm32cube.ide.mcu.externaltools.gnu-tools-for-stm32.14.3.rel1.win32_1.0.100.202602081740/tools/bin/../lib/gcc/arm-none-eabi/14.3.1/../../../../arm-none-eabi/lib/thumb/v7-m/nofp\libc_nano.a(libc_a-findfp.o) (_fwalk_sglue)
C:/ST/STM32CubeIDE_1.16.0/STM32CubeIDE/plugins/com.st.stm32cube.ide.mcu.externaltools.gnu-tools-for-stm32.14.3.rel1.win32_1.0.100.202602081740/tools/bin/../lib/gcc/arm-none-eabi/14.3.1/../../../../arm-none-eabi/lib/thumb/v7-m/nofp\libc_nano.a(libc_a-sscanf.o)
                              ./Core/Src/OpenLibCLI/cli.o (sscanf)
C:/ST/STM32CubeIDE_1.16.0/STM32CubeIDE/plugins/com.st.stm32cube.ide.mcu.externaltools.gnu-tools-for-stm32.14.3.rel1.win32_1.0.100.202602081740/tools/bin/../lib/gcc/arm-none-eabi/14.3.1/../../../../arm-none-eabi/lib/thumb/v7-m/nofp\libc_nano.a(libc_a-stdio.o)
                              C:/ST/STM32CubeIDE_1.16.0/STM32CubeIDE/plugins/com.st.stm32cube.ide.mcu.externaltools.gnu-tools-for-stm32.14.3.rel1.win32_1.0.100.202602081740/tools/bin/../lib/gcc/arm-none-eabi/14.3.1/../../../../arm-none-eabi/lib/thumb/v7-m/nofp\libc_nano.a(libc_a-findfp.o) (__sread)
C:/ST/STM32CubeIDE_1.16.0/STM32CubeIDE/plugins/com.st.stm32cube.ide.mcu.externaltools.gnu-tools-for-stm32.14.3.rel1.win32_1.0.100.202602081740/tools/bin/../lib/gcc/arm-none-eabi/14.3.1/../../../../arm-none-eabi/lib/thumb/v7-m/nofp\libc_nano.a(libc_a-vsnprintf.o)
[...]
Memory Configuration

Name             Origin             Length             Attributes
RAM              0x20000000         0x00005000         xrw
FLASH            0x08000000         0x00020000         xr
*default*        0x00000000         0xffffffff

Linker script and memory map

LOAD C:/ST/STM32CubeIDE_1.16.0/STM32CubeIDE/plugins/com.st.stm32cube.ide.mcu.externaltools.gnu-tools-for-stm32.14.3.rel1.win32_1.0.100.202602081740/tools/bin/../lib/gcc/arm-none-eabi/14.3.1/thumb/v7-m/nofp/crti.o
LOAD C:/ST/STM32CubeIDE_1.16.0/STM32CubeIDE/plugins/com.st.stm32cube.ide.mcu.externaltools.gnu-tools-for-stm32.14.3.rel1.win32_1.0.100.202602081740/tools/bin/../lib/gcc/arm-none-eabi/14.3.1/thumb/v7-m/nofp/crtbegin.o
LOAD C:/ST/STM32CubeIDE_1.16.0/STM32CubeIDE/plugins/com.st.stm32cube.ide.mcu.externaltools.gnu-tools-for-stm32.14.3.rel1.win32_1.0.100.202602081740/tools/bin/../lib/gcc/arm-none-eabi/14.3.1/../../../../arm-none-eabi/lib/thumb/v7-m/nofp/crt0.o
LOAD ./Core/Src/OpenLibCLI/cli.o
LOAD ./Core/Src/OpenLibCLI/utils/cli_args_parse.o
LOAD ./Core/Src/cli_demo_setup.o
LOAD ./Core/Src/cli_transport_serial.o
LOAD ./Core/Src/main.o
LOAD ./Core/Src/stm32f1xx_hal_msp.o
LOAD ./Core/Src/stm32f1xx_it.o
LOAD ./Core/Src/syscalls.o
LOAD ./Core/Src/sysmem.o
LOAD ./Core/Src/system_stm32f1xx.o
LOAD ./Core/Startup/startup_stm32f103rbtx.o
LOAD ./Drivers/STM32F1xx_HAL_Driver/Src/stm32f1xx_hal.o
LOAD ./Drivers/STM32F1xx_HAL_Driver/Src/stm32f1xx_hal_cortex.o
LOAD ./Drivers/STM32F1xx_HAL_Driver/Src/stm32f1xx_hal_dma.o
LOAD ./Drivers/STM32F1xx_HAL_Driver/Src/stm32f1xx_hal_exti.o
LOAD ./Drivers/STM32F1xx_HAL_Driver/Src/stm32f1xx_hal_flash.o
LOAD ./Drivers/STM32F1xx_HAL_Driver/Src/stm32f1xx_hal_flash_ex.o
LOAD ./Drivers/STM32F1xx_HAL_Driver/Src/stm32f1xx_hal_gpio.o
LOAD ./Drivers/STM32F1xx_HAL_Driver/Src/stm32f1xx_hal_gpio_ex.o
LOAD ./Drivers/STM32F1xx_HAL_Driver/Src/stm32f1xx_hal_pwr.o
LOAD ./Drivers/STM32F1xx_HAL_Driver/Src/stm32f1xx_hal_rcc.o
LOAD ./Drivers/STM32F1xx_HAL_Driver/Src/stm32f1xx_hal_rcc_ex.o
LOAD ./Drivers/STM32F1xx_HAL_Driver/Src/stm32f1xx_hal_uart.o
START GROUP
LOAD C:/ST/STM32CubeIDE_1.16.0/STM32CubeIDE/plugins/com.st.stm32cube.ide.mcu.externaltools.gnu-tools-for-stm32.14.3.rel1.win32_1.0.100.202602081740/tools/bin/../lib/gcc/arm-none-eabi/14.3.1/../../../../arm-none-eabi/lib/thumb/v7-m/nofp\libc_nano.a
LOAD C:/ST/STM32CubeIDE_1.16.0/STM32CubeIDE/plugins/com.st.stm32cube.ide.mcu.externaltools.gnu-tools-for-stm32.14.3.rel1.win32_1.0.100.202602081740/tools/bin/../lib/gcc/arm-none-eabi/14.3.1/../../../../arm-none-eabi/lib/thumb/v7-m/nofp\libm.a
END GROUP
START GROUP
LOAD C:/ST/STM32CubeIDE_1.16.0/STM32CubeIDE/plugins/com.st.stm32cube.ide.mcu.externaltools.gnu-tools-for-stm32.14.3.rel1.win32_1.0.100.202602081740/tools/bin/../lib/gcc/arm-none-eabi/14.3.1/thumb/v7-m/nofp\libgcc.a
LOAD C:/ST/STM32CubeIDE_1.16.0/STM32CubeIDE/plugins/com.st.stm32cube.ide.mcu.externaltools.gnu-tools-for-stm32.14.3.rel1.win32_1.0.100.202602081740/tools/bin/../lib/gcc/arm-none-eabi/14.3.1/../../../../arm-none-eabi/lib/thumb/v7-m/nofp\libc_nano.a
END GROUP
START GROUP
LOAD C:/ST/STM32CubeIDE_1.16.0/STM32CubeIDE/plugins/com.st.stm32cube.ide.mcu.externaltools.gnu-tools-for-stm32.14.3.rel1.win32_1.0.100.202602081740/tools/bin/../lib/gcc/arm-none-eabi/14.3.1/thumb/v7-m/nofp\libgcc.a
LOAD C:/ST/STM32CubeIDE_1.16.0/STM32CubeIDE/plugins/com.st.stm32cube.ide.mcu.externaltools.gnu-tools-for-stm32.14.3.rel1.win32_1.0.100.202602081740/tools/bin/../lib/gcc/arm-none-eabi/14.3.1/../../../../arm-none-eabi/lib/thumb/v7-m/nofp\libc_nano.a
LOAD C:/ST/STM32CubeIDE_1.16.0/STM32CubeIDE/plugins/com.st.stm32cube.ide.mcu.externaltools.gnu-tools-for-stm32.14.3.rel1.win32_1.0.100.202602081740/tools/bin/../lib/gcc/arm-none-eabi/14.3.1/../../../../arm-none-eabi/lib/thumb/v7-m/nofp\libnosys.a
END GROUP
START GROUP
LOAD C:/ST/STM32CubeIDE_1.16.0/STM32CubeIDE/plugins/com.st.stm32cube.ide.mcu.externaltools.gnu-tools-for-stm32.14.3.rel1.win32_1.0.100.202602081740/tools/bin/../lib/gcc/arm-none-eabi/14.3.1/thumb/v7-m/nofp\libgcc.a
LOAD C:/ST/STM32CubeIDE_1.16.0/STM32CubeIDE/plugins/com.st.stm32cube.ide.mcu.externaltools.gnu-tools-for-stm32.14.3.rel1.win32_1.0.100.202602081740/tools/bin/../lib/gcc/arm-none-eabi/14.3.1/../../../../arm-none-eabi/lib/thumb/v7-m/nofp\libc_nano.a
LOAD C:/ST/STM32CubeIDE_1.16.0/STM32CubeIDE/plugins/com.st.stm32cube.ide.mcu.externaltools.gnu-tools-for-stm32.14.3.rel1.win32_1.0.100.202602081740/tools/bin/../lib/gcc/arm-none-eabi/14.3.1/../../../../arm-none-eabi/lib/thumb/v7-m/nofp\libnosys.a
END GROUP
LOAD C:/ST/STM32CubeIDE_1.16.0/STM32CubeIDE/plugins/com.st.stm32cube.ide.mcu.externaltools.gnu-tools-for-stm32.14.3.rel1.win32_1.0.100.202602081740/tools/bin/../lib/gcc/arm-none-eabi/14.3.1/thumb/v7-m/nofp/crtend.o
LOAD C:/ST/STM32CubeIDE_1.16.0/STM32CubeIDE/plugins/com.st.stm32cube.ide.mcu.externaltools.gnu-tools-for-stm32.14.3.rel1.win32_1.0.100.202602081740/tools/bin/../lib/gcc/arm-none-eabi/14.3.1/thumb/v7-m/nofp/crtn.o
                0x20005000                        _estack = (ORIGIN (RAM) + LENGTH (RAM))
                0x00000200                        _Min_Heap_Size = 0x200
                0x00001000                        _Min_Stack_Size = 0x1000

.isr_vector     0x08000000      0x10c
                0x08000000                        . = ALIGN (0x4)
 *(.isr_vector)
 .isr_vector    0x08000000      0x10c ./Core/Startup/startup_stm32f103rbtx.o
                0x08000000                g_pfnVectors
                0x0800010c                        . = ALIGN (0x4)

.text           0x0800010c     0x661c
                0x0800010c                        . = ALIGN (0x4)
 *(.text)
 .text          0x0800010c       0x40 C:/ST/STM32CubeIDE_1.16.0/STM32CubeIDE/plugins/com.st.stm32cube.ide.mcu.externaltools.gnu-tools-for-stm32.14.3.rel1.win32_1.0.100.202602081740/tools/bin/../lib/gcc/arm-none-eabi/14.3.1/thumb/v7-m/nofp/crtbegin.o
 .text          0x0800014c       0x14 C:/ST/STM32CubeIDE_1.16.0/STM32CubeIDE/plugins/com.st.stm32cube.ide.mcu.externaltools.gnu-tools-for-stm32.14.3.rel1.win32_1.0.100.202602081740/tools/bin/../lib/gcc/arm-none-eabi/14.3.1/../../../../arm-none-eabi/lib/thumb/v7-m/nofp\libc_nano.a(libc_a-strcmp.o)
                0x0800014c                strcmp
 .text          0x08000160       0x10 C:/ST/STM32CubeIDE_1.16.0/STM32CubeIDE/plugins/com.st.stm32cube.ide.mcu.externaltools.gnu-tools-for-stm32.14.3.rel1.win32_1.0.100.202602081740/tools/bin/../lib/gcc/arm-none-eabi/14.3.1/../../../../arm-none-eabi/lib/thumb/v7-m/nofp\libc_nano.a(libc_a-strlen.o)
                0x08000160                strlen
 .text          0x08000170       0x30 C:/ST/STM32CubeIDE_1.16.0/STM32CubeIDE/plugins/com.st.stm32cube.ide.mcu.externaltools.gnu-tools-for-stm32.14.3.rel1.win32_1.0.100.202602081740/tools/bin/../lib/gcc/arm-none-eabi/14.3.1/thumb/v7-m/nofp\libgcc.a(_aeabi_uldivmod.o)
                0x08000170                __aeabi_uldivmod
 .text          0x080001a0      0x2f4 C:/ST/STM32CubeIDE_1.16.0/STM32CubeIDE/plugins/com.st.stm32cube.ide.mcu.externaltools.gnu-tools-for-stm32.14.3.rel1.win32_1.0.100.202602081740/tools/bin/../lib/gcc/arm-none-eabi/14.3.1/thumb/v7-m/nofp\libgcc.a(_udivmoddi4.o)
                0x080001a0                __udivmoddi4
 .text          0x08000494        0x4 C:/ST/STM32CubeIDE_1.16.0/STM32CubeIDE/plugins/com.st.stm32cube.ide.mcu.externaltools.gnu-tools-for-stm32.14.3.rel1.win32_1.0.100.202602081740/tools/bin/../lib/gcc/arm-none-eabi/14.3.1/thumb/v7-m/nofp\libgcc.a(_dvmd_tls.o)
                0x08000494                __aeabi_idiv0
                0x08000494                __aeabi_ldiv0
 *(.text*)
 .text.cli_cmd_builtin_exit
                0x08000498      0x108 ./Core/Src/OpenLibCLI/cli.o
                0x08000498                cli_cmd_builtin_exit
 .text.cli_cmd_builtin_history
                0x080005a0       0xc0 ./Core/Src/OpenLibCLI/cli.o
                0x080005a0                cli_cmd_builtin_history
 .text.cli_cmd_builtin_help
                0x08000660       0xd8 ./Core/Src/OpenLibCLI/cli.o
                0x08000660                cli_cmd_builtin_help
 .text.cli_cmd_builtin_clear_screen
                0x08000738       0x48 ./Core/Src/OpenLibCLI/cli.o
                0x08000738                cli_cmd_builtin_clear_screen
 .text.cli_start
                0x08000780       0x24 ./Core/Src/OpenLibCLI/cli.o
                0x08000780                cli_start
 .text.cli_session_engine
                0x080007a4      0x27c ./Core/Src/OpenLibCLI/cli.o
                0x080007a4                cli_session_engine
 .text.cli_init
                0x08000a20      0x16c ./Core/Src/OpenLibCLI/cli.o
                0x08000a20                cli_init
 .text.cli_done
                0x08000b8c       0x2a ./Core/Src/OpenLibCLI/cli.o
                0x08000b8c                cli_done
 .text.cli_restart_session
                0x08000bb6       0x82 ./Core/Src/OpenLibCLI/cli.o
                0x08000bb6                cli_restart_session
 .text.cli_set_banner
                0x08000c38       0x28 ./Core/Src/OpenLibCLI/cli.o
                0x08000c38                cli_set_banner
 .text.cli_set_userdata
                0x08000c60       0x22 ./Core/Src/OpenLibCLI/cli.o
                0x08000c60                cli_set_userdata
 .text.cli_set_mode_name
                0x08000c82       0x36 ./Core/Src/OpenLibCLI/cli.o
                0x08000c82                cli_set_mode_name
 .text.cli_set_idle_timeout
                0x08000cb8       0x26 ./Core/Src/OpenLibCLI/cli.o
                0x08000cb8                cli_set_idle_timeout
 .text.cli_check_idle_timeout
                0x08000cde       0xd2 ./Core/Src/OpenLibCLI/cli.o
                0x08000cde                cli_check_idle_timeout
 .text.cli_add_user
                0x08000db0       0x86 ./Core/Src/OpenLibCLI/cli.o
                0x08000db0                cli_add_user
 .text.cli_require_authorization
                0x08000e36       0x24 ./Core/Src/OpenLibCLI/cli.o
                0x08000e36                cli_require_authorization
 *fill*         0x08000e5a        0x2 
 .text.cli_add_command
                0x08000e5c      0x128 ./Core/Src/OpenLibCLI/cli.o
                0x08000e5c                cli_add_command
 .text.cli_set_mode
                0x08000f84       0x4c ./Core/Src/OpenLibCLI/cli.o
                0x08000f84                cli_set_mode
 .text.cli_set_privilege
                0x08000fd0       0x42 ./Core/Src/OpenLibCLI/cli.o
                0x08000fd0                cli_set_privilege
 *fill*         0x08001012        0x2 
 .text.cli_set_enable_secret
                0x08001014       0x38 ./Core/Src/OpenLibCLI/cli.o
                0x08001014                cli_set_enable_secret
 .text.cli_set_exit_root_policy
                0x0800104c       0x24 ./Core/Src/OpenLibCLI/cli.o
                0x0800104c                cli_set_exit_root_policy
 .text.cli_set_quit_policy
                0x08001070       0x24 ./Core/Src/OpenLibCLI/cli.o
                0x08001070                cli_set_quit_policy
 .text.cli_println_p
                0x08001094       0xcc ./Core/Src/OpenLibCLI/cli.o
                0x08001094                cli_println_p
 .text.cli_error_p
                0x08001160       0xe0 ./Core/Src/OpenLibCLI/cli.o
                0x08001160                cli_error_p
 .text.cli_snprintf
                0x08001240       0x30 ./Core/Src/OpenLibCLI/cli.o
                0x08001240                cli_snprintf
 .text.cli_vsnprintf
                0x08001270       0x24 ./Core/Src/OpenLibCLI/cli.o
                0x08001270                cli_vsnprintf
 .text.cli_strlcpy
                0x08001294       0x60 ./Core/Src/OpenLibCLI/cli.o
 .text.cli_case_prefix_match
                0x080012f4       0x88 ./Core/Src/OpenLibCLI/cli.o
 .text.cli_raw_write
                0x0800137c       0x2e ./Core/Src/OpenLibCLI/cli.o
 .text.cli_write_str
                0x080013aa       0x2a ./Core/Src/OpenLibCLI/cli.o
 .text.cli_write_char
                0x080013d4       0x20 ./Core/Src/OpenLibCLI/cli.o
 .text.cli_flush
                0x080013f4       0x24 ./Core/Src/OpenLibCLI/cli.o
 .text.cli_touch_activity_internal
                0x08001418       0x38 ./Core/Src/OpenLibCLI/cli.o
 .text.cli_handle_idle_timeout
                0x08001450       0xa0 ./Core/Src/OpenLibCLI/cli.o
 .text.cli_print_process_stream
                0x080014f0       0x58 ./Core/Src/OpenLibCLI/cli.o
 .text.cli_history_capture_edited_preview
                0x08001548       0x34 ./Core/Src/OpenLibCLI/cli.o
 .text.cli_redraw_line
                0x0800157c       0x78 ./Core/Src/OpenLibCLI/cli.o
 .text.cli_move_cursor_delta
                0x080015f4       0x5c ./Core/Src/OpenLibCLI/cli.o
 .text.cli_move_cursor_end
                0x08001650       0x1e ./Core/Src/OpenLibCLI/cli.o
 .text.cli_move_cursor
                0x0800166e       0x7e ./Core/Src/OpenLibCLI/cli.o
 .text.cli_insert_char
                0x080016ec       0xee ./Core/Src/OpenLibCLI/cli.o
 .text.cli_delete_char
                0x080017da       0xd2 ./Core/Src/OpenLibCLI/cli.o
 .text.cli_backspace
                0x080018ac       0x36 ./Core/Src/OpenLibCLI/cli.o
 .text.cli_kill_line
                0x080018e2       0x7a ./Core/Src/OpenLibCLI/cli.o
 .text.cli_kill_word
                0x0800195c       0x5c ./Core/Src/OpenLibCLI/cli.o
 .text.cli_clear_input
                0x080019b8       0x32 ./Core/Src/OpenLibCLI/cli.o
 .text.cli_show_prompt
                0x080019ea      0x1b2 ./Core/Src/OpenLibCLI/cli.o
 .text.cli_history_add
                0x08001b9c      0x1e0 ./Core/Src/OpenLibCLI/cli.o
 .text.cli_history_index
                0x08001d7c       0x44 ./Core/Src/OpenLibCLI/cli.o
 .text.cli_history_clear_displayed_input
                0x08001dc0       0x8c ./Core/Src/OpenLibCLI/cli.o
 .text.cli_history_navigate
                0x08001e4c      0x138 ./Core/Src/OpenLibCLI/cli.o
 .text.cli_tokenize
                0x08001f84       0xa4 ./Core/Src/OpenLibCLI/cli.o
 .text.cli_print_help_cb
                0x08002028       0xc8 ./Core/Src/OpenLibCLI/cli.o
 .text.cli_foreach_match
                0x080020f0       0xdc ./Core/Src/OpenLibCLI/cli.o
 .text.cli_resolve_one
                0x080021cc      0x128 ./Core/Src/OpenLibCLI/cli.o
 .text.cli_has_any_match
                0x080022f4       0xb6 ./Core/Src/OpenLibCLI/cli.o
 .text.cli_cmd_has_children
                0x080023aa       0x66 ./Core/Src/OpenLibCLI/cli.o
 .text.cli_context_current
                0x08002410       0x2c ./Core/Src/OpenLibCLI/cli.o
 .text.cli_context_set_to_node
                0x0800243c       0x1a ./Core/Src/OpenLibCLI/cli.o
 .text.cli_menu_context_parent
                0x08002456       0xaa ./Core/Src/OpenLibCLI/cli.o
 .text.cli_tab_complete
                0x08002500      0x460 ./Core/Src/OpenLibCLI/cli.o
 .text.cli_show_help
                0x08002960      0x224 ./Core/Src/OpenLibCLI/cli.o
 .text.cli_feed
                0x08002b84      0x470 ./Core/Src/OpenLibCLI/cli.o
 .text.cli_execute_command
                0x08002ff4      0x1d0 ./Core/Src/OpenLibCLI/cli.o
 .text.cli_execute
                0x080031c4      0x114 ./Core/Src/OpenLibCLI/cli.o
 .text.cli_auth_reset_work
                0x080032d8       0x1e ./Core/Src/OpenLibCLI/cli.o
 *fill*         0x080032f6        0x2 
 .text.cli_auth_prompt_username
                0x080032f8       0x30 ./Core/Src/OpenLibCLI/cli.o
 .text.cli_auth_lockout_expired
                0x08003328       0x6a ./Core/Src/OpenLibCLI/cli.o
 .text.cli_state_is_auth_input
                0x08003392       0x4c ./Core/Src/OpenLibCLI/cli.o
 *fill*         0x080033de        0x2 
 .text.cli_auth_verify
                0x080033e0      0x184 ./Core/Src/OpenLibCLI/cli.o
 .text.cli_auth_secret_input
                0x08003564       0x38 ./Core/Src/OpenLibCLI/cli.o
 .text.cli_auth_input_limit
                0x0800359c       0x4c ./Core/Src/OpenLibCLI/cli.o
 .text.cli_auth_submit_line
                0x080035e8      0x114 ./Core/Src/OpenLibCLI/cli.o
 .text.cli_auth_handle
                0x080036fc      0x14c ./Core/Src/OpenLibCLI/cli.o
 .text.cli_reset_input
                0x08003848       0x30 ./Core/Src/OpenLibCLI/cli.o
 .text.cli_submit_line
                0x08003878       0x3e ./Core/Src/OpenLibCLI/cli.o
 *fill*         0x080038b6        0x2 
 .text.cli_auth_backspace
                0x080038b8       0x68 ./Core/Src/OpenLibCLI/cli.o
 .text.cli_auth_clear_input
                0x08003920       0x42 ./Core/Src/OpenLibCLI/cli.o
 .text.cli_auth_insert_char
                0x08003962       0x88 ./Core/Src/OpenLibCLI/cli.o
 .text.cli_process_escape
                0x080039ea       0xbc ./Core/Src/OpenLibCLI/cli.o
 *fill*         0x08003aa6        0x2 
 .text.handle_csi
                0x08003aa8       0xf4 ./Core/Src/OpenLibCLI/cli.o
 .text.parse_i64
                0x08003b9c      0x226 ./Core/Src/OpenLibCLI/utils/cli_args_parse.o
                0x08003b9c                parse_i64
 .text.parse_i32
                0x08003dc2       0x88 ./Core/Src/OpenLibCLI/utils/cli_args_parse.o
                0x08003dc2                parse_i32
 .text.is_dec_digit
                0x08003e4a       0x2c ./Core/Src/OpenLibCLI/utils/cli_args_parse.o
 .text.dec_value
                0x08003e76       0x1a ./Core/Src/OpenLibCLI/utils/cli_args_parse.o
 .text.__NVIC_SystemReset
                0x08003e90       0x2c ./Core/Src/cli_demo_setup.o
 .text.cli_demo_setup
                0x08003ebc      0x15c ./Core/Src/cli_demo_setup.o
                0x08003ebc                cli_demo_setup
 .text.cli_demo_poll
                0x08004018       0x1c ./Core/Src/cli_demo_setup.o
                0x08004018                cli_demo_poll
 .text.cli_demo_shutdown
                0x08004034       0x14 ./Core/Src/cli_demo_setup.o
                0x08004034                cli_demo_shutdown
 .text.cmd_show_version
                0x08004048       0x44 ./Core/Src/cli_demo_setup.o
 .text.cmd_led  0x0800408c       0xac ./Core/Src/cli_demo_setup.o
 .text.cmd_reboot
                0x08004138       0x24 ./Core/Src/cli_demo_setup.o
 .text.cmd_calculator
                0x0800415c       0x38 ./Core/Src/cli_demo_setup.o
 .text.cmd_arithmetic
                0x08004194       0x20 ./Core/Src/cli_demo_setup.o
 .text.cmd_add  0x080041b4       0xac ./Core/Src/cli_demo_setup.o
 .text.cmd_sub  0x08004260       0xac ./Core/Src/cli_demo_setup.o
 .text.cli_register_commands
                0x0800430c      0x1d4 ./Core/Src/cli_demo_setup.o
 .text.stm32_now_sec
                0x080044e0       0x24 ./Core/Src/cli_demo_setup.o
 .text.cli_transport_serial_init
                0x08004504       0x5c ./Core/Src/cli_transport_serial.o
                0x08004504                cli_transport_serial_init
 .text.stm32_serial_available
                0x08004560       0x6c ./Core/Src/cli_transport_serial.o
 .text.stm32_serial_read
                0x080045cc       0x58 ./Core/Src/cli_transport_serial.o
 .text.stm32_serial_write
                0x08004624       0x54 ./Core/Src/cli_transport_serial.o
 .text.stm32_serial_flush
                0x08004678       0x14 ./Core/Src/cli_transport_serial.o
 .text.main     0x0800468c       0x24 ./Core/Src/main.o
                0x0800468c                main
 .text.SystemClock_Config
                0x080046b0       0x76 ./Core/Src/main.o
                0x080046b0                SystemClock_Config
 *fill*         0x08004726        0x2 
 .text.MX_USART2_UART_Init
                0x08004728       0x54 ./Core/Src/main.o
 .text.MX_GPIO_Init
                0x0800477c       0x2c ./Core/Src/main.o
 .text.Error_Handler
                0x080047a8        0xc ./Core/Src/main.o
                0x080047a8                Error_Handler
 .text.HAL_MspInit
                0x080047b4       0x64 ./Core/Src/stm32f1xx_hal_msp.o
                0x080047b4                HAL_MspInit
 .text.HAL_UART_MspInit
                0x08004818       0x94 ./Core/Src/stm32f1xx_hal_msp.o
                0x08004818                HAL_UART_MspInit
 .text.NMI_Handler
                0x080048ac        0x8 ./Core/Src/stm32f1xx_it.o
                0x080048ac                NMI_Handler
 .text.HardFault_Handler
                0x080048b4        0x8 ./Core/Src/stm32f1xx_it.o
                0x080048b4                HardFault_Handler
 .text.MemManage_Handler
                0x080048bc        0x8 ./Core/Src/stm32f1xx_it.o
                0x080048bc                MemManage_Handler
 .text.BusFault_Handler
                0x080048c4        0x8 ./Core/Src/stm32f1xx_it.o
                0x080048c4                BusFault_Handler
 .text.UsageFault_Handler
                0x080048cc        0x8 ./Core/Src/stm32f1xx_it.o
                0x080048cc                UsageFault_Handler
 .text.SVC_Handler
                0x080048d4        0xc ./Core/Src/stm32f1xx_it.o
                0x080048d4                SVC_Handler
 .text.DebugMon_Handler
                0x080048e0        0xc ./Core/Src/stm32f1xx_it.o
                0x080048e0                DebugMon_Handler
 .text.PendSV_Handler
                0x080048ec        0xc ./Core/Src/stm32f1xx_it.o
                0x080048ec                PendSV_Handler
 .text.SysTick_Handler
                0x080048f8        0xc ./Core/Src/stm32f1xx_it.o
                0x080048f8                SysTick_Handler
 .text._sbrk    0x08004904       0x6c ./Core/Src/sysmem.o
                0x08004904                _sbrk
 .text.SystemInit
                0x08004970        0xc ./Core/Src/system_stm32f1xx.o
                0x08004970                SystemInit
 .text.Reset_Handler
                0x0800497c       0x48 ./Core/Startup/startup_stm32f103rbtx.o
                0x0800497c                Reset_Handler
 .text.Default_Handler
                0x080049c4        0x2 ./Core/Startup/startup_stm32f103rbtx.o
                0x080049c4                RTC_Alarm_IRQHandler
                0x080049c4                EXTI2_IRQHandler
                0x080049c4                TIM1_CC_IRQHandler
                0x080049c4                PVD_IRQHandler
                0x080049c4                EXTI3_IRQHandler
                0x080049c4                EXTI0_IRQHandler
                0x080049c4                I2C2_EV_IRQHandler
                0x080049c4                ADC1_2_IRQHandler
                0x080049c4                SPI1_IRQHandler
                0x080049c4                TAMPER_IRQHandler
                0x080049c4                DMA1_Channel4_IRQHandler
                0x080049c4                USART3_IRQHandler
                0x080049c4                RTC_IRQHandler
                0x080049c4                DMA1_Channel7_IRQHandler
                0x080049c4                CAN1_RX1_IRQHandler
                0x080049c4                TIM4_IRQHandler
                0x080049c4                I2C1_EV_IRQHandler
                0x080049c4                DMA1_Channel6_IRQHandler
                0x080049c4                TIM3_IRQHandler
                0x080049c4                RCC_IRQHandler
                0x080049c4                TIM1_TRG_COM_IRQHandler
                0x080049c4                DMA1_Channel1_IRQHandler
                0x080049c4                Default_Handler
                0x080049c4                EXTI15_10_IRQHandler
                0x080049c4                EXTI9_5_IRQHandler
                0x080049c4                SPI2_IRQHandler
                0x080049c4                DMA1_Channel5_IRQHandler
                0x080049c4                EXTI4_IRQHandler
                0x080049c4                USB_LP_CAN1_RX0_IRQHandler
                0x080049c4                USB_HP_CAN1_TX_IRQHandler
                0x080049c4                DMA1_Channel3_IRQHandler
                0x080049c4                TIM1_UP_IRQHandler
                0x080049c4                WWDG_IRQHandler
                0x080049c4                TIM2_IRQHandler
                0x080049c4                TIM1_BRK_IRQHandler
                0x080049c4                EXTI1_IRQHandler
                0x080049c4                USART2_IRQHandler
                0x080049c4                I2C2_ER_IRQHandler
                0x080049c4                DMA1_Channel2_IRQHandler
                0x080049c4                CAN1_SCE_IRQHandler
                0x080049c4                FLASH_IRQHandler
                0x080049c4                USART1_IRQHandler
                0x080049c4                I2C1_ER_IRQHandler
                0x080049c4                USBWakeUp_IRQHandler
 *fill*         0x080049c6        0x2 
 .text.HAL_Init
                0x080049c8       0x2c ./Drivers/STM32F1xx_HAL_Driver/Src/stm32f1xx_hal.o
                0x080049c8                HAL_Init
 .text.HAL_InitTick
                0x080049f4       0x60 ./Drivers/STM32F1xx_HAL_Driver/Src/stm32f1xx_hal.o
                0x080049f4                HAL_InitTick
 .text.HAL_IncTick
                0x08004a54       0x24 ./Drivers/STM32F1xx_HAL_Driver/Src/stm32f1xx_hal.o
                0x08004a54                HAL_IncTick
 .text.HAL_GetTick
                0x08004a78       0x14 ./Drivers/STM32F1xx_HAL_Driver/Src/stm32f1xx_hal.o
                0x08004a78                HAL_GetTick
 .text.HAL_Delay
                0x08004a8c       0x48 ./Drivers/STM32F1xx_HAL_Driver/Src/stm32f1xx_hal.o
                0x08004a8c                HAL_Delay
 .text.__NVIC_SetPriorityGrouping
                0x08004ad4       0x48 ./Drivers/STM32F1xx_HAL_Driver/Src/stm32f1xx_hal_cortex.o
 .text.__NVIC_GetPriorityGrouping
                0x08004b1c       0x1c ./Drivers/STM32F1xx_HAL_Driver/Src/stm32f1xx_hal_cortex.o
 .text.__NVIC_SetPriority
                0x08004b38       0x54 ./Drivers/STM32F1xx_HAL_Driver/Src/stm32f1xx_hal_cortex.o
 .text.NVIC_EncodePriority
                0x08004b8c       0x64 ./Drivers/STM32F1xx_HAL_Driver/Src/stm32f1xx_hal_cortex.o
 .text.SysTick_Config
                0x08004bf0       0x44 ./Drivers/STM32F1xx_HAL_Driver/Src/stm32f1xx_hal_cortex.o
 .text.HAL_NVIC_SetPriorityGrouping
                0x08004c34       0x16 ./Drivers/STM32F1xx_HAL_Driver/Src/stm32f1xx_hal_cortex.o
                0x08004c34                HAL_NVIC_SetPriorityGrouping
 .text.HAL_NVIC_SetPriority
                0x08004c4a       0x38 ./Drivers/STM32F1xx_HAL_Driver/Src/stm32f1xx_hal_cortex.o
                0x08004c4a                HAL_NVIC_SetPriority
 .text.HAL_SYSTICK_Config
                0x08004c82       0x18 ./Drivers/STM32F1xx_HAL_Driver/Src/stm32f1xx_hal_cortex.o
                0x08004c82                HAL_SYSTICK_Config
 *fill*         0x08004c9a        0x2 
 .text.HAL_GPIO_Init
                0x08004c9c      0x308 ./Drivers/STM32F1xx_HAL_Driver/Src/stm32f1xx_hal_gpio.o
                0x08004c9c                HAL_GPIO_Init
 .text.HAL_GPIO_WritePin
                0x08004fa4       0x30 ./Drivers/STM32F1xx_HAL_Driver/Src/stm32f1xx_hal_gpio.o
                0x08004fa4                HAL_GPIO_WritePin
 .text.HAL_RCC_OscConfig
                0x08004fd4      0x504 ./Drivers/STM32F1xx_HAL_Driver/Src/stm32f1xx_hal_rcc.o
                0x08004fd4                HAL_RCC_OscConfig
 .text.HAL_RCC_ClockConfig
                0x080054d8      0x1d4 ./Drivers/STM32F1xx_HAL_Driver/Src/stm32f1xx_hal_rcc.o
                0x080054d8                HAL_RCC_ClockConfig
 .text.HAL_RCC_GetSysClockFreq
                0x080056ac       0xa8 ./Drivers/STM32F1xx_HAL_Driver/Src/stm32f1xx_hal_rcc.o
                0x080056ac                HAL_RCC_GetSysClockFreq
 .text.HAL_RCC_GetHCLKFreq
                0x08005754       0x14 ./Drivers/STM32F1xx_HAL_Driver/Src/stm32f1xx_hal_rcc.o
                0x08005754                HAL_RCC_GetHCLKFreq
 .text.HAL_RCC_GetPCLK1Freq
                0x08005768       0x28 ./Drivers/STM32F1xx_HAL_Driver/Src/stm32f1xx_hal_rcc.o
                0x08005768                HAL_RCC_GetPCLK1Freq
 .text.HAL_RCC_GetPCLK2Freq
                0x08005790       0x28 ./Drivers/STM32F1xx_HAL_Driver/Src/stm32f1xx_hal_rcc.o
                0x08005790                HAL_RCC_GetPCLK2Freq
 .text.RCC_Delay
                0x080057b8       0x3c ./Drivers/STM32F1xx_HAL_Driver/Src/stm32f1xx_hal_rcc.o
 .text.HAL_UART_Init
                0x080057f4       0xa0 ./Drivers/STM32F1xx_HAL_Driver/Src/stm32f1xx_hal_uart.o
                0x080057f4                HAL_UART_Init
 .text.HAL_UART_Transmit
                0x08005894      0x116 ./Drivers/STM32F1xx_HAL_Driver/Src/stm32f1xx_hal_uart.o
                0x08005894                HAL_UART_Transmit
 .text.HAL_UART_Receive
                0x080059aa      0x12e ./Drivers/STM32F1xx_HAL_Driver/Src/stm32f1xx_hal_uart.o
                0x080059aa                HAL_UART_Receive
 .text.UART_WaitOnFlagUntilTimeout
                0x08005ad8       0xb2 ./Drivers/STM32F1xx_HAL_Driver/Src/stm32f1xx_hal_uart.o
 .text.UART_EndRxTransfer
                0x08005b8a       0xc4 ./Drivers/STM32F1xx_HAL_Driver/Src/stm32f1xx_hal_uart.o
 *fill*         0x08005c4e        0x2 
 .text.UART_SetConfig
                0x08005c50      0x11c ./Drivers/STM32F1xx_HAL_Driver/Src/stm32f1xx_hal_uart.o
 .text._vsnprintf_r
                0x08005d6c       0x5c C:/ST/STM32CubeIDE_1.16.0/STM32CubeIDE/plugins/com.st.stm32cube.ide.mcu.externaltools.gnu-tools-for-stm32.14.3.rel1.win32_1.0.100.202602081740/tools/bin/../lib/gcc/arm-none-eabi/14.3.1/../../../../arm-none-eabi/lib/thumb/v7-m/nofp\libc_nano.a(libc_a-vsnprintf.o)
                0x08005d6c                _vsniprintf_r
                0x08005d6c                _vsnprintf_r
 .text.vsnprintf
                0x08005dc8       0x1c C:/ST/STM32CubeIDE_1.16.0/STM32CubeIDE/plugins/com.st.stm32cube.ide.mcu.externaltools.gnu-tools-for-stm32.14.3.rel1.win32_1.0.100.202602081740/tools/bin/../lib/gcc/arm-none-eabi/14.3.1/../../../../arm-none-eabi/lib/thumb/v7-m/nofp\libc_nano.a(libc_a-vsnprintf.o)
                0x08005dc8                vsniprintf
                0x08005dc8                vsnprintf
 .text.memmove  0x08005de4       0x32 C:/ST/STM32CubeIDE_1.16.0/STM32CubeIDE/plugins/com.st.stm32cube.ide.mcu.externaltools.gnu-tools-for-stm32.14.3.rel1.win32_1.0.100.202602081740/tools/bin/../lib/gcc/arm-none-eabi/14.3.1/../../../../arm-none-eabi/lib/thumb/v7-m/nofp\libc_nano.a(libc_a-memmove.o)
                0x08005de4                memmove
 .text.memset   0x08005e16       0x10 C:/ST/STM32CubeIDE_1.16.0/STM32CubeIDE/plugins/com.st.stm32cube.ide.mcu.externaltools.gnu-tools-for-stm32.14.3.rel1.win32_1.0.100.202602081740/tools/bin/../lib/gcc/arm-none-eabi/14.3.1/../../../../arm-none-eabi/lib/thumb/v7-m/nofp\libc_nano.a(libc_a-memset.o)
                0x08005e16                memset
 *fill*         0x08005e26        0x2 
 .text.__errno  0x08005e28        0xc C:/ST/STM32CubeIDE_1.16.0/STM32CubeIDE/plugins/com.st.stm32cube.ide.mcu.externaltools.gnu-tools-for-stm32.14.3.rel1.win32_1.0.100.202602081740/tools/bin/../lib/gcc/arm-none-eabi/14.3.1/../../../../arm-none-eabi/lib/thumb/v7-m/nofp\libc_nano.a(libc_a-errno.o)
                0x08005e28                __errno
 .text.__libc_init_array
                0x08005e34       0x48 C:/ST/STM32CubeIDE_1.16.0/STM32CubeIDE/plugins/com.st.stm32cube.ide.mcu.externaltools.gnu-tools-for-stm32.14.3.rel1.win32_1.0.100.202602081740/tools/bin/../lib/gcc/arm-none-eabi/14.3.1/../../../../arm-none-eabi/lib/thumb/v7-m/nofp\libc_nano.a(libc_a-init.o)
                0x08005e34                __libc_init_array
 .text.__retarget_lock_acquire_recursive
                0x08005e7c        0x2 C:/ST/STM32CubeIDE_1.16.0/STM32CubeIDE/plugins/com.st.stm32cube.ide.mcu.externaltools.gnu-tools-for-stm32.14.3.rel1.win32_1.0.100.202602081740/tools/bin/../lib/gcc/arm-none-eabi/14.3.1/../../../../arm-none-eabi/lib/thumb/v7-m/nofp\libc_nano.a(libc_a-lock.o)
                0x08005e7c                __retarget_lock_acquire_recursive
 .text.__retarget_lock_release_recursive
                0x08005e7e        0x2 C:/ST/STM32CubeIDE_1.16.0/STM32CubeIDE/plugins/com.st.stm32cube.ide.mcu.externaltools.gnu-tools-for-stm32.14.3.rel1.win32_1.0.100.202602081740/tools/bin/../lib/gcc/arm-none-eabi/14.3.1/../../../../arm-none-eabi/lib/thumb/v7-m/nofp\libc_nano.a(libc_a-lock.o)
                0x08005e7e                __retarget_lock_release_recursive
 .text.memcpy   0x08005e80       0x1c C:/ST/STM32CubeIDE_1.16.0/STM32CubeIDE/plugins/com.st.stm32cube.ide.mcu.externaltools.gnu-tools-for-stm32.14.3.rel1.win32_1.0.100.202602081740/tools/bin/../lib/gcc/arm-none-eabi/14.3.1/../../../../arm-none-eabi/lib/thumb/v7-m/nofp\libc_nano.a(libc_a-memcpy-stub.o)
                0x08005e80                memcpy
 .text._free_r  0x08005e9c       0x90 C:/ST/STM32CubeIDE_1.16.0/STM32CubeIDE/plugins/com.st.stm32cube.ide.mcu.externaltools.gnu-tools-for-stm32.14.3.rel1.win32_1.0.100.202602081740/tools/bin/../lib/gcc/arm-none-eabi/14.3.1/../../../../arm-none-eabi/lib/thumb/v7-m/nofp\libc_nano.a(libc_a-freer.o)
                0x08005e9c                _free_r
 .text.sbrk_aligned
                0x08005f2c       0x44 C:/ST/STM32CubeIDE_1.16.0/STM32CubeIDE/plugins/com.st.stm32cube.ide.mcu.externaltools.gnu-tools-for-stm32.14.3.rel1.win32_1.0.100.202602081740/tools/bin/../lib/gcc/arm-none-eabi/14.3.1/../../../../arm-none-eabi/lib/thumb/v7-m/nofp\libc_nano.a(libc_a-mallocr.o)
 .text._malloc_r
                0x08005f70      0x100 C:/ST/STM32CubeIDE_1.16.0/STM32CubeIDE/plugins/com.st.stm32cube.ide.mcu.externaltools.gnu-tools-for-stm32.14.3.rel1.win32_1.0.100.202602081740/tools/bin/../lib/gcc/arm-none-eabi/14.3.1/../../../../arm-none-eabi/lib/thumb/v7-m/nofp\libc_nano.a(libc_a-mallocr.o)
                0x08005f70                _malloc_r
 .text.__malloc_lock
                0x08006070        0xc C:/ST/STM32CubeIDE_1.16.0/STM32CubeIDE/plugins/com.st.stm32cube.ide.mcu.externaltools.gnu-tools-for-stm32.14.3.rel1.win32_1.0.100.202602081740/tools/bin/../lib/gcc/arm-none-eabi/14.3.1/../../../../arm-none-eabi/lib/thumb/v7-m/nofp\libc_nano.a(libc_a-mlock.o)
                0x08006070                __malloc_lock
 .text.__malloc_unlock
                0x0800607c        0xc C:/ST/STM32CubeIDE_1.16.0/STM32CubeIDE/plugins/com.st.stm32cube.ide.mcu.externaltools.gnu-tools-for-stm32.14.3.rel1.win32_1.0.100.202602081740/tools/bin/../lib/gcc/arm-none-eabi/14.3.1/../../../../arm-none-eabi/lib/thumb/v7-m/nofp\libc_nano.a(libc_a-mlock.o)
                0x0800607c                __malloc_unlock
 .text.__ssputs_r
                0x08006088       0xc0 C:/ST/STM32CubeIDE_1.16.0/STM32CubeIDE/plugins/com.st.stm32cube.ide.mcu.externaltools.gnu-tools-for-stm32.14.3.rel1.win32_1.0.100.202602081740/tools/bin/../lib/gcc/arm-none-eabi/14.3.1/../../../../arm-none-eabi/lib/thumb/v7-m/nofp\libc_nano.a(libc_a-nano-svfprintf.o)
                0x08006088                __ssputs_r
 .text._svfprintf_r
                0x08006148      0x1f0 C:/ST/STM32CubeIDE_1.16.0/STM32CubeIDE/plugins/com.st.stm32cube.ide.mcu.externaltools.gnu-tools-for-stm32.14.3.rel1.win32_1.0.100.202602081740/tools/bin/../lib/gcc/arm-none-eabi/14.3.1/../../../../arm-none-eabi/lib/thumb/v7-m/nofp\libc_nano.a(libc_a-nano-svfprintf.o)
                0x08006148                _svfiprintf_r
                0x08006148                _svfprintf_r
 .text._printf_common
                0x08006338       0xe4 C:/ST/STM32CubeIDE_1.16.0/STM32CubeIDE/plugins/com.st.stm32cube.ide.mcu.externaltools.gnu-tools-for-stm32.14.3.rel1.win32_1.0.100.202602081740/tools/bin/../lib/gcc/arm-none-eabi/14.3.1/../../../../arm-none-eabi/lib/thumb/v7-m/nofp\libc_nano.a(libc_a-nano-vfprintf_i.o)
                0x08006338                _printf_common
 .text._printf_i
                0x0800641c      0x24c C:/ST/STM32CubeIDE_1.16.0/STM32CubeIDE/plugins/com.st.stm32cube.ide.mcu.externaltools.gnu-tools-for-stm32.14.3.rel1.win32_1.0.100.202602081740/tools/bin/../lib/gcc/arm-none-eabi/14.3.1/../../../../arm-none-eabi/lib/thumb/v7-m/nofp\libc_nano.a(libc_a-nano-vfprintf_i.o)
                0x0800641c                _printf_i
 .text._sbrk_r  0x08006668       0x20 C:/ST/STM32CubeIDE_1.16.0/STM32CubeIDE/plugins/com.st.stm32cube.ide.mcu.externaltools.gnu-tools-for-stm32.14.3.rel1.win32_1.0.100.202602081740/tools/bin/../lib/gcc/arm-none-eabi/14.3.1/../../../../arm-none-eabi/lib/thumb/v7-m/nofp\libc_nano.a(libc_a-sbrkr.o)
                0x08006668                _sbrk_r
 .text.memchr   0x08006688       0x1c C:/ST/STM32CubeIDE_1.16.0/STM32CubeIDE/plugins/com.st.stm32cube.ide.mcu.externaltools.gnu-tools-for-stm32.14.3.rel1.win32_1.0.100.202602081740/tools/bin/../lib/gcc/arm-none-eabi/14.3.1/../../../../arm-none-eabi/lib/thumb/v7-m/nofp\libc_nano.a(libc_a-memchr-stub.o)
                0x08006688                memchr
 .text._realloc_r
                0x080066a4       0x5c C:/ST/STM32CubeIDE_1.16.0/STM32CubeIDE/plugins/com.st.stm32cube.ide.mcu.externaltools.gnu-tools-for-stm32.14.3.rel1.win32_1.0.100.202602081740/tools/bin/../lib/gcc/arm-none-eabi/14.3.1/../../../../arm-none-eabi/lib/thumb/v7-m/nofp\libc_nano.a(libc_a-reallocr.o)
                0x080066a4                _realloc_r
 .text._malloc_usable_size_r
                0x08006700       0x10 C:/ST/STM32CubeIDE_1.16.0/STM32CubeIDE/plugins/com.st.stm32cube.ide.mcu.externaltools.gnu-tools-for-stm32.14.3.rel1.win32_1.0.100.202602081740/tools/bin/../lib/gcc/arm-none-eabi/14.3.1/../../../../arm-none-eabi/lib/thumb/v7-m/nofp\libc_nano.a(libc_a-msizer.o)
                0x08006700                _malloc_usable_size_r
 *(.glue_7)
 .glue_7        0x08006710        0x0 linker stubs
 *(.glue_7t)
 .glue_7t       0x08006710        0x0 linker stubs
 *(.eh_frame)
 .eh_frame      0x08006710        0x0 C:/ST/STM32CubeIDE_1.16.0/STM32CubeIDE/plugins/com.st.stm32cube.ide.mcu.externaltools.gnu-tools-for-stm32.14.3.rel1.win32_1.0.100.202602081740/tools/bin/../lib/gcc/arm-none-eabi/14.3.1/thumb/v7-m/nofp/crtbegin.o
 *(.init)
 .init          0x08006710        0x4 C:/ST/STM32CubeIDE_1.16.0/STM32CubeIDE/plugins/com.st.stm32cube.ide.mcu.externaltools.gnu-tools-for-stm32.14.3.rel1.win32_1.0.100.202602081740/tools/bin/../lib/gcc/arm-none-eabi/14.3.1/thumb/v7-m/nofp/crti.o
                0x08006710                _init
 .init          0x08006714        0x8 C:/ST/STM32CubeIDE_1.16.0/STM32CubeIDE/plugins/com.st.stm32cube.ide.mcu.externaltools.gnu-tools-for-stm32.14.3.rel1.win32_1.0.100.202602081740/tools/bin/../lib/gcc/arm-none-eabi/14.3.1/thumb/v7-m/nofp/crtn.o
 *(.fini)
 .fini          0x0800671c        0x4 C:/ST/STM32CubeIDE_1.16.0/STM32CubeIDE/plugins/com.st.stm32cube.ide.mcu.externaltools.gnu-tools-for-stm32.14.3.rel1.win32_1.0.100.202602081740/tools/bin/../lib/gcc/arm-none-eabi/14.3.1/thumb/v7-m/nofp/crti.o
                0x0800671c                _fini
 .fini          0x08006720        0x8 C:/ST/STM32CubeIDE_1.16.0/STM32CubeIDE/plugins/com.st.stm32cube.ide.mcu.externaltools.gnu-tools-for-stm32.14.3.rel1.win32_1.0.100.202602081740/tools/bin/../lib/gcc/arm-none-eabi/14.3.1/thumb/v7-m/nofp/crtn.o
                0x08006728                        . = ALIGN (0x4)
                0x08006728                        _etext = .

.vfp11_veneer   0x08006728        0x0
 .vfp11_veneer  0x08006728        0x0 linker stubs

.v4_bx          0x08006728        0x0
 .v4_bx         0x08006728        0x0 linker stubs

.iplt           0x08006728        0x0
 .iplt          0x08006728        0x0 C:/ST/STM32CubeIDE_1.16.0/STM32CubeIDE/plugins/com.st.stm32cube.ide.mcu.externaltools.gnu-tools-for-stm32.14.3.rel1.win32_1.0.100.202602081740/tools/bin/../lib/gcc/arm-none-eabi/14.3.1/thumb/v7-m/nofp/crtbegin.o

.rodata         0x08006728      0xab0
                0x08006728                        . = ALIGN (0x4)
 *(.rodata)
 .rodata        0x08006728      0x564 ./Core/Src/OpenLibCLI/cli.o
 .rodata        0x08006c8c      0x3eb ./Core/Src/cli_demo_setup.o
 *(.rodata*)
 *fill*         0x08007077        0x1 
 .rodata.AHBPrescTable
                0x08007078       0x10 ./Core/Src/system_stm32f1xx.o
                0x08007078                AHBPrescTable
 .rodata.APBPrescTable
                0x08007088        0x8 ./Core/Src/system_stm32f1xx.o
                0x08007088                APBPrescTable
 .rodata.aPLLMULFactorTable.1
                0x08007090       0x10 ./Drivers/STM32F1xx_HAL_Driver/Src/stm32f1xx_hal_rcc.o
 .rodata.aPredivFactorTable.0
                0x080070a0        0x2 ./Drivers/STM32F1xx_HAL_Driver/Src/stm32f1xx_hal_rcc.o
 .rodata._ctype_
                0x080070a2      0x101 C:/ST/STM32CubeIDE_1.16.0/STM32CubeIDE/plugins/com.st.stm32cube.ide.mcu.externaltools.gnu-tools-for-stm32.14.3.rel1.win32_1.0.100.202602081740/tools/bin/../lib/gcc/arm-none-eabi/14.3.1/../../../../arm-none-eabi/lib/thumb/v7-m/nofp\libc_nano.a(libc_a-ctype_.o)
                0x080070a2                _ctype_
 .rodata._svfprintf_r.str1.1
                0x080071a3       0x33 C:/ST/STM32CubeIDE_1.16.0/STM32CubeIDE/plugins/com.st.stm32cube.ide.mcu.externaltools.gnu-tools-for-stm32.14.3.rel1.win32_1.0.100.202602081740/tools/bin/../lib/gcc/arm-none-eabi/14.3.1/../../../../arm-none-eabi/lib/thumb/v7-m/nofp\libc_nano.a(libc_a-nano-svfprintf.o)
                                 0x11 (size before relaxing)
 .rodata._printf_i.str1.1
                0x080071d6       0x22 C:/ST/STM32CubeIDE_1.16.0/STM32CubeIDE/plugins/com.st.stm32cube.ide.mcu.externaltools.gnu-tools-for-stm32.14.3.rel1.win32_1.0.100.202602081740/tools/bin/../lib/gcc/arm-none-eabi/14.3.1/../../../../arm-none-eabi/lib/thumb/v7-m/nofp\libc_nano.a(libc_a-nano-vfprintf_i.o)
                0x080071f8                        . = ALIGN (0x4)
 *fill*         0x080071d6        0x2 

.ARM.extab      0x080071d8        0x0
                0x080071d8                        . = ALIGN (0x4)
 *(.ARM.extab* .gnu.linkonce.armextab.*)
                0x080071d8                        . = ALIGN (0x4)

.ARM            0x080071d8        0x8
                0x080071d8                        . = ALIGN (0x4)
                0x080071d8                        __exidx_start = .
 *(.ARM.exidx*)
 .ARM.exidx     0x080071d8        0x8 C:/ST/STM32CubeIDE_1.16.0/STM32CubeIDE/plugins/com.st.stm32cube.ide.mcu.externaltools.gnu-tools-for-stm32.14.3.rel1.win32_1.0.100.202602081740/tools/bin/../lib/gcc/arm-none-eabi/14.3.1/../../../../arm-none-eabi/lib/thumb/v7-m/nofp\libc_nano.a(libc_a-strcmp.o)
 .ARM.exidx     0x080071e0        0x0 C:/ST/STM32CubeIDE_1.16.0/STM32CubeIDE/plugins/com.st.stm32cube.ide.mcu.externaltools.gnu-tools-for-stm32.14.3.rel1.win32_1.0.100.202602081740/tools/bin/../lib/gcc/arm-none-eabi/14.3.1/../../../../arm-none-eabi/lib/thumb/v7-m/nofp\libc_nano.a(libc_a-strlen.o)
                                  0x8 (size before relaxing)
 .ARM.exidx     0x080071e0        0x0 C:/ST/STM32CubeIDE_1.16.0/STM32CubeIDE/plugins/com.st.stm32cube.ide.mcu.externaltools.gnu-tools-for-stm32.14.3.rel1.win32_1.0.100.202602081740/tools/bin/../lib/gcc/arm-none-eabi/14.3.1/thumb/v7-m/nofp\libgcc.a(_udivmoddi4.o)
                                  0x8 (size before relaxing)
                0x080071e0                        __exidx_end = .
                0x080071e0                        . = ALIGN (0x4)

.preinit_array  0x080071e0        0x0
                0x080071e0                        . = ALIGN (0x4)
                0x080071e0                        PROVIDE (__preinit_array_start = .)
 *(.preinit_array*)
                0x080071e0                        PROVIDE (__preinit_array_end = .)
                0x080071e0                        . = ALIGN (0x4)

.init_array     0x080071e0        0x4
                0x080071e0                        . = ALIGN (0x4)
                0x080071e0                        PROVIDE (__init_array_start = .)
 *(SORT_BY_NAME(.init_array.*))
 *(.init_array*)
 .init_array    0x080071e0        0x4 C:/ST/STM32CubeIDE_1.16.0/STM32CubeIDE/plugins/com.st.stm32cube.ide.mcu.externaltools.gnu-tools-for-stm32.14.3.rel1.win32_1.0.100.202602081740/tools/bin/../lib/gcc/arm-none-eabi/14.3.1/thumb/v7-m/nofp/crtbegin.o
                0x080071e4                        PROVIDE (__init_array_end = .)
                0x080071e4                        . = ALIGN (0x4)

.fini_array     0x080071e4        0x4
                0x080071e4                        . = ALIGN (0x4)
                [!provide]                        PROVIDE (__fini_array_start = .)
 *(SORT_BY_NAME(.fini_array.*))
 *(.fini_array*)
 .fini_array    0x080071e4        0x4 C:/ST/STM32CubeIDE_1.16.0/STM32CubeIDE/plugins/com.st.stm32cube.ide.mcu.externaltools.gnu-tools-for-stm32.14.3.rel1.win32_1.0.100.202602081740/tools/bin/../lib/gcc/arm-none-eabi/14.3.1/thumb/v7-m/nofp/crtbegin.o
                [!provide]                        PROVIDE (__fini_array_end = .)
                0x080071e8                        . = ALIGN (0x4)
                0x080071e8                        _sidata = LOADADDR (.data)

.rel.dyn        0x080071e8        0x0
 .rel.iplt      0x080071e8        0x0 C:/ST/STM32CubeIDE_1.16.0/STM32CubeIDE/plugins/com.st.stm32cube.ide.mcu.externaltools.gnu-tools-for-stm32.14.3.rel1.win32_1.0.100.202602081740/tools/bin/../lib/gcc/arm-none-eabi/14.3.1/thumb/v7-m/nofp/crtbegin.o

.data           0x20000000       0x5c load address 0x080071e8
                0x20000000                        . = ALIGN (0x4)
                0x20000000                        _sdata = .
 *(.data)
 *(.data*)
 .data.SystemCoreClock
                0x20000000        0x4 ./Core/Src/system_stm32f1xx.o
                0x20000000                SystemCoreClock
 .data.uwTickPrio
                0x20000004        0x4 ./Drivers/STM32F1xx_HAL_Driver/Src/stm32f1xx_hal.o
                0x20000004                uwTickPrio
 .data.uwTickFreq
                0x20000008        0x1 ./Drivers/STM32F1xx_HAL_Driver/Src/stm32f1xx_hal.o
                0x20000008                uwTickFreq
 *fill*         0x20000009        0x3 
 .data._impure_ptr
                0x2000000c        0x4 C:/ST/STM32CubeIDE_1.16.0/STM32CubeIDE/plugins/com.st.stm32cube.ide.mcu.externaltools.gnu-tools-for-stm32.14.3.rel1.win32_1.0.100.202602081740/tools/bin/../lib/gcc/arm-none-eabi/14.3.1/../../../../arm-none-eabi/lib/thumb/v7-m/nofp\libc_nano.a(libc_a-impure.o)
                0x2000000c                _impure_ptr
 .data._impure_data
                0x20000010       0x4c C:/ST/STM32CubeIDE_1.16.0/STM32CubeIDE/plugins/com.st.stm32cube.ide.mcu.externaltools.gnu-tools-for-stm32.14.3.rel1.win32_1.0.100.202602081740/tools/bin/../lib/gcc/arm-none-eabi/14.3.1/../../../../arm-none-eabi/lib/thumb/v7-m/nofp\libc_nano.a(libc_a-impure.o)
                0x20000010                _impure_data
 *(.RamFunc)
 *(.RamFunc*)
                0x2000005c                        . = ALIGN (0x4)
                0x2000005c                        _edata = .

.igot.plt       0x2000005c        0x0 load address 0x08007244
 .igot.plt      0x2000005c        0x0 C:/ST/STM32CubeIDE_1.16.0/STM32CubeIDE/plugins/com.st.stm32cube.ide.mcu.externaltools.gnu-tools-for-stm32.14.3.rel1.win32_1.0.100.202602081740/tools/bin/../lib/gcc/arm-none-eabi/14.3.1/thumb/v7-m/nofp/crtbegin.o
                0x2000005c                        . = ALIGN (0x4)

.bss            0x2000005c      0xdd4 load address 0x08007244
                0x2000005c                        _sbss = .
                0x2000005c                        __bss_start__ = _sbss
 *(.bss)
 .bss           0x2000005c       0x1c C:/ST/STM32CubeIDE_1.16.0/STM32CubeIDE/plugins/com.st.stm32cube.ide.mcu.externaltools.gnu-tools-for-stm32.14.3.rel1.win32_1.0.100.202602081740/tools/bin/../lib/gcc/arm-none-eabi/14.3.1/thumb/v7-m/nofp/crtbegin.o
 *(.bss*)
 .bss.s_app     0x20000078        0xc ./Core/Src/cli_demo_setup.o
 .bss.s_cli     0x20000084      0x43c ./Core/Src/cli_demo_setup.o
 .bss.s_cmd_pool
                0x200004c0      0x7d0 ./Core/Src/cli_demo_setup.o
 .bss.s_session_id
                0x20000c90        0x4 ./Core/Src/cli_demo_setup.o
 .bss.s_stm32_pending_byte
                0x20000c94        0x1 ./Core/Src/cli_transport_serial.o
 .bss.s_stm32_pending_valid
                0x20000c95        0x1 ./Core/Src/cli_transport_serial.o
 *fill*         0x20000c96        0x2 
 .bss.huart2    0x20000c98       0x48 ./Core/Src/main.o
                0x20000c98                huart2
 .bss.__sbrk_heap_end
                0x20000ce0        0x4 ./Core/Src/sysmem.o
 .bss.uwTick    0x20000ce4        0x4 ./Drivers/STM32F1xx_HAL_Driver/Src/stm32f1xx_hal.o
                0x20000ce4                uwTick
 .bss.__sf      0x20000ce8      0x138 C:/ST/STM32CubeIDE_1.16.0/STM32CubeIDE/plugins/com.st.stm32cube.ide.mcu.externaltools.gnu-tools-for-stm32.14.3.rel1.win32_1.0.100.202602081740/tools/bin/../lib/gcc/arm-none-eabi/14.3.1/../../../../arm-none-eabi/lib/thumb/v7-m/nofp\libc_nano.a(libc_a-findfp.o)
                0x20000ce8                __sf
 .bss.errno     0x20000e20        0x4 C:/ST/STM32CubeIDE_1.16.0/STM32CubeIDE/plugins/com.st.stm32cube.ide.mcu.externaltools.gnu-tools-for-stm32.14.3.rel1.win32_1.0.100.202602081740/tools/bin/../lib/gcc/arm-none-eabi/14.3.1/../../../../arm-none-eabi/lib/thumb/v7-m/nofp\libc_nano.a(libc_a-reent.o)
                0x20000e20                errno
 .bss.__lock___malloc_recursive_mutex
                0x20000e24        0x1 C:/ST/STM32CubeIDE_1.16.0/STM32CubeIDE/plugins/com.st.stm32cube.ide.mcu.externaltools.gnu-tools-for-stm32.14.3.rel1.win32_1.0.100.202602081740/tools/bin/../lib/gcc/arm-none-eabi/14.3.1/../../../../arm-none-eabi/lib/thumb/v7-m/nofp\libc_nano.a(libc_a-lock.o)
                0x20000e24                __lock___malloc_recursive_mutex
 *fill*         0x20000e25        0x3 
 .bss.__malloc_sbrk_start
                0x20000e28        0x4 C:/ST/STM32CubeIDE_1.16.0/STM32CubeIDE/plugins/com.st.stm32cube.ide.mcu.externaltools.gnu-tools-for-stm32.14.3.rel1.win32_1.0.100.202602081740/tools/bin/../lib/gcc/arm-none-eabi/14.3.1/../../../../arm-none-eabi/lib/thumb/v7-m/nofp\libc_nano.a(libc_a-mallocr.o)
                0x20000e28                __malloc_sbrk_start
 .bss.__malloc_free_list
                0x20000e2c        0x4 C:/ST/STM32CubeIDE_1.16.0/STM32CubeIDE/plugins/com.st.stm32cube.ide.mcu.externaltools.gnu-tools-for-stm32.14.3.rel1.win32_1.0.100.202602081740/tools/bin/../lib/gcc/arm-none-eabi/14.3.1/../../../../arm-none-eabi/lib/thumb/v7-m/nofp\libc_nano.a(libc_a-mallocr.o)
                0x20000e2c                __malloc_free_list
 *(COMMON)
                0x20000e30                        . = ALIGN (0x4)
                0x20000e30                        _ebss = .
                0x20000e30                        __bss_end__ = _ebss

._user_heap_stack
                0x20000e30     0x1200 load address 0x08007244
                0x20000e30                        . = ALIGN (0x8)
                [!provide]                        PROVIDE (end = .)
                0x20000e30                        PROVIDE (_end = .)
                0x20001030                        . = (. + _Min_Heap_Size)
 *fill*         0x20000e30      0x200 
                0x20002030                        . = (. + _Min_Stack_Size)
 *fill*         0x20001030     0x1000 
                0x20002030                        . = ALIGN (0x8)

/DISCARD/
 libc.a(*)
 libm.a(*)
 libgcc.a(*)

.ARM.attributes
                0x00000000       0x29
 *(.ARM.attributes)
 .ARM.attributes
                0x00000000       0x1d C:/ST/STM32CubeIDE_1.16.0/STM32CubeIDE/plugins/com.st.stm32cube.ide.mcu.externaltools.gnu-tools-for-stm32.14.3.rel1.win32_1.0.100.202602081740/tools/bin/../lib/gcc/arm-none-eabi/14.3.1/thumb/v7-m/nofp/crti.o
 .ARM.attributes
                0x0000001d       0x2d C:/ST/STM32CubeIDE_1.16.0/STM32CubeIDE/plugins/com.st.stm32cube.ide.mcu.externaltools.gnu-tools-for-stm32.14.3.rel1.win32_1.0.100.202602081740/tools/bin/../lib/gcc/arm-none-eabi/14.3.1/thumb/v7-m/nofp/crtbegin.o
 .ARM.attributes
                0x0000004a       0x2d ./Core/Src/OpenLibCLI/cli.o
 .ARM.attributes
                0x00000077       0x2d ./Core/Src/OpenLibCLI/utils/cli_args_parse.o
 .ARM.attributes
                0x000000a4       0x2d ./Core/Src/cli_demo_setup.o
 .ARM.attributes
                0x000000d1       0x2d ./Core/Src/cli_transport_serial.o
 .ARM.attributes
                0x000000fe       0x2d ./Core/Src/main.o
 .ARM.attributes
                0x0000012b       0x2d ./Core/Src/stm32f1xx_hal_msp.o
 .ARM.attributes
                0x00000158       0x2d ./Core/Src/stm32f1xx_it.o
 .ARM.attributes
                0x00000185       0x2d ./Core/Src/sysmem.o
 .ARM.attributes
                0x000001b2       0x2d ./Core/Src/system_stm32f1xx.o
 .ARM.attributes
                0x000001df       0x21 ./Core/Startup/startup_stm32f103rbtx.o
 .ARM.attributes
                0x00000200       0x2d ./Drivers/STM32F1xx_HAL_Driver/Src/stm32f1xx_hal.o
 .ARM.attributes
                0x0000022d       0x2d ./Drivers/STM32F1xx_HAL_Driver/Src/stm32f1xx_hal_cortex.o
 .ARM.attributes
                0x0000025a       0x2d ./Drivers/STM32F1xx_HAL_Driver/Src/stm32f1xx_hal_gpio.o
 .ARM.attributes
                0x00000287       0x2d ./Drivers/STM32F1xx_HAL_Driver/Src/stm32f1xx_hal_rcc.o
 .ARM.attributes
                0x000002b4       0x2d ./Drivers/STM32F1xx_HAL_Driver/Src/stm32f1xx_hal_uart.o
 .ARM.attributes
                0x000002e1       0x2d C:/ST/STM32CubeIDE_1.16.0/STM32CubeIDE/plugins/com.st.stm32cube.ide.mcu.externaltools.gnu-tools-for-stm32.14.3.rel1.win32_1.0.100.202602081740/tools/bin/../lib/gcc/arm-none-eabi/14.3.1/../../../../arm-none-eabi/lib/thumb/v7-m/nofp\libc_nano.a(libc_a-ctype_.o)
 .ARM.attributes
                0x0000030e       0x2d C:/ST/STM32CubeIDE_1.16.0/STM32CubeIDE/plugins/com.st.stm32cube.ide.mcu.externaltools.gnu-tools-for-stm32.14.3.rel1.win32_1.0.100.202602081740/tools/bin/../lib/gcc/arm-none-eabi/14.3.1/../../../../arm-none-eabi/lib/thumb/v7-m/nofp\libc_nano.a(libc_a-findfp.o)
 .ARM.attributes
                0x0000033b       0x2d C:/ST/STM32CubeIDE_1.16.0/STM32CubeIDE/plugins/com.st.stm32cube.ide.mcu.externaltools.gnu-tools-for-stm32.14.3.rel1.win32_1.0.100.202602081740/tools/bin/../lib/gcc/arm-none-eabi/14.3.1/../../../../arm-none-eabi/lib/thumb/v7-m/nofp\libc_nano.a(libc_a-vsnprintf.o)
 .ARM.attributes
                0x00000368       0x2d C:/ST/STM32CubeIDE_1.16.0/STM32CubeIDE/plugins/com.st.stm32cube.ide.mcu.externaltools.gnu-tools-for-stm32.14.3.rel1.win32_1.0.100.202602081740/tools/bin/../lib/gcc/arm-none-eabi/14.3.1/../../../../arm-none-eabi/lib/thumb/v7-m/nofp\libc_nano.a(libc_a-memmove.o)
 .ARM.attributes
                0x00000395       0x2d C:/ST/STM32CubeIDE_1.16.0/STM32CubeIDE/plugins/com.st.stm32cube.ide.mcu.externaltools.gnu-tools-for-stm32.14.3.rel1.win32_1.0.100.202602081740/tools/bin/../lib/gcc/arm-none-eabi/14.3.1/../../../../arm-none-eabi/lib/thumb/v7-m/nofp\libc_nano.a(libc_a-memset.o)
 .ARM.attributes
                0x000003c2       0x2d C:/ST/STM32CubeIDE_1.16.0/STM32CubeIDE/plugins/com.st.stm32cube.ide.mcu.externaltools.gnu-tools-for-stm32.14.3.rel1.win32_1.0.100.202602081740/tools/bin/../lib/gcc/arm-none-eabi/14.3.1/../../../../arm-none-eabi/lib/thumb/v7-m/nofp\libc_nano.a(libc_a-reent.o)
 .ARM.attributes
                0x000003ef       0x2d C:/ST/STM32CubeIDE_1.16.0/STM32CubeIDE/plugins/com.st.stm32cube.ide.mcu.externaltools.gnu-tools-for-stm32.14.3.rel1.win32_1.0.100.202602081740/tools/bin/../lib/gcc/arm-none-eabi/14.3.1/../../../../arm-none-eabi/lib/thumb/v7-m/nofp\libc_nano.a(libc_a-impure.o)
 .ARM.attributes
                0x0000041c       0x2d C:/ST/STM32CubeIDE_1.16.0/STM32CubeIDE/plugins/com.st.stm32cube.ide.mcu.externaltools.gnu-tools-for-stm32.14.3.rel1.win32_1.0.100.202602081740/tools/bin/../lib/gcc/arm-none-eabi/14.3.1/../../../../arm-none-eabi/lib/thumb/v7-m/nofp\libc_nano.a(libc_a-errno.o)
 .ARM.attributes
                0x00000449       0x2d C:/ST/STM32CubeIDE_1.16.0/STM32CubeIDE/plugins/com.st.stm32cube.ide.mcu.externaltools.gnu-tools-for-stm32.14.3.rel1.win32_1.0.100.202602081740/tools/bin/../lib/gcc/arm-none-eabi/14.3.1/../../../../arm-none-eabi/lib/thumb/v7-m/nofp\libc_nano.a(libc_a-init.o)
 .ARM.attributes
                0x00000476       0x2d C:/ST/STM32CubeIDE_1.16.0/STM32CubeIDE/plugins/com.st.stm32cube.ide.mcu.externaltools.gnu-tools-for-stm32.14.3.rel1.win32_1.0.100.202602081740/tools/bin/../lib/gcc/arm-none-eabi/14.3.1/../../../../arm-none-eabi/lib/thumb/v7-m/nofp\libc_nano.a(libc_a-lock.o)
 .ARM.attributes
                0x000004a3       0x1b C:/ST/STM32CubeIDE_1.16.0/STM32CubeIDE/plugins/com.st.stm32cube.ide.mcu.externaltools.gnu-tools-for-stm32.14.3.rel1.win32_1.0.100.202602081740/tools/bin/../lib/gcc/arm-none-eabi/14.3.1/../../../../arm-none-eabi/lib/thumb/v7-m/nofp\libc_nano.a(libc_a-strcmp.o)
 .ARM.attributes
                0x000004be       0x2d C:/ST/STM32CubeIDE_1.16.0/STM32CubeIDE/plugins/com.st.stm32cube.ide.mcu.externaltools.gnu-tools-for-stm32.14.3.rel1.win32_1.0.100.202602081740/tools/bin/../lib/gcc/arm-none-eabi/14.3.1/../../../../arm-none-eabi/lib/thumb/v7-m/nofp\libc_nano.a(libc_a-memcpy-stub.o)
 .ARM.attributes
                0x000004eb       0x17 C:/ST/STM32CubeIDE_1.16.0/STM32CubeIDE/plugins/com.st.stm32cube.ide.mcu.externaltools.gnu-tools-for-stm32.14.3.rel1.win32_1.0.100.202602081740/tools/bin/../lib/gcc/arm-none-eabi/14.3.1/../../../../arm-none-eabi/lib/thumb/v7-m/nofp\libc_nano.a(libc_a-strlen.o)
 .ARM.attributes
                0x00000502       0x2d C:/ST/STM32CubeIDE_1.16.0/STM32CubeIDE/plugins/com.st.stm32cube.ide.mcu.externaltools.gnu-tools-for-stm32.14.3.rel1.win32_1.0.100.202602081740/tools/bin/../lib/gcc/arm-none-eabi/14.3.1/../../../../arm-none-eabi/lib/thumb/v7-m/nofp\libc_nano.a(libc_a-freer.o)
 .ARM.attributes
                0x0000052f       0x2d C:/ST/STM32CubeIDE_1.16.0/STM32CubeIDE/plugins/com.st.stm32cube.ide.mcu.externaltools.gnu-tools-for-stm32.14.3.rel1.win32_1.0.100.202602081740/tools/bin/../lib/gcc/arm-none-eabi/14.3.1/../../../../arm-none-eabi/lib/thumb/v7-m/nofp\libc_nano.a(libc_a-mallocr.o)
 .ARM.attributes
                0x0000055c       0x2d C:/ST/STM32CubeIDE_1.16.0/STM32CubeIDE/plugins/com.st.stm32cube.ide.mcu.externaltools.gnu-tools-for-stm32.14.3.rel1.win32_1.0.100.202602081740/tools/bin/../lib/gcc/arm-none-eabi/14.3.1/../../../../arm-none-eabi/lib/thumb/v7-m/nofp\libc_nano.a(libc_a-mlock.o)
 .ARM.attributes
                0x00000589       0x2d C:/ST/STM32CubeIDE_1.16.0/STM32CubeIDE/plugins/com.st.stm32cube.ide.mcu.externaltools.gnu-tools-for-stm32.14.3.rel1.win32_1.0.100.202602081740/tools/bin/../lib/gcc/arm-none-eabi/14.3.1/../../../../arm-none-eabi/lib/thumb/v7-m/nofp\libc_nano.a(libc_a-nano-svfprintf.o)
 .ARM.attributes
                0x000005b6       0x2d C:/ST/STM32CubeIDE_1.16.0/STM32CubeIDE/plugins/com.st.stm32cube.ide.mcu.externaltools.gnu-tools-for-stm32.14.3.rel1.win32_1.0.100.202602081740/tools/bin/../lib/gcc/arm-none-eabi/14.3.1/../../../../arm-none-eabi/lib/thumb/v7-m/nofp\libc_nano.a(libc_a-nano-vfprintf_i.o)
 .ARM.attributes
                0x000005e3       0x2d C:/ST/STM32CubeIDE_1.16.0/STM32CubeIDE/plugins/com.st.stm32cube.ide.mcu.externaltools.gnu-tools-for-stm32.14.3.rel1.win32_1.0.100.202602081740/tools/bin/../lib/gcc/arm-none-eabi/14.3.1/../../../../arm-none-eabi/lib/thumb/v7-m/nofp\libc_nano.a(libc_a-sbrkr.o)
 .ARM.attributes
                0x00000610       0x2d C:/ST/STM32CubeIDE_1.16.0/STM32CubeIDE/plugins/com.st.stm32cube.ide.mcu.externaltools.gnu-tools-for-stm32.14.3.rel1.win32_1.0.100.202602081740/tools/bin/../lib/gcc/arm-none-eabi/14.3.1/../../../../arm-none-eabi/lib/thumb/v7-m/nofp\libc_nano.a(libc_a-memchr-stub.o)
 .ARM.attributes
                0x0000063d       0x2d C:/ST/STM32CubeIDE_1.16.0/STM32CubeIDE/plugins/com.st.stm32cube.ide.mcu.externaltools.gnu-tools-for-stm32.14.3.rel1.win32_1.0.100.202602081740/tools/bin/../lib/gcc/arm-none-eabi/14.3.1/../../../../arm-none-eabi/lib/thumb/v7-m/nofp\libc_nano.a(libc_a-reallocr.o)
 .ARM.attributes
                0x0000066a       0x2d C:/ST/STM32CubeIDE_1.16.0/STM32CubeIDE/plugins/com.st.stm32cube.ide.mcu.externaltools.gnu-tools-for-stm32.14.3.rel1.win32_1.0.100.202602081740/tools/bin/../lib/gcc/arm-none-eabi/14.3.1/../../../../arm-none-eabi/lib/thumb/v7-m/nofp\libc_nano.a(libc_a-msizer.o)
 .ARM.attributes
                0x00000697       0x1d C:/ST/STM32CubeIDE_1.16.0/STM32CubeIDE/plugins/com.st.stm32cube.ide.mcu.externaltools.gnu-tools-for-stm32.14.3.rel1.win32_1.0.100.202602081740/tools/bin/../lib/gcc/arm-none-eabi/14.3.1/thumb/v7-m/nofp\libgcc.a(_aeabi_uldivmod.o)
 .ARM.attributes
                0x000006b4       0x2d C:/ST/STM32CubeIDE_1.16.0/STM32CubeIDE/plugins/com.st.stm32cube.ide.mcu.externaltools.gnu-tools-for-stm32.14.3.rel1.win32_1.0.100.202602081740/tools/bin/../lib/gcc/arm-none-eabi/14.3.1/thumb/v7-m/nofp\libgcc.a(_udivmoddi4.o)
 .ARM.attributes
                0x000006e1       0x1d C:/ST/STM32CubeIDE_1.16.0/STM32CubeIDE/plugins/com.st.stm32cube.ide.mcu.externaltools.gnu-tools-for-stm32.14.3.rel1.win32_1.0.100.202602081740/tools/bin/../lib/gcc/arm-none-eabi/14.3.1/thumb/v7-m/nofp\libgcc.a(_dvmd_tls.o)
 .ARM.attributes
                0x000006fe       0x1d C:/ST/STM32CubeIDE_1.16.0/STM32CubeIDE/plugins/com.st.stm32cube.ide.mcu.externaltools.gnu-tools-for-stm32.14.3.rel1.win32_1.0.100.202602081740/tools/bin/../lib/gcc/arm-none-eabi/14.3.1/thumb/v7-m/nofp/crtn.o
OUTPUT(serial.elf elf32-littlearm)
LOAD linker stubs
LOAD C:/ST/STM32CubeIDE_1.16.0/STM32CubeIDE/plugins/com.st.stm32cube.ide.mcu.externaltools.gnu-tools-for-stm32.14.3.rel1.win32_1.0.100.202602081740/tools/bin/../lib/gcc/arm-none-eabi/14.3.1/../../../../arm-none-eabi/lib/thumb/v7-m/nofp\libc.a
LOAD C:/ST/STM32CubeIDE_1.16.0/STM32CubeIDE/plugins/com.st.stm32cube.ide.mcu.externaltools.gnu-tools-for-stm32.14.3.rel1.win32_1.0.100.202602081740/tools/bin/../lib/gcc/arm-none-eabi/14.3.1/../../../../arm-none-eabi/lib/thumb/v7-m/nofp\libm.a
LOAD C:/ST/STM32CubeIDE_1.16.0/STM32CubeIDE/plugins/com.st.stm32cube.ide.mcu.externaltools.gnu-tools-for-stm32.14.3.rel1.win32_1.0.100.202602081740/tools/bin/../lib/gcc/arm-none-eabi/14.3.1/thumb/v7-m/nofp\libgcc.a

.debug_info     0x00000000     0xcbe7
 .debug_info    0x00000000     0x3558 ./Core/Src/OpenLibCLI/cli.o
 .debug_info    0x00003558     0x1117 ./Core/Src/OpenLibCLI/utils/cli_args_parse.o
 .debug_info    0x0000466f     0x1a01 ./Core/Src/cli_demo_setup.o
 .debug_info    0x00006070      0x882 ./Core/Src/cli_transport_serial.o
 .debug_info    0x000068f2      0x838 ./Core/Src/main.o
 .debug_info    0x0000712a      0x7f8 ./Core/Src/stm32f1xx_hal_msp.o
 .debug_info    0x00007922      0x113 ./Core/Src/stm32f1xx_it.o
 .debug_info    0x00007a35      0x168 ./Core/Src/sysmem.o
 .debug_info    0x00007b9d      0x222 ./Core/Src/system_stm32f1xx.o
 .debug_info    0x00007dbf       0x30 ./Core/Startup/startup_stm32f103rbtx.o
 .debug_info    0x00007def      0x704 ./Drivers/STM32F1xx_HAL_Driver/Src/stm32f1xx_hal.o
 .debug_info    0x000084f3      0xa87 ./Drivers/STM32F1xx_HAL_Driver/Src/stm32f1xx_hal_cortex.o
 .debug_info    0x00008f7a      0x5ab ./Drivers/STM32F1xx_HAL_Driver/Src/stm32f1xx_hal_gpio.o
 .debug_info    0x00009525      0x7d5 ./Drivers/STM32F1xx_HAL_Driver/Src/stm32f1xx_hal_rcc.o
 .debug_info    0x00009cfa     0x2eed ./Drivers/STM32F1xx_HAL_Driver/Src/stm32f1xx_hal_uart.o

.debug_abbrev   0x00000000     0x1d72
 .debug_abbrev  0x00000000      0x324 ./Core/Src/OpenLibCLI/cli.o
 .debug_abbrev  0x00000324      0x1f8 ./Core/Src/OpenLibCLI/utils/cli_args_parse.o
 .debug_abbrev  0x0000051c      0x380 ./Core/Src/cli_demo_setup.o
 .debug_abbrev  0x0000089c      0x1f1 ./Core/Src/cli_transport_serial.o
 .debug_abbrev  0x00000a8d      0x23a ./Core/Src/main.o
 .debug_abbrev  0x00000cc7      0x1ab ./Core/Src/stm32f1xx_hal_msp.o
 .debug_abbrev  0x00000e72       0x73 ./Core/Src/stm32f1xx_it.o
 .debug_abbrev  0x00000ee5       0xbc ./Core/Src/sysmem.o
 .debug_abbrev  0x00000fa1      0x13f ./Core/Src/system_stm32f1xx.o
 .debug_abbrev  0x000010e0       0x24 ./Core/Startup/startup_stm32f103rbtx.o
 .debug_abbrev  0x00001104      0x201 ./Drivers/STM32F1xx_HAL_Driver/Src/stm32f1xx_hal.o
 .debug_abbrev  0x00001305      0x2f8 ./Drivers/STM32F1xx_HAL_Driver/Src/stm32f1xx_hal_cortex.o
 .debug_abbrev  0x000015fd      0x1ca ./Drivers/STM32F1xx_HAL_Driver/Src/stm32f1xx_hal_gpio.o
 .debug_abbrev  0x000017c7      0x2b3 ./Drivers/STM32F1xx_HAL_Driver/Src/stm32f1xx_hal_rcc.o
 .debug_abbrev  0x00001a7a      0x2f8 ./Drivers/STM32F1xx_HAL_Driver/Src/stm32f1xx_hal_uart.o

.debug_aranges  0x00000000      0xc20
 .debug_aranges
                0x00000000      0x3f8 ./Core/Src/OpenLibCLI/cli.o
 .debug_aranges
                0x000003f8      0x150 ./Core/Src/OpenLibCLI/utils/cli_args_parse.o
 .debug_aranges
                0x00000548       0x88 ./Core/Src/cli_demo_setup.o
 .debug_aranges
                0x000005d0       0x40 ./Core/Src/cli_transport_serial.o
 .debug_aranges
                0x00000610       0x40 ./Core/Src/main.o
 .debug_aranges
                0x00000650       0x30 ./Core/Src/stm32f1xx_hal_msp.o
 .debug_aranges
                0x00000680       0x60 ./Core/Src/stm32f1xx_it.o
 .debug_aranges
                0x000006e0       0x20 ./Core/Src/sysmem.o
 .debug_aranges
                0x00000700       0x28 ./Core/Src/system_stm32f1xx.o
 .debug_aranges
                0x00000728       0x28 ./Core/Startup/startup_stm32f103rbtx.o
 .debug_aranges
                0x00000750       0xe0 ./Drivers/STM32F1xx_HAL_Driver/Src/stm32f1xx_hal.o
 .debug_aranges
                0x00000830      0x100 ./Drivers/STM32F1xx_HAL_Driver/Src/stm32f1xx_hal_cortex.o
 .debug_aranges
                0x00000930       0x58 ./Drivers/STM32F1xx_HAL_Driver/Src/stm32f1xx_hal_gpio.o
 .debug_aranges
                0x00000988       0x90 ./Drivers/STM32F1xx_HAL_Driver/Src/stm32f1xx_hal_rcc.o
 .debug_aranges
                0x00000a18      0x208 ./Drivers/STM32F1xx_HAL_Driver/Src/stm32f1xx_hal_uart.o

.debug_rnglists
                0x00000000      0x997
 .debug_rnglists
                0x00000000      0x34a ./Core/Src/OpenLibCLI/cli.o
 .debug_rnglists
                0x0000034a      0x123 ./Core/Src/OpenLibCLI/utils/cli_args_parse.o
 .debug_rnglists
                0x0000046d       0x66 ./Core/Src/cli_demo_setup.o
 .debug_rnglists
                0x000004d3       0x2b ./Core/Src/cli_transport_serial.o
 .debug_rnglists
                0x000004fe       0x2b ./Core/Src/main.o
 .debug_rnglists
                0x00000529       0x20 ./Core/Src/stm32f1xx_hal_msp.o
 .debug_rnglists
                0x00000549       0x43 ./Core/Src/stm32f1xx_it.o
 .debug_rnglists
                0x0000058c       0x13 ./Core/Src/sysmem.o
 .debug_rnglists
                0x0000059f       0x1a ./Core/Src/system_stm32f1xx.o
 .debug_rnglists
                0x000005b9       0x19 ./Core/Startup/startup_stm32f103rbtx.o
 .debug_rnglists
                0x000005d2       0xa3 ./Drivers/STM32F1xx_HAL_Driver/Src/stm32f1xx_hal.o
 .debug_rnglists
                0x00000675       0xbb ./Drivers/STM32F1xx_HAL_Driver/Src/stm32f1xx_hal_cortex.o
 .debug_rnglists
                0x00000730       0x3f ./Drivers/STM32F1xx_HAL_Driver/Src/stm32f1xx_hal_gpio.o
 .debug_rnglists
                0x0000076f       0x6c ./Drivers/STM32F1xx_HAL_Driver/Src/stm32f1xx_hal_rcc.o
 .debug_rnglists
                0x000007db      0x1bc ./Drivers/STM32F1xx_HAL_Driver/Src/stm32f1xx_hal_uart.o

.debug_macro    0x00000000    0x186bf
 .debug_macro   0x00000000      0x318 ./Core/Src/OpenLibCLI/cli.o
 .debug_macro   0x00000318      0xacc ./Core/Src/OpenLibCLI/cli.o
 .debug_macro   0x00000de4       0x22 ./Core/Src/OpenLibCLI/cli.o
 .debug_macro   0x00000e06       0x5b ./Core/Src/OpenLibCLI/cli.o
 .debug_macro   0x00000e61       0x24 ./Core/Src/OpenLibCLI/cli.o
 .debug_macro   0x00000e85       0x94 ./Core/Src/OpenLibCLI/cli.o
 .debug_macro   0x00000f19       0x43 ./Core/Src/OpenLibCLI/cli.o
 .debug_macro   0x00000f5c       0x34 ./Core/Src/OpenLibCLI/cli.o
 .debug_macro   0x00000f90       0x57 ./Core/Src/OpenLibCLI/cli.o
 .debug_macro   0x00000fe7      0x190 ./Core/Src/OpenLibCLI/cli.o
 .debug_macro   0x00001177      0x364 ./Core/Src/OpenLibCLI/cli.o
 .debug_macro   0x000014db      0x119 ./Core/Src/OpenLibCLI/cli.o
 .debug_macro   0x000015f4       0x58 ./Core/Src/OpenLibCLI/cli.o
 .debug_macro   0x0000164c      0x103 ./Core/Src/OpenLibCLI/cli.o
 .debug_macro   0x0000174f       0x6a ./Core/Src/OpenLibCLI/cli.o
 .debug_macro   0x000017b9      0x1df ./Core/Src/OpenLibCLI/cli.o
 .debug_macro   0x00001998       0x1c ./Core/Src/OpenLibCLI/cli.o
 .debug_macro   0x000019b4       0x3c ./Core/Src/OpenLibCLI/cli.o
 .debug_macro   0x000019f0       0x16 ./Core/Src/OpenLibCLI/cli.o
 .debug_macro   0x00001a06       0x4a ./Core/Src/OpenLibCLI/cli.o
 .debug_macro   0x00001a50       0x34 ./Core/Src/OpenLibCLI/cli.o
 .debug_macro   0x00001a84       0x10 ./Core/Src/OpenLibCLI/cli.o
 .debug_macro   0x00001a94       0x58 ./Core/Src/OpenLibCLI/cli.o
 .debug_macro   0x00001aec       0x8e ./Core/Src/OpenLibCLI/cli.o
 .debug_macro   0x00001b7a       0x1c ./Core/Src/OpenLibCLI/cli.o
 .debug_macro   0x00001b96      0x17e ./Core/Src/OpenLibCLI/cli.o
 .debug_macro   0x00001d14       0x16 ./Core/Src/OpenLibCLI/cli.o
 .debug_macro   0x00001d2a       0x16 ./Core/Src/OpenLibCLI/cli.o
 .debug_macro   0x00001d40      0x146 ./Core/Src/OpenLibCLI/cli.o
 .debug_macro   0x00001e86       0x16 ./Core/Src/OpenLibCLI/cli.o
 .debug_macro   0x00001e9c       0x16 ./Core/Src/OpenLibCLI/cli.o
 .debug_macro   0x00001eb2       0x29 ./Core/Src/OpenLibCLI/cli.o
 .debug_macro   0x00001edb       0x16 ./Core/Src/OpenLibCLI/cli.o
 .debug_macro   0x00001ef1       0x20 ./Core/Src/OpenLibCLI/cli.o
 .debug_macro   0x00001f11       0x16 ./Core/Src/OpenLibCLI/cli.o
 .debug_macro   0x00001f27       0x10 ./Core/Src/OpenLibCLI/cli.o
 .debug_macro   0x00001f37       0x10 ./Core/Src/OpenLibCLI/cli.o
 .debug_macro   0x00001f47       0x10 ./Core/Src/OpenLibCLI/cli.o
 .debug_macro   0x00001f57       0x1c ./Core/Src/OpenLibCLI/cli.o
 .debug_macro   0x00001f73       0x52 ./Core/Src/OpenLibCLI/cli.o
 .debug_macro   0x00001fc5       0x22 ./Core/Src/OpenLibCLI/cli.o
 .debug_macro   0x00001fe7       0x10 ./Core/Src/OpenLibCLI/cli.o
 .debug_macro   0x00001ff7       0x52 ./Core/Src/OpenLibCLI/cli.o
 .debug_macro   0x00002049       0xc1 ./Core/Src/OpenLibCLI/cli.o
 .debug_macro   0x0000210a       0x1c ./Core/Src/OpenLibCLI/cli.o
 .debug_macro   0x00002126       0x3d ./Core/Src/OpenLibCLI/cli.o
 .debug_macro   0x00002163       0x35 ./Core/Src/OpenLibCLI/cli.o
 .debug_macro   0x00002198      0x1e1 ./Core/Src/OpenLibCLI/cli.o
 .debug_macro   0x00002379       0x22 ./Core/Src/OpenLibCLI/cli.o
 .debug_macro   0x0000239b       0xf1 ./Core/Src/OpenLibCLI/cli.o
 .debug_macro   0x0000248c       0xcf ./Core/Src/OpenLibCLI/cli.o
 .debug_macro   0x0000255b      0x1c0 ./Core/Src/OpenLibCLI/utils/cli_args_parse.o
 .debug_macro   0x0000271b       0x8e ./Core/Src/OpenLibCLI/utils/cli_args_parse.o
 .debug_macro   0x000027a9       0x51 ./Core/Src/OpenLibCLI/utils/cli_args_parse.o
 .debug_macro   0x000027fa       0x22 ./Core/Src/OpenLibCLI/utils/cli_args_parse.o
 .debug_macro   0x0000281c       0x61 ./Core/Src/OpenLibCLI/utils/cli_args_parse.o
 .debug_macro   0x0000287d       0x10 ./Core/Src/OpenLibCLI/utils/cli_args_parse.o
 .debug_macro   0x0000288d      0x242 ./Core/Src/OpenLibCLI/utils/cli_args_parse.o
 .debug_macro   0x00002acf      0x201 ./Core/Src/OpenLibCLI/utils/cli_args_parse.o
 .debug_macro   0x00002cd0       0x7c ./Core/Src/OpenLibCLI/utils/cli_args_parse.o
 .debug_macro   0x00002d4c       0x17 ./Core/Src/OpenLibCLI/utils/cli_args_parse.o
 .debug_macro   0x00002d63      0x118 ./Core/Src/OpenLibCLI/utils/cli_args_parse.o
 .debug_macro   0x00002e7b      0x186 ./Core/Src/OpenLibCLI/utils/cli_args_parse.o
 .debug_macro   0x00003001      0x303 ./Core/Src/cli_demo_setup.o
 .debug_macro   0x00003304       0x10 ./Core/Src/cli_demo_setup.o
 .debug_macro   0x00003314      0x215 ./Core/Src/cli_demo_setup.o
 .debug_macro   0x00003529       0x2e ./Core/Src/cli_demo_setup.o
 .debug_macro   0x00003557       0x22 ./Core/Src/cli_demo_setup.o
 .debug_macro   0x00003579       0x1c ./Core/Src/cli_demo_setup.o
 .debug_macro   0x00003595       0x22 ./Core/Src/cli_demo_setup.o
 .debug_macro   0x000035b7       0xbd ./Core/Src/cli_demo_setup.o
 .debug_macro   0x00003674      0xd23 ./Core/Src/cli_demo_setup.o
 .debug_macro   0x00004397     0xe09e ./Core/Src/cli_demo_setup.o
 .debug_macro   0x00012435       0x6d ./Core/Src/cli_demo_setup.o
 .debug_macro   0x000124a2     0x34a2 ./Core/Src/cli_demo_setup.o
 .debug_macro   0x00015944       0x56 ./Core/Src/cli_demo_setup.o
 .debug_macro   0x0001599a      0x5bc ./Core/Src/cli_demo_setup.o
 .debug_macro   0x00015f56      0x289 ./Core/Src/cli_demo_setup.o
 .debug_macro   0x000161df      0x1cb ./Core/Src/cli_demo_setup.o
 .debug_macro   0x000163aa      0x114 ./Core/Src/cli_demo_setup.o
 .debug_macro   0x000164be      0x1b2 ./Core/Src/cli_demo_setup.o
 .debug_macro   0x00016670       0x27 ./Core/Src/cli_demo_setup.o
 .debug_macro   0x00016697      0x136 ./Core/Src/cli_demo_setup.o
 .debug_macro   0x000167cd      0x1bc ./Core/Src/cli_demo_setup.o
 .debug_macro   0x00016989       0x34 ./Core/Src/cli_demo_setup.o
 .debug_macro   0x000169bd       0x3c ./Core/Src/cli_demo_setup.o
 .debug_macro   0x000169f9       0x57 ./Core/Src/cli_demo_setup.o
 .debug_macro   0x00016a50       0x87 ./Core/Src/cli_demo_setup.o
 .debug_macro   0x00016ad7      0x240 ./Core/Src/cli_demo_setup.o
 .debug_macro   0x00016d17      0x140 ./Core/Src/cli_demo_setup.o
 .debug_macro   0x00016e57      0x28e ./Core/Src/cli_demo_setup.o
 .debug_macro   0x000170e5       0x83 ./Core/Src/cli_demo_setup.o
 .debug_macro   0x00017168       0x34 ./Core/Src/cli_demo_setup.o
 .debug_macro   0x0001719c      0x2a7 ./Core/Src/cli_transport_serial.o
 .debug_macro   0x00017443       0x5c ./Core/Src/cli_transport_serial.o
 .debug_macro   0x0001749f      0x1a2 ./Core/Src/main.o
 .debug_macro   0x00017641      0x198 ./Core/Src/stm32f1xx_hal_msp.o
 .debug_macro   0x000177d9      0x1a2 ./Core/Src/stm32f1xx_it.o
 .debug_macro   0x0001797b      0x112 ./Core/Src/sysmem.o
 .debug_macro   0x00017a8d      0x23c ./Core/Src/sysmem.o
 .debug_macro   0x00017cc9      0x18e ./Core/Src/system_stm32f1xx.o
 .debug_macro   0x00017e57      0x1b2 ./Drivers/STM32F1xx_HAL_Driver/Src/stm32f1xx_hal.o
 .debug_macro   0x00018009      0x18e ./Drivers/STM32F1xx_HAL_Driver/Src/stm32f1xx_hal_cortex.o
 .debug_macro   0x00018197      0x1f9 ./Drivers/STM32F1xx_HAL_Driver/Src/stm32f1xx_hal_gpio.o
 .debug_macro   0x00018390      0x1a0 ./Drivers/STM32F1xx_HAL_Driver/Src/stm32f1xx_hal_rcc.o
 .debug_macro   0x00018530      0x18f ./Drivers/STM32F1xx_HAL_Driver/Src/stm32f1xx_hal_uart.o

.debug_line     0x00000000     0xd094
 .debug_line    0x00000000     0x2eaa ./Core/Src/OpenLibCLI/cli.o
 .debug_line    0x00002eaa     0x16bd ./Core/Src/OpenLibCLI/utils/cli_args_parse.o
 .debug_line    0x00004567      0xc13 ./Core/Src/cli_demo_setup.o
 .debug_line    0x0000517a      0x9df ./Core/Src/cli_transport_serial.o
 .debug_line    0x00005b59      0x7ab ./Core/Src/main.o
 .debug_line    0x00006304      0x727 ./Core/Src/stm32f1xx_hal_msp.o
 .debug_line    0x00006a2b      0x782 ./Core/Src/stm32f1xx_it.o
 .debug_line    0x000071ad      0x592 ./Core/Src/sysmem.o
 .debug_line    0x0000773f      0x752 ./Core/Src/system_stm32f1xx.o
 .debug_line    0x00007e91       0x78 ./Core/Startup/startup_stm32f103rbtx.o
 .debug_line    0x00007f09      0x986 ./Drivers/STM32F1xx_HAL_Driver/Src/stm32f1xx_hal.o
 .debug_line    0x0000888f      0xb4d ./Drivers/STM32F1xx_HAL_Driver/Src/stm32f1xx_hal_cortex.o
 .debug_line    0x000093dc      0x9dd ./Drivers/STM32F1xx_HAL_Driver/Src/stm32f1xx_hal_gpio.o
 .debug_line    0x00009db9      0xe3c ./Drivers/STM32F1xx_HAL_Driver/Src/stm32f1xx_hal_rcc.o
 .debug_line    0x0000abf5     0x249f ./Drivers/STM32F1xx_HAL_Driver/Src/stm32f1xx_hal_uart.o

.debug_str      0x00000000    0x8733e
 .debug_str     0x00000000    0x8733e ./Core/Src/OpenLibCLI/cli.o
                               0xb357 (size before relaxing)
 .debug_str     0x0008733e     0x8ed2 ./Core/Src/OpenLibCLI/utils/cli_args_parse.o
 .debug_str     0x0008733e    0x820e0 ./Core/Src/cli_demo_setup.o
 .debug_str     0x0008733e    0x81106 ./Core/Src/cli_transport_serial.o
 .debug_str     0x0008733e    0x7d006 ./Core/Src/main.o
 .debug_str     0x0008733e    0x7ceb7 ./Core/Src/stm32f1xx_hal_msp.o
 .debug_str     0x0008733e    0x7ca47 ./Core/Src/stm32f1xx_it.o
 .debug_str     0x0008733e     0x76b7 ./Core/Src/sysmem.o
 .debug_str     0x0008733e    0x7ca5d ./Core/Src/system_stm32f1xx.o
 .debug_str     0x0008733e       0x87 ./Core/Startup/startup_stm32f103rbtx.o
 .debug_str     0x0008733e    0x7d190 ./Drivers/STM32F1xx_HAL_Driver/Src/stm32f1xx_hal.o
 .debug_str     0x0008733e    0x7d0dc ./Drivers/STM32F1xx_HAL_Driver/Src/stm32f1xx_hal_cortex.o
 .debug_str     0x0008733e    0x7cde3 ./Drivers/STM32F1xx_HAL_Driver/Src/stm32f1xx_hal_gpio.o
 .debug_str     0x0008733e    0x7ce8c ./Drivers/STM32F1xx_HAL_Driver/Src/stm32f1xx_hal_rcc.o
 .debug_str     0x0008733e    0x7d4fd ./Drivers/STM32F1xx_HAL_Driver/Src/stm32f1xx_hal_uart.o

.comment        0x00000000       0x43
 .comment       0x00000000       0x43 ./Core/Src/OpenLibCLI/cli.o
                                 0x44 (size before relaxing)
 .comment       0x00000043       0x44 ./Core/Src/OpenLibCLI/utils/cli_args_parse.o
 .comment       0x00000043       0x44 ./Core/Src/cli_demo_setup.o
 .comment       0x00000043       0x44 ./Core/Src/cli_transport_serial.o
 .comment       0x00000043       0x44 ./Core/Src/main.o
 .comment       0x00000043       0x44 ./Core/Src/stm32f1xx_hal_msp.o
 .comment       0x00000043       0x44 ./Core/Src/stm32f1xx_it.o
 .comment       0x00000043       0x44 ./Core/Src/sysmem.o
 .comment       0x00000043       0x44 ./Core/Src/system_stm32f1xx.o
 .comment       0x00000043       0x44 ./Drivers/STM32F1xx_HAL_Driver/Src/stm32f1xx_hal.o
 .comment       0x00000043       0x44 ./Drivers/STM32F1xx_HAL_Driver/Src/stm32f1xx_hal_cortex.o
 .comment       0x00000043       0x44 ./Drivers/STM32F1xx_HAL_Driver/Src/stm32f1xx_hal_gpio.o
 .comment       0x00000043       0x44 ./Drivers/STM32F1xx_HAL_Driver/Src/stm32f1xx_hal_rcc.o
 .comment       0x00000043       0x44 ./Drivers/STM32F1xx_HAL_Driver/Src/stm32f1xx_hal_uart.o

.debug_frame    0x00000000     0x3648
 .debug_frame   0x00000000     0x1204 ./Core/Src/OpenLibCLI/cli.o
 .debug_frame   0x00001204      0x5f4 ./Core/Src/OpenLibCLI/utils/cli_args_parse.o
 .debug_frame   0x000017f8      0x1e8 ./Core/Src/cli_demo_setup.o
 .debug_frame   0x000019e0       0xc4 ./Core/Src/cli_transport_serial.o
 .debug_frame   0x00001aa4       0xa8 ./Core/Src/main.o
 .debug_frame   0x00001b4c       0x7c ./Core/Src/stm32f1xx_hal_msp.o
 .debug_frame   0x00001bc8       0xf8 ./Core/Src/stm32f1xx_it.o
 .debug_frame   0x00001cc0       0x34 ./Core/Src/sysmem.o
 .debug_frame   0x00001cf4       0x50 ./Core/Src/system_stm32f1xx.o
 .debug_frame   0x00001d44      0x2e4 ./Drivers/STM32F1xx_HAL_Driver/Src/stm32f1xx_hal.o
 .debug_frame   0x00002028      0x3f0 ./Drivers/STM32F1xx_HAL_Driver/Src/stm32f1xx_hal_cortex.o
 .debug_frame   0x00002418      0x130 ./Drivers/STM32F1xx_HAL_Driver/Src/stm32f1xx_hal_gpio.o
 .debug_frame   0x00002548      0x1f8 ./Drivers/STM32F1xx_HAL_Driver/Src/stm32f1xx_hal_rcc.o
 .debug_frame   0x00002740      0x8dc ./Drivers/STM32F1xx_HAL_Driver/Src/stm32f1xx_hal_uart.o
 .debug_frame   0x0000301c      0x144 C:/ST/STM32CubeIDE_1.16.0/STM32CubeIDE/plugins/com.st.stm32cube.ide.mcu.externaltools.gnu-tools-for-stm32.14.3.rel1.win32_1.0.100.202602081740/tools/bin/../lib/gcc/arm-none-eabi/14.3.1/../../../../arm-none-eabi/lib/thumb/v7-m/nofp\libc_nano.a(libc_a-findfp.o)
 .debug_frame   0x00003160       0x4c C:/ST/STM32CubeIDE_1.16.0/STM32CubeIDE/plugins/com.st.stm32cube.ide.mcu.externaltools.gnu-tools-for-stm32.14.3.rel1.win32_1.0.100.202602081740/tools/bin/../lib/gcc/arm-none-eabi/14.3.1/../../../../arm-none-eabi/lib/thumb/v7-m/nofp\libc_nano.a(libc_a-vsnprintf.o)
 .debug_frame   0x000031ac       0x28 C:/ST/STM32CubeIDE_1.16.0/STM32CubeIDE/plugins/com.st.stm32cube.ide.mcu.externaltools.gnu-tools-for-stm32.14.3.rel1.win32_1.0.100.202602081740/tools/bin/../lib/gcc/arm-none-eabi/14.3.1/../../../../arm-none-eabi/lib/thumb/v7-m/nofp\libc_nano.a(libc_a-memmove.o)
 .debug_frame   0x000031d4       0x20 C:/ST/STM32CubeIDE_1.16.0/STM32CubeIDE/plugins/com.st.stm32cube.ide.mcu.externaltools.gnu-tools-for-stm32.14.3.rel1.win32_1.0.100.202602081740/tools/bin/../lib/gcc/arm-none-eabi/14.3.1/../../../../arm-none-eabi/lib/thumb/v7-m/nofp\libc_nano.a(libc_a-memset.o)
 .debug_frame   0x000031f4       0x38 C:/ST/STM32CubeIDE_1.16.0/STM32CubeIDE/plugins/com.st.stm32cube.ide.mcu.externaltools.gnu-tools-for-stm32.14.3.rel1.win32_1.0.100.202602081740/tools/bin/../lib/gcc/arm-none-eabi/14.3.1/../../../../arm-none-eabi/lib/thumb/v7-m/nofp\libc_nano.a(libc_a-reent.o)
 .debug_frame   0x0000322c       0x20 C:/ST/STM32CubeIDE_1.16.0/STM32CubeIDE/plugins/com.st.stm32cube.ide.mcu.externaltools.gnu-tools-for-stm32.14.3.rel1.win32_1.0.100.202602081740/tools/bin/../lib/gcc/arm-none-eabi/14.3.1/../../../../arm-none-eabi/lib/thumb/v7-m/nofp\libc_nano.a(libc_a-errno.o)
 .debug_frame   0x0000324c       0x2c C:/ST/STM32CubeIDE_1.16.0/STM32CubeIDE/plugins/com.st.stm32cube.ide.mcu.externaltools.gnu-tools-for-stm32.14.3.rel1.win32_1.0.100.202602081740/tools/bin/../lib/gcc/arm-none-eabi/14.3.1/../../../../arm-none-eabi/lib/thumb/v7-m/nofp\libc_nano.a(libc_a-init.o)
 .debug_frame   0x00003278       0xb0 C:/ST/STM32CubeIDE_1.16.0/STM32CubeIDE/plugins/com.st.stm32cube.ide.mcu.externaltools.gnu-tools-for-stm32.14.3.rel1.win32_1.0.100.202602081740/tools/bin/../lib/gcc/arm-none-eabi/14.3.1/../../../../arm-none-eabi/lib/thumb/v7-m/nofp\libc_nano.a(libc_a-lock.o)
 .debug_frame   0x00003328       0x20 C:/ST/STM32CubeIDE_1.16.0/STM32CubeIDE/plugins/com.st.stm32cube.ide.mcu.externaltools.gnu-tools-for-stm32.14.3.rel1.win32_1.0.100.202602081740/tools/bin/../lib/gcc/arm-none-eabi/14.3.1/../../../../arm-none-eabi/lib/thumb/v7-m/nofp\libc_nano.a(libc_a-strcmp.o)
 .debug_frame   0x00003348       0x28 C:/ST/STM32CubeIDE_1.16.0/STM32CubeIDE/plugins/com.st.stm32cube.ide.mcu.externaltools.gnu-tools-for-stm32.14.3.rel1.win32_1.0.100.202602081740/tools/bin/../lib/gcc/arm-none-eabi/14.3.1/../../../../arm-none-eabi/lib/thumb/v7-m/nofp\libc_nano.a(libc_a-memcpy-stub.o)
 .debug_frame   0x00003370       0x20 C:/ST/STM32CubeIDE_1.16.0/STM32CubeIDE/plugins/com.st.stm32cube.ide.mcu.externaltools.gnu-tools-for-stm32.14.3.rel1.win32_1.0.100.202602081740/tools/bin/../lib/gcc/arm-none-eabi/14.3.1/../../../../arm-none-eabi/lib/thumb/v7-m/nofp\libc_nano.a(libc_a-strlen.o)
 .debug_frame   0x00003390       0x38 C:/ST/STM32CubeIDE_1.16.0/STM32CubeIDE/plugins/com.st.stm32cube.ide.mcu.externaltools.gnu-tools-for-stm32.14.3.rel1.win32_1.0.100.202602081740/tools/bin/../lib/gcc/arm-none-eabi/14.3.1/../../../../arm-none-eabi/lib/thumb/v7-m/nofp\libc_nano.a(libc_a-freer.o)
 .debug_frame   0x000033c8       0x50 C:/ST/STM32CubeIDE_1.16.0/STM32CubeIDE/plugins/com.st.stm32cube.ide.mcu.externaltools.gnu-tools-for-stm32.14.3.rel1.win32_1.0.100.202602081740/tools/bin/../lib/gcc/arm-none-eabi/14.3.1/../../../../arm-none-eabi/lib/thumb/v7-m/nofp\libc_nano.a(libc_a-mallocr.o)
 .debug_frame   0x00003418       0x30 C:/ST/STM32CubeIDE_1.16.0/STM32CubeIDE/plugins/com.st.stm32cube.ide.mcu.externaltools.gnu-tools-for-stm32.14.3.rel1.win32_1.0.100.202602081740/tools/bin/../lib/gcc/arm-none-eabi/14.3.1/../../../../arm-none-eabi/lib/thumb/v7-m/nofp\libc_nano.a(libc_a-mlock.o)
 .debug_frame   0x00003448       0x90 C:/ST/STM32CubeIDE_1.16.0/STM32CubeIDE/plugins/com.st.stm32cube.ide.mcu.externaltools.gnu-tools-for-stm32.14.3.rel1.win32_1.0.100.202602081740/tools/bin/../lib/gcc/arm-none-eabi/14.3.1/../../../../arm-none-eabi/lib/thumb/v7-m/nofp\libc_nano.a(libc_a-nano-svfprintf.o)
 .debug_frame   0x000034d8       0x60 C:/ST/STM32CubeIDE_1.16.0/STM32CubeIDE/plugins/com.st.stm32cube.ide.mcu.externaltools.gnu-tools-for-stm32.14.3.rel1.win32_1.0.100.202602081740/tools/bin/../lib/gcc/arm-none-eabi/14.3.1/../../../../arm-none-eabi/lib/thumb/v7-m/nofp\libc_nano.a(libc_a-nano-vfprintf_i.o)
 .debug_frame   0x00003538       0x2c C:/ST/STM32CubeIDE_1.16.0/STM32CubeIDE/plugins/com.st.stm32cube.ide.mcu.externaltools.gnu-tools-for-stm32.14.3.rel1.win32_1.0.100.202602081740/tools/bin/../lib/gcc/arm-none-eabi/14.3.1/../../../../arm-none-eabi/lib/thumb/v7-m/nofp\libc_nano.a(libc_a-sbrkr.o)
 .debug_frame   0x00003564       0x28 C:/ST/STM32CubeIDE_1.16.0/STM32CubeIDE/plugins/com.st.stm32cube.ide.mcu.externaltools.gnu-tools-for-stm32.14.3.rel1.win32_1.0.100.202602081740/tools/bin/../lib/gcc/arm-none-eabi/14.3.1/../../../../arm-none-eabi/lib/thumb/v7-m/nofp\libc_nano.a(libc_a-memchr-stub.o)
 .debug_frame   0x0000358c       0x3c C:/ST/STM32CubeIDE_1.16.0/STM32CubeIDE/plugins/com.st.stm32cube.ide.mcu.externaltools.gnu-tools-for-stm32.14.3.rel1.win32_1.0.100.202602081740/tools/bin/../lib/gcc/arm-none-eabi/14.3.1/../../../../arm-none-eabi/lib/thumb/v7-m/nofp\libc_nano.a(libc_a-reallocr.o)
 .debug_frame   0x000035c8       0x20 C:/ST/STM32CubeIDE_1.16.0/STM32CubeIDE/plugins/com.st.stm32cube.ide.mcu.externaltools.gnu-tools-for-stm32.14.3.rel1.win32_1.0.100.202602081740/tools/bin/../lib/gcc/arm-none-eabi/14.3.1/../../../../arm-none-eabi/lib/thumb/v7-m/nofp\libc_nano.a(libc_a-msizer.o)
 .debug_frame   0x000035e8       0x2c C:/ST/STM32CubeIDE_1.16.0/STM32CubeIDE/plugins/com.st.stm32cube.ide.mcu.externaltools.gnu-tools-for-stm32.14.3.rel1.win32_1.0.100.202602081740/tools/bin/../lib/gcc/arm-none-eabi/14.3.1/thumb/v7-m/nofp\libgcc.a(_aeabi_uldivmod.o)
 .debug_frame   0x00003614       0x34 C:/ST/STM32CubeIDE_1.16.0/STM32CubeIDE/plugins/com.st.stm32cube.ide.mcu.externaltools.gnu-tools-for-stm32.14.3.rel1.win32_1.0.100.202602081740/tools/bin/../lib/gcc/arm-none-eabi/14.3.1/thumb/v7-m/nofp\libgcc.a(_udivmoddi4.o)

.debug_line_str
                0x00000000       0x6b
 .debug_line_str
                0x00000000       0x6b ./Core/Startup/startup_stm32f103rbtx.o
